Archive member included to satisfy reference by file (symbol)

e:/installers/stm32/ide/stm32cubeide_1.11.2/stm32cubeide/plugins/com.st.stm32cube.ide.mcu.externaltools.gnu-tools-for-stm32.10.3-2021.10.win32_1.0.100.202210260954/tools/bin/../lib/gcc/arm-none-eabi/10.3.1/../../../../arm-none-eabi/lib/thumb/v7e-m+fp/hard\libc_nano.a(lib_a-errno.o)
                              ./Core/Src/syscalls.o (__errno)
e:/installers/stm32/ide/stm32cubeide_1.11.2/stm32cubeide/plugins/com.st.stm32cube.ide.mcu.externaltools.gnu-tools-for-stm32.10.3-2021.10.win32_1.0.100.202210260954/tools/bin/../lib/gcc/arm-none-eabi/10.3.1/../../../../arm-none-eabi/lib/thumb/v7e-m+fp/hard\libc_nano.a(lib_a-exit.o)
                              e:/installers/stm32/ide/stm32cubeide_1.11.2/stm32cubeide/plugins/com.st.stm32cube.ide.mcu.externaltools.gnu-tools-for-stm32.10.3-2021.10.win32_1.0.100.202210260954/tools/bin/../lib/gcc/arm-none-eabi/10.3.1/../../../../arm-none-eabi/lib/thumb/v7e-m+fp/hard/crt0.o (exit)
e:/installers/stm32/ide/stm32cubeide_1.11.2/stm32cubeide/plugins/com.st.stm32cube.ide.mcu.externaltools.gnu-tools-for-stm32.10.3-2021.10.win32_1.0.100.202210260954/tools/bin/../lib/gcc/arm-none-eabi/10.3.1/../../../../arm-none-eabi/lib/thumb/v7e-m+fp/hard\libc_nano.a(lib_a-impure.o)
                              e:/installers/stm32/ide/stm32cubeide_1.11.2/stm32cubeide/plugins/com.st.stm32cube.ide.mcu.externaltools.gnu-tools-for-stm32.10.3-2021.10.win32_1.0.100.202210260954/tools/bin/../lib/gcc/arm-none-eabi/10.3.1/../../../../arm-none-eabi/lib/thumb/v7e-m+fp/hard\libc_nano.a(lib_a-exit.o) (_global_impure_ptr)
e:/installers/stm32/ide/stm32cubeide_1.11.2/stm32cubeide/plugins/com.st.stm32cube.ide.mcu.externaltools.gnu-tools-for-stm32.10.3-2021.10.win32_1.0.100.202210260954/tools/bin/../lib/gcc/arm-none-eabi/10.3.1/../../../../arm-none-eabi/lib/thumb/v7e-m+fp/hard\libc_nano.a(lib_a-init.o)
                              e:/installers/stm32/ide/stm32cubeide_1.11.2/stm32cubeide/plugins/com.st.stm32cube.ide.mcu.externaltools.gnu-tools-for-stm32.10.3-2021.10.win32_1.0.100.202210260954/tools/bin/../lib/gcc/arm-none-eabi/10.3.1/../../../../arm-none-eabi/lib/thumb/v7e-m+fp/hard/crt0.o (__libc_init_array)
e:/installers/stm32/ide/stm32cubeide_1.11.2/stm32cubeide/plugins/com.st.stm32cube.ide.mcu.externaltools.gnu-tools-for-stm32.10.3-2021.10.win32_1.0.100.202210260954/tools/bin/../lib/gcc/arm-none-eabi/10.3.1/../../../../arm-none-eabi/lib/thumb/v7e-m+fp/hard\libc_nano.a(lib_a-malloc.o)
                              ./Core/Src/stm32f3xx_it.o (malloc)
e:/installers/stm32/ide/stm32cubeide_1.11.2/stm32cubeide/plugins/com.st.stm32cube.ide.mcu.externaltools.gnu-tools-for-stm32.10.3-2021.10.win32_1.0.100.202210260954/tools/bin/../lib/gcc/arm-none-eabi/10.3.1/../../../../arm-none-eabi/lib/thumb/v7e-m+fp/hard\libc_nano.a(lib_a-memcpy-stub.o)
                              ./Core/Src/stm32f3xx_it.o (memcpy)
e:/installers/stm32/ide/stm32cubeide_1.11.2/stm32cubeide/plugins/com.st.stm32cube.ide.mcu.externaltools.gnu-tools-for-stm32.10.3-2021.10.win32_1.0.100.202210260954/tools/bin/../lib/gcc/arm-none-eabi/10.3.1/../../../../arm-none-eabi/lib/thumb/v7e-m+fp/hard\libc_nano.a(lib_a-memset.o)
                              e:/installers/stm32/ide/stm32cubeide_1.11.2/stm32cubeide/plugins/com.st.stm32cube.ide.mcu.externaltools.gnu-tools-for-stm32.10.3-2021.10.win32_1.0.100.202210260954/tools/bin/../lib/gcc/arm-none-eabi/10.3.1/../../../../arm-none-eabi/lib/thumb/v7e-m+fp/hard/crt0.o (memset)
e:/installers/stm32/ide/stm32cubeide_1.11.2/stm32cubeide/plugins/com.st.stm32cube.ide.mcu.externaltools.gnu-tools-for-stm32.10.3-2021.10.win32_1.0.100.202210260954/tools/bin/../lib/gcc/arm-none-eabi/10.3.1/../../../../arm-none-eabi/lib/thumb/v7e-m+fp/hard\libc_nano.a(lib_a-nano-freer.o)
                              e:/installers/stm32/ide/stm32cubeide_1.11.2/stm32cubeide/plugins/com.st.stm32cube.ide.mcu.externaltools.gnu-tools-for-stm32.10.3-2021.10.win32_1.0.100.202210260954/tools/bin/../lib/gcc/arm-none-eabi/10.3.1/../../../../arm-none-eabi/lib/thumb/v7e-m+fp/hard\libc_nano.a(lib_a-malloc.o) (_free_r)
e:/installers/stm32/ide/stm32cubeide_1.11.2/stm32cubeide/plugins/com.st.stm32cube.ide.mcu.externaltools.gnu-tools-for-stm32.10.3-2021.10.win32_1.0.100.202210260954/tools/bin/../lib/gcc/arm-none-eabi/10.3.1/../../../../arm-none-eabi/lib/thumb/v7e-m+fp/hard\libc_nano.a(lib_a-nano-mallocr.o)
                              e:/installers/stm32/ide/stm32cubeide_1.11.2/stm32cubeide/plugins/com.st.stm32cube.ide.mcu.externaltools.gnu-tools-for-stm32.10.3-2021.10.win32_1.0.100.202210260954/tools/bin/../lib/gcc/arm-none-eabi/10.3.1/../../../../arm-none-eabi/lib/thumb/v7e-m+fp/hard\libc_nano.a(lib_a-malloc.o) (_malloc_r)
[...]
Memory Configuration

Name             Origin             Length             Attributes
CCMRAM           0x0000000010000000 0x0000000000002000 xrw
RAM              0x0000000020000000 0x000000000000a000 xrw
FLASH            0x0000000008000000 0x0000000000040000 xr
*default*        0x0000000000000000 0xffffffffffffffff

Linker script and memory map

LOAD e:/installers/stm32/ide/stm32cubeide_1.11.2/stm32cubeide/plugins/com.st.stm32cube.ide.mcu.externaltools.gnu-tools-for-stm32.10.3-2021.10.win32_1.0.100.202210260954/tools/bin/../lib/gcc/arm-none-eabi/10.3.1/thumb/v7e-m+fp/hard/crti.o
LOAD e:/installers/stm32/ide/stm32cubeide_1.11.2/stm32cubeide/plugins/com.st.stm32cube.ide.mcu.externaltools.gnu-tools-for-stm32.10.3-2021.10.win32_1.0.100.202210260954/tools/bin/../lib/gcc/arm-none-eabi/10.3.1/thumb/v7e-m+fp/hard/crtbegin.o
LOAD e:/installers/stm32/ide/stm32cubeide_1.11.2/stm32cubeide/plugins/com.st.stm32cube.ide.mcu.externaltools.gnu-tools-for-stm32.10.3-2021.10.win32_1.0.100.202210260954/tools/bin/../lib/gcc/arm-none-eabi/10.3.1/../../../../arm-none-eabi/lib/thumb/v7e-m+fp/hard/crt0.o
LOAD ./Core/Src/LiquidCrystal.o
LOAD ./Core/Src/main.o
LOAD ./Core/Src/stm32f3xx_hal_msp.o
LOAD ./Core/Src/stm32f3xx_it.o
LOAD ./Core/Src/syscalls.o
LOAD ./Core/Src/sysmem.o
LOAD ./Core/Src/system_stm32f3xx.o
LOAD ./Core/Startup/startup_stm32f303vctx.o
LOAD ./Drivers/STM32F3xx_HAL_Driver/Src/stm32f3xx_hal.o
LOAD ./Drivers/STM32F3xx_HAL_Driver/Src/stm32f3xx_hal_adc.o
LOAD ./Drivers/STM32F3xx_HAL_Driver/Src/stm32f3xx_hal_adc_ex.o
LOAD ./Drivers/STM32F3xx_HAL_Driver/Src/stm32f3xx_hal_cortex.o
LOAD ./Drivers/STM32F3xx_HAL_Driver/Src/stm32f3xx_hal_dma.o
LOAD ./Drivers/STM32F3xx_HAL_Driver/Src/stm32f3xx_hal_exti.o
LOAD ./Drivers/STM32F3xx_HAL_Driver/Src/stm32f3xx_hal_flash.o
LOAD ./Drivers/STM32F3xx_HAL_Driver/Src/stm32f3xx_hal_flash_ex.o
LOAD ./Drivers/STM32F3xx_HAL_Driver/Src/stm32f3xx_hal_gpio.o
LOAD ./Drivers/STM32F3xx_HAL_Driver/Src/stm32f3xx_hal_i2c.o
LOAD ./Drivers/STM32F3xx_HAL_Driver/Src/stm32f3xx_hal_i2c_ex.o
LOAD ./Drivers/STM32F3xx_HAL_Driver/Src/stm32f3xx_hal_pcd.o
LOAD ./Drivers/STM32F3xx_HAL_Driver/Src/stm32f3xx_hal_pcd_ex.o
LOAD ./Drivers/STM32F3xx_HAL_Driver/Src/stm32f3xx_hal_pwr.o
LOAD ./Drivers/STM32F3xx_HAL_Driver/Src/stm32f3xx_hal_pwr_ex.o
LOAD ./Drivers/STM32F3xx_HAL_Driver/Src/stm32f3xx_hal_rcc.o
LOAD ./Drivers/STM32F3xx_HAL_Driver/Src/stm32f3xx_hal_rcc_ex.o
LOAD ./Drivers/STM32F3xx_HAL_Driver/Src/stm32f3xx_hal_spi.o
LOAD ./Drivers/STM32F3xx_HAL_Driver/Src/stm32f3xx_hal_spi_ex.o
LOAD ./Drivers/STM32F3xx_HAL_Driver/Src/stm32f3xx_hal_tim.o
LOAD ./Drivers/STM32F3xx_HAL_Driver/Src/stm32f3xx_hal_tim_ex.o
LOAD ./Drivers/STM32F3xx_HAL_Driver/Src/stm32f3xx_hal_uart.o
LOAD ./Drivers/STM32F3xx_HAL_Driver/Src/stm32f3xx_hal_uart_ex.o
LOAD ./Drivers/STM32F3xx_HAL_Driver/Src/stm32f3xx_ll_usb.o
START GROUP
LOAD e:/installers/stm32/ide/stm32cubeide_1.11.2/stm32cubeide/plugins/com.st.stm32cube.ide.mcu.externaltools.gnu-tools-for-stm32.10.3-2021.10.win32_1.0.100.202210260954/tools/bin/../lib/gcc/arm-none-eabi/10.3.1/../../../../arm-none-eabi/lib/thumb/v7e-m+fp/hard\libc_nano.a
LOAD e:/installers/stm32/ide/stm32cubeide_1.11.2/stm32cubeide/plugins/com.st.stm32cube.ide.mcu.externaltools.gnu-tools-for-stm32.10.3-2021.10.win32_1.0.100.202210260954/tools/bin/../lib/gcc/arm-none-eabi/10.3.1/../../../../arm-none-eabi/lib/thumb/v7e-m+fp/hard\libm.a
END GROUP
START GROUP
LOAD e:/installers/stm32/ide/stm32cubeide_1.11.2/stm32cubeide/plugins/com.st.stm32cube.ide.mcu.externaltools.gnu-tools-for-stm32.10.3-2021.10.win32_1.0.100.202210260954/tools/bin/../lib/gcc/arm-none-eabi/10.3.1/thumb/v7e-m+fp/hard\libgcc.a
LOAD e:/installers/stm32/ide/stm32cubeide_1.11.2/stm32cubeide/plugins/com.st.stm32cube.ide.mcu.externaltools.gnu-tools-for-stm32.10.3-2021.10.win32_1.0.100.202210260954/tools/bin/../lib/gcc/arm-none-eabi/10.3.1/../../../../arm-none-eabi/lib/thumb/v7e-m+fp/hard\libc_nano.a
END GROUP
START GROUP
LOAD e:/installers/stm32/ide/stm32cubeide_1.11.2/stm32cubeide/plugins/com.st.stm32cube.ide.mcu.externaltools.gnu-tools-for-stm32.10.3-2021.10.win32_1.0.100.202210260954/tools/bin/../lib/gcc/arm-none-eabi/10.3.1/thumb/v7e-m+fp/hard\libgcc.a
LOAD e:/installers/stm32/ide/stm32cubeide_1.11.2/stm32cubeide/plugins/com.st.stm32cube.ide.mcu.externaltools.gnu-tools-for-stm32.10.3-2021.10.win32_1.0.100.202210260954/tools/bin/../lib/gcc/arm-none-eabi/10.3.1/../../../../arm-none-eabi/lib/thumb/v7e-m+fp/hard\libc_nano.a
LOAD e:/installers/stm32/ide/stm32cubeide_1.11.2/stm32cubeide/plugins/com.st.stm32cube.ide.mcu.externaltools.gnu-tools-for-stm32.10.3-2021.10.win32_1.0.100.202210260954/tools/bin/../lib/gcc/arm-none-eabi/10.3.1/../../../../arm-none-eabi/lib/thumb/v7e-m+fp/hard\libnosys.a
END GROUP
START GROUP
LOAD e:/installers/stm32/ide/stm32cubeide_1.11.2/stm32cubeide/plugins/com.st.stm32cube.ide.mcu.externaltools.gnu-tools-for-stm32.10.3-2021.10.win32_1.0.100.202210260954/tools/bin/../lib/gcc/arm-none-eabi/10.3.1/thumb/v7e-m+fp/hard\libgcc.a
LOAD e:/installers/stm32/ide/stm32cubeide_1.11.2/stm32cubeide/plugins/com.st.stm32cube.ide.mcu.externaltools.gnu-tools-for-stm32.10.3-2021.10.win32_1.0.100.202210260954/tools/bin/../lib/gcc/arm-none-eabi/10.3.1/../../../../arm-none-eabi/lib/thumb/v7e-m+fp/hard\libc_nano.a
LOAD e:/installers/stm32/ide/stm32cubeide_1.11.2/stm32cubeide/plugins/com.st.stm32cube.ide.mcu.externaltools.gnu-tools-for-stm32.10.3-2021.10.win32_1.0.100.202210260954/tools/bin/../lib/gcc/arm-none-eabi/10.3.1/../../../../arm-none-eabi/lib/thumb/v7e-m+fp/hard\libnosys.a
END GROUP
LOAD e:/installers/stm32/ide/stm32cubeide_1.11.2/stm32cubeide/plugins/com.st.stm32cube.ide.mcu.externaltools.gnu-tools-for-stm32.10.3-2021.10.win32_1.0.100.202210260954/tools/bin/../lib/gcc/arm-none-eabi/10.3.1/thumb/v7e-m+fp/hard/crtend.o
LOAD e:/installers/stm32/ide/stm32cubeide_1.11.2/stm32cubeide/plugins/com.st.stm32cube.ide.mcu.externaltools.gnu-tools-for-stm32.10.3-2021.10.win32_1.0.100.202210260954/tools/bin/../lib/gcc/arm-none-eabi/10.3.1/thumb/v7e-m+fp/hard/crtn.o
                0x000000002000a000                _estack = (ORIGIN (RAM) + LENGTH (RAM))
                0x0000000000000200                _Min_Heap_Size = 0x200
                0x0000000000000400                _Min_Stack_Size = 0x400

.isr_vector     0x0000000008000000      0x188
                0x0000000008000000                . = ALIGN (0x4)
 *(.isr_vector)
 .isr_vector    0x0000000008000000      0x188 ./Core/Startup/startup_stm32f303vctx.o
                0x0000000008000000                g_pfnVectors
                0x0000000008000188                . = ALIGN (0x4)

.text           0x0000000008000190     0xad88
                0x0000000008000190                . = ALIGN (0x4)
 *(.text)
 .text          0x0000000008000190       0x40 e:/installers/stm32/ide/stm32cubeide_1.11.2/stm32cubeide/plugins/com.st.stm32cube.ide.mcu.externaltools.gnu-tools-for-stm32.10.3-2021.10.win32_1.0.100.202210260954/tools/bin/../lib/gcc/arm-none-eabi/10.3.1/thumb/v7e-m+fp/hard/crtbegin.o
 .text          0x00000000080001d0       0x14 e:/installers/stm32/ide/stm32cubeide_1.11.2/stm32cubeide/plugins/com.st.stm32cube.ide.mcu.externaltools.gnu-tools-for-stm32.10.3-2021.10.win32_1.0.100.202210260954/tools/bin/../lib/gcc/arm-none-eabi/10.3.1/../../../../arm-none-eabi/lib/thumb/v7e-m+fp/hard\libc_nano.a(lib_a-strcmp.o)
                0x00000000080001d0                strcmp
 .text          0x00000000080001e4       0x10 e:/installers/stm32/ide/stm32cubeide_1.11.2/stm32cubeide/plugins/com.st.stm32cube.ide.mcu.externaltools.gnu-tools-for-stm32.10.3-2021.10.win32_1.0.100.202210260954/tools/bin/../lib/gcc/arm-none-eabi/10.3.1/../../../../arm-none-eabi/lib/thumb/v7e-m+fp/hard\libc_nano.a(lib_a-strlen.o)
                0x00000000080001e4                strlen
 *fill*         0x00000000080001f4        0xc 
 .text          0x0000000008000200       0xa0 e:/installers/stm32/ide/stm32cubeide_1.11.2/stm32cubeide/plugins/com.st.stm32cube.ide.mcu.externaltools.gnu-tools-for-stm32.10.3-2021.10.win32_1.0.100.202210260954/tools/bin/../lib/gcc/arm-none-eabi/10.3.1/../../../../arm-none-eabi/lib/thumb/v7e-m+fp/hard\libc_nano.a(lib_a-memchr.o)
                0x0000000008000200                memchr
 *(.text*)
 .text.LiquidCrystal
                0x00000000080002a0       0x94 ./Core/Src/LiquidCrystal.o
                0x00000000080002a0                LiquidCrystal
 .text.init     0x0000000008000334       0x9c ./Core/Src/LiquidCrystal.o
                0x0000000008000334                init
 .text.begin    0x00000000080003d0      0x220 ./Core/Src/LiquidCrystal.o
                0x00000000080003d0                begin
 .text.enableClock
                0x00000000080005f0      0x128 ./Core/Src/LiquidCrystal.o
                0x00000000080005f0                enableClock
 .text.setRowOffsets
                0x0000000008000718       0x40 ./Core/Src/LiquidCrystal.o
                0x0000000008000718                setRowOffsets
 .text.clear    0x0000000008000758       0x14 ./Core/Src/LiquidCrystal.o
                0x0000000008000758                clear
 .text.setCursor
                0x000000000800076c       0x64 ./Core/Src/LiquidCrystal.o
                0x000000000800076c                setCursor
 .text.display  0x00000000080007d0       0x2c ./Core/Src/LiquidCrystal.o
                0x00000000080007d0                display
 .text.print    0x00000000080007fc       0x56 ./Core/Src/LiquidCrystal.o
                0x00000000080007fc                print
 .text.command  0x0000000008000852       0x1c ./Core/Src/LiquidCrystal.o
                0x0000000008000852                command
 .text.write    0x000000000800086e       0x1e ./Core/Src/LiquidCrystal.o
                0x000000000800086e                write
 .text.send     0x000000000800088c       0x7c ./Core/Src/LiquidCrystal.o
                0x000000000800088c                send
 .text.pulseEnable
                0x0000000008000908       0x54 ./Core/Src/LiquidCrystal.o
                0x0000000008000908                pulseEnable
 .text.write4bits
                0x000000000800095c       0x54 ./Core/Src/LiquidCrystal.o
                0x000000000800095c                write4bits
 .text.write8bits
                0x00000000080009b0       0x54 ./Core/Src/LiquidCrystal.o
                0x00000000080009b0                write8bits
 .text.main     0x0000000008000a04       0xb0 ./Core/Src/main.o
                0x0000000008000a04                main
 .text.SystemClock_Config
                0x0000000008000ab4       0xcc ./Core/Src/main.o
                0x0000000008000ab4                SystemClock_Config
 .text.MX_ADC1_Init
                0x0000000008000b80       0xe0 ./Core/Src/main.o
 .text.MX_ADC2_Init
                0x0000000008000c60       0xbc ./Core/Src/main.o
 .text.MX_I2C1_Init
                0x0000000008000d1c       0x80 ./Core/Src/main.o
 .text.MX_SPI1_Init
                0x0000000008000d9c       0x7c ./Core/Src/main.o
 .text.MX_TIM2_Init
                0x0000000008000e18       0xec ./Core/Src/main.o
 .text.MX_TIM3_Init
                0x0000000008000f04       0x9c ./Core/Src/main.o
 .text.MX_USART2_UART_Init
                0x0000000008000fa0       0x60 ./Core/Src/main.o
 .text.MX_USB_PCD_Init
                0x0000000008001000       0x44 ./Core/Src/main.o
 .text.MX_GPIO_Init
                0x0000000008001044      0x1c0 ./Core/Src/main.o
 .text.Error_Handler
                0x0000000008001204        0xa ./Core/Src/main.o
                0x0000000008001204                Error_Handler
 *fill*         0x000000000800120e        0x2 
 .text.HAL_MspInit
                0x0000000008001210       0x48 ./Core/Src/stm32f3xx_hal_msp.o
                0x0000000008001210                HAL_MspInit
 .text.HAL_ADC_MspInit
                0x0000000008001258      0x11c ./Core/Src/stm32f3xx_hal_msp.o
                0x0000000008001258                HAL_ADC_MspInit
 .text.HAL_I2C_MspInit
                0x0000000008001374       0x88 ./Core/Src/stm32f3xx_hal_msp.o
                0x0000000008001374                HAL_I2C_MspInit
 .text.HAL_SPI_MspInit
                0x00000000080013fc       0x84 ./Core/Src/stm32f3xx_hal_msp.o
                0x00000000080013fc                HAL_SPI_MspInit
 .text.HAL_TIM_Base_MspInit
                0x0000000008001480       0x70 ./Core/Src/stm32f3xx_hal_msp.o
                0x0000000008001480                HAL_TIM_Base_MspInit
 .text.HAL_TIM_MspPostInit
                0x00000000080014f0       0x6c ./Core/Src/stm32f3xx_hal_msp.o
                0x00000000080014f0                HAL_TIM_MspPostInit
 .text.HAL_UART_MspInit
                0x000000000800155c       0x94 ./Core/Src/stm32f3xx_hal_msp.o
                0x000000000800155c                HAL_UART_MspInit
 .text.HAL_PCD_MspInit
                0x00000000080015f0       0x88 ./Core/Src/stm32f3xx_hal_msp.o
                0x00000000080015f0                HAL_PCD_MspInit
 .text.createNode
                0x0000000008001678       0x76 ./Core/Src/stm32f3xx_it.o
                0x0000000008001678                createNode
 *fill*         0x00000000080016ee        0x2 
 .text.GenerateMenu
                0x00000000080016f0      0xe6c ./Core/Src/stm32f3xx_it.o
                0x00000000080016f0                GenerateMenu
 .text.createScenario
                0x000000000800255c      0x43c ./Core/Src/stm32f3xx_it.o
                0x000000000800255c                createScenario
 .text.ShowMenu
                0x0000000008002998      0x100 ./Core/Src/stm32f3xx_it.o
                0x0000000008002998                ShowMenu
 .text.ShowInfo
                0x0000000008002a98       0xf0 ./Core/Src/stm32f3xx_it.o
                0x0000000008002a98                ShowInfo
 .text.changeOption
                0x0000000008002b88      0x188 ./Core/Src/stm32f3xx_it.o
                0x0000000008002b88                changeOption
 .text.SetMenu  0x0000000008002d10       0x78 ./Core/Src/stm32f3xx_it.o
                0x0000000008002d10                SetMenu
 .text.messageSetter
                0x0000000008002d88       0xf0 ./Core/Src/stm32f3xx_it.o
                0x0000000008002d88                messageSetter
 .text.setOn    0x0000000008002e78      0x228 ./Core/Src/stm32f3xx_it.o
                0x0000000008002e78                setOn
 .text.setExactOn
                0x00000000080030a0      0x134 ./Core/Src/stm32f3xx_it.o
                0x00000000080030a0                setExactOn
 .text.setThreshold
                0x00000000080031d4       0x98 ./Core/Src/stm32f3xx_it.o
                0x00000000080031d4                setThreshold
 .text.setExcactThreshold
                0x000000000800326c       0x30 ./Core/Src/stm32f3xx_it.o
                0x000000000800326c                setExcactThreshold
 .text.setLigthToggle
                0x000000000800329c       0x64 ./Core/Src/stm32f3xx_it.o
                0x000000000800329c                setLigthToggle
 .text.setExactLight
                0x0000000008003300       0x58 ./Core/Src/stm32f3xx_it.o
                0x0000000008003300                setExactLight
 .text.setScenario
                0x0000000008003358       0xa4 ./Core/Src/stm32f3xx_it.o
                0x0000000008003358                setScenario
 .text.charSelector
                0x00000000080033fc      0x2dc ./Core/Src/stm32f3xx_it.o
                0x00000000080033fc                charSelector
 .text.stateCountsForEachKey
                0x00000000080036d8       0x78 ./Core/Src/stm32f3xx_it.o
                0x00000000080036d8                stateCountsForEachKey
 .text.nextCurrentNode
                0x0000000008003750       0xa8 ./Core/Src/stm32f3xx_it.o
                0x0000000008003750                nextCurrentNode
 .text.keyHandler
                0x00000000080037f8      0x7f0 ./Core/Src/stm32f3xx_it.o
                0x00000000080037f8                keyHandler
 .text.NMI_Handler
                0x0000000008003fe8        0x6 ./Core/Src/stm32f3xx_it.o
                0x0000000008003fe8                NMI_Handler
 .text.HardFault_Handler
                0x0000000008003fee        0x6 ./Core/Src/stm32f3xx_it.o
                0x0000000008003fee                HardFault_Handler
 .text.MemManage_Handler
                0x0000000008003ff4        0x6 ./Core/Src/stm32f3xx_it.o
                0x0000000008003ff4                MemManage_Handler
 .text.BusFault_Handler
                0x0000000008003ffa        0x6 ./Core/Src/stm32f3xx_it.o
                0x0000000008003ffa                BusFault_Handler
 .text.UsageFault_Handler
                0x0000000008004000        0x6 ./Core/Src/stm32f3xx_it.o
                0x0000000008004000                UsageFault_Handler
 .text.SVC_Handler
                0x0000000008004006        0xe ./Core/Src/stm32f3xx_it.o
                0x0000000008004006                SVC_Handler
 .text.DebugMon_Handler
                0x0000000008004014        0xe ./Core/Src/stm32f3xx_it.o
                0x0000000008004014                DebugMon_Handler
 .text.PendSV_Handler
                0x0000000008004022        0xe ./Core/Src/stm32f3xx_it.o
                0x0000000008004022                PendSV_Handler
 .text.SysTick_Handler
                0x0000000008004030        0xc ./Core/Src/stm32f3xx_it.o
                0x0000000008004030                SysTick_Handler
 .text.EXTI0_IRQHandler
                0x000000000800403c      0x15c ./Core/Src/stm32f3xx_it.o
                0x000000000800403c                EXTI0_IRQHandler
 .text.EXTI1_IRQHandler
                0x0000000008004198      0x15c ./Core/Src/stm32f3xx_it.o
                0x0000000008004198                EXTI1_IRQHandler
 .text.EXTI2_TSC_IRQHandler
                0x00000000080042f4      0x15c ./Core/Src/stm32f3xx_it.o
                0x00000000080042f4                EXTI2_TSC_IRQHandler
 .text.EXTI3_IRQHandler
                0x0000000008004450      0x15c ./Core/Src/stm32f3xx_it.o
                0x0000000008004450                EXTI3_IRQHandler
 .text.EXTI4_IRQHandler
                0x00000000080045ac        0xe ./Core/Src/stm32f3xx_it.o
                0x00000000080045ac                EXTI4_IRQHandler
 *fill*         0x00000000080045ba        0x2 
 .text.ADC1_2_IRQHandler
                0x00000000080045bc      0x154 ./Core/Src/stm32f3xx_it.o
                0x00000000080045bc                ADC1_2_IRQHandler
 .text.EXTI9_5_IRQHandler
                0x0000000008004710       0x1c ./Core/Src/stm32f3xx_it.o
                0x0000000008004710                EXTI9_5_IRQHandler
 .text.TIM3_IRQHandler
                0x000000000800472c       0x18 ./Core/Src/stm32f3xx_it.o
                0x000000000800472c                TIM3_IRQHandler
 .text.USART2_IRQHandler
                0x0000000008004744       0x14 ./Core/Src/stm32f3xx_it.o
                0x0000000008004744                USART2_IRQHandler
 .text._sbrk    0x0000000008004758       0x6c ./Core/Src/sysmem.o
                0x0000000008004758                _sbrk
 .text.SystemInit
                0x00000000080047c4       0x24 ./Core/Src/system_stm32f3xx.o
                0x00000000080047c4                SystemInit
 .text.Reset_Handler
                0x00000000080047e8       0x50 ./Core/Startup/startup_stm32f303vctx.o
                0x00000000080047e8                Reset_Handler
 .text.Default_Handler
                0x0000000008004838        0x2 ./Core/Startup/startup_stm32f303vctx.o
                0x0000000008004838                RTC_Alarm_IRQHandler
                0x0000000008004838                TIM8_TRG_COM_IRQHandler
                0x0000000008004838                TIM8_CC_IRQHandler
                0x0000000008004838                TIM1_CC_IRQHandler
                0x0000000008004838                USB_HP_IRQHandler
                0x0000000008004838                PVD_IRQHandler
                0x0000000008004838                TAMP_STAMP_IRQHandler
                0x0000000008004838                USB_HP_CAN_TX_IRQHandler
                0x0000000008004838                I2C2_EV_IRQHandler
                0x0000000008004838                FPU_IRQHandler
                0x0000000008004838                TIM1_UP_TIM16_IRQHandler
                0x0000000008004838                SPI1_IRQHandler
                0x0000000008004838                CAN_SCE_IRQHandler
                0x0000000008004838                TIM6_DAC_IRQHandler
                0x0000000008004838                TIM8_UP_IRQHandler
                0x0000000008004838                DMA2_Channel2_IRQHandler
                0x0000000008004838                DMA1_Channel4_IRQHandler
                0x0000000008004838                USART3_IRQHandler
                0x0000000008004838                DMA1_Channel7_IRQHandler
                0x0000000008004838                UART5_IRQHandler
                0x0000000008004838                ADC3_IRQHandler
                0x0000000008004838                TIM4_IRQHandler
                0x0000000008004838                CAN_RX1_IRQHandler
                0x0000000008004838                DMA2_Channel1_IRQHandler
                0x0000000008004838                I2C1_EV_IRQHandler
                0x0000000008004838                DMA1_Channel6_IRQHandler
                0x0000000008004838                UART4_IRQHandler
                0x0000000008004838                DMA2_Channel4_IRQHandler
                0x0000000008004838                RCC_IRQHandler
                0x0000000008004838                DMA1_Channel1_IRQHandler
                0x0000000008004838                Default_Handler
                0x0000000008004838                USBWakeUp_RMP_IRQHandler
                0x0000000008004838                EXTI15_10_IRQHandler
                0x0000000008004838                TIM7_IRQHandler
                0x0000000008004838                RTC_WKUP_IRQHandler
                0x0000000008004838                SPI2_IRQHandler
                0x0000000008004838                USB_LP_CAN_RX0_IRQHandler
                0x0000000008004838                DMA2_Channel5_IRQHandler
                0x0000000008004838                DMA1_Channel5_IRQHandler
                0x0000000008004838                USB_LP_IRQHandler
                0x0000000008004838                TIM1_TRG_COM_TIM17_IRQHandler
                0x0000000008004838                DMA1_Channel3_IRQHandler
                0x0000000008004838                ADC4_IRQHandler
                0x0000000008004838                WWDG_IRQHandler
                0x0000000008004838                TIM2_IRQHandler
                0x0000000008004838                COMP7_IRQHandler
                0x0000000008004838                COMP1_2_3_IRQHandler
                0x0000000008004838                COMP4_5_6_IRQHandler
                0x0000000008004838                I2C2_ER_IRQHandler
                0x0000000008004838                DMA1_Channel2_IRQHandler
                0x0000000008004838                TIM8_BRK_IRQHandler
                0x0000000008004838                FLASH_IRQHandler
                0x0000000008004838                USART1_IRQHandler
                0x0000000008004838                SPI3_IRQHandler
                0x0000000008004838                I2C1_ER_IRQHandler
                0x0000000008004838                USBWakeUp_IRQHandler
                0x0000000008004838                DMA2_Channel3_IRQHandler
                0x0000000008004838                TIM1_BRK_TIM15_IRQHandler
 *fill*         0x000000000800483a        0x2 
 .text.HAL_Init
                0x000000000800483c       0x2c ./Drivers/STM32F3xx_HAL_Driver/Src/stm32f3xx_hal.o
                0x000000000800483c                HAL_Init
 .text.HAL_InitTick
                0x0000000008004868       0x60 ./Drivers/STM32F3xx_HAL_Driver/Src/stm32f3xx_hal.o
                0x0000000008004868                HAL_InitTick
 .text.HAL_IncTick
                0x00000000080048c8       0x28 ./Drivers/STM32F3xx_HAL_Driver/Src/stm32f3xx_hal.o
                0x00000000080048c8                HAL_IncTick
 .text.HAL_GetTick
                0x00000000080048f0       0x18 ./Drivers/STM32F3xx_HAL_Driver/Src/stm32f3xx_hal.o
                0x00000000080048f0                HAL_GetTick
 .text.HAL_Delay
                0x0000000008004908       0x48 ./Drivers/STM32F3xx_HAL_Driver/Src/stm32f3xx_hal.o
                0x0000000008004908                HAL_Delay
 .text.HAL_ADC_ConvCpltCallback
                0x0000000008004950       0x14 ./Drivers/STM32F3xx_HAL_Driver/Src/stm32f3xx_hal_adc.o
                0x0000000008004950                HAL_ADC_ConvCpltCallback
 .text.HAL_ADC_LevelOutOfWindowCallback
                0x0000000008004964       0x14 ./Drivers/STM32F3xx_HAL_Driver/Src/stm32f3xx_hal_adc.o
                0x0000000008004964                HAL_ADC_LevelOutOfWindowCallback
 .text.HAL_ADC_ErrorCallback
                0x0000000008004978       0x14 ./Drivers/STM32F3xx_HAL_Driver/Src/stm32f3xx_hal_adc.o
                0x0000000008004978                HAL_ADC_ErrorCallback
 .text.HAL_ADC_Init
                0x000000000800498c      0x3c0 ./Drivers/STM32F3xx_HAL_Driver/Src/stm32f3xx_hal_adc_ex.o
                0x000000000800498c                HAL_ADC_Init
 .text.HAL_ADC_Start_IT
                0x0000000008004d4c      0x280 ./Drivers/STM32F3xx_HAL_Driver/Src/stm32f3xx_hal_adc_ex.o
                0x0000000008004d4c                HAL_ADC_Start_IT
 .text.HAL_ADC_GetValue
                0x0000000008004fcc       0x1a ./Drivers/STM32F3xx_HAL_Driver/Src/stm32f3xx_hal_adc_ex.o
                0x0000000008004fcc                HAL_ADC_GetValue
 *fill*         0x0000000008004fe6        0x2 
 .text.HAL_ADC_IRQHandler
                0x0000000008004fe8      0x620 ./Drivers/STM32F3xx_HAL_Driver/Src/stm32f3xx_hal_adc_ex.o
                0x0000000008004fe8                HAL_ADC_IRQHandler
 .text.HAL_ADCEx_InjectedConvCpltCallback
                0x0000000008005608       0x14 ./Drivers/STM32F3xx_HAL_Driver/Src/stm32f3xx_hal_adc_ex.o
                0x0000000008005608                HAL_ADCEx_InjectedConvCpltCallback
 .text.HAL_ADCEx_InjectedQueueOverflowCallback
                0x000000000800561c       0x14 ./Drivers/STM32F3xx_HAL_Driver/Src/stm32f3xx_hal_adc_ex.o
                0x000000000800561c                HAL_ADCEx_InjectedQueueOverflowCallback
 .text.HAL_ADCEx_LevelOutOfWindow2Callback
                0x0000000008005630       0x14 ./Drivers/STM32F3xx_HAL_Driver/Src/stm32f3xx_hal_adc_ex.o
                0x0000000008005630                HAL_ADCEx_LevelOutOfWindow2Callback
 .text.HAL_ADCEx_LevelOutOfWindow3Callback
                0x0000000008005644       0x14 ./Drivers/STM32F3xx_HAL_Driver/Src/stm32f3xx_hal_adc_ex.o
                0x0000000008005644                HAL_ADCEx_LevelOutOfWindow3Callback
 .text.HAL_ADC_ConfigChannel
                0x0000000008005658      0x5d8 ./Drivers/STM32F3xx_HAL_Driver/Src/stm32f3xx_hal_adc_ex.o
                0x0000000008005658                HAL_ADC_ConfigChannel
 .text.HAL_ADCEx_MultiModeConfigChannel
                0x0000000008005c30      0x1e4 ./Drivers/STM32F3xx_HAL_Driver/Src/stm32f3xx_hal_adc_ex.o
                0x0000000008005c30                HAL_ADCEx_MultiModeConfigChannel
 .text.ADC_Enable
                0x0000000008005e14       0xc8 ./Drivers/STM32F3xx_HAL_Driver/Src/stm32f3xx_hal_adc_ex.o
 .text.ADC_Disable
                0x0000000008005edc       0xcc ./Drivers/STM32F3xx_HAL_Driver/Src/stm32f3xx_hal_adc_ex.o
 .text.__NVIC_SetPriorityGrouping
                0x0000000008005fa8       0x48 ./Drivers/STM32F3xx_HAL_Driver/Src/stm32f3xx_hal_cortex.o
 .text.__NVIC_GetPriorityGrouping
                0x0000000008005ff0       0x1c ./Drivers/STM32F3xx_HAL_Driver/Src/stm32f3xx_hal_cortex.o
 .text.__NVIC_EnableIRQ
                0x000000000800600c       0x3c ./Drivers/STM32F3xx_HAL_Driver/Src/stm32f3xx_hal_cortex.o
 .text.__NVIC_SetPriority
                0x0000000008006048       0x54 ./Drivers/STM32F3xx_HAL_Driver/Src/stm32f3xx_hal_cortex.o
 .text.NVIC_EncodePriority
                0x000000000800609c       0x66 ./Drivers/STM32F3xx_HAL_Driver/Src/stm32f3xx_hal_cortex.o
 *fill*         0x0000000008006102        0x2 
 .text.SysTick_Config
                0x0000000008006104       0x44 ./Drivers/STM32F3xx_HAL_Driver/Src/stm32f3xx_hal_cortex.o
 .text.HAL_NVIC_SetPriorityGrouping
                0x0000000008006148       0x16 ./Drivers/STM32F3xx_HAL_Driver/Src/stm32f3xx_hal_cortex.o
                0x0000000008006148                HAL_NVIC_SetPriorityGrouping
 .text.HAL_NVIC_SetPriority
                0x000000000800615e       0x38 ./Drivers/STM32F3xx_HAL_Driver/Src/stm32f3xx_hal_cortex.o
                0x000000000800615e                HAL_NVIC_SetPriority
 .text.HAL_NVIC_EnableIRQ
                0x0000000008006196       0x1c ./Drivers/STM32F3xx_HAL_Driver/Src/stm32f3xx_hal_cortex.o
                0x0000000008006196                HAL_NVIC_EnableIRQ
 .text.HAL_SYSTICK_Config
                0x00000000080061b2       0x18 ./Drivers/STM32F3xx_HAL_Driver/Src/stm32f3xx_hal_cortex.o
                0x00000000080061b2                HAL_SYSTICK_Config
 .text.HAL_DMA_Abort
                0x00000000080061ca       0x72 ./Drivers/STM32F3xx_HAL_Driver/Src/stm32f3xx_hal_dma.o
                0x00000000080061ca                HAL_DMA_Abort
 .text.HAL_DMA_Abort_IT
                0x000000000800623c       0x7c ./Drivers/STM32F3xx_HAL_Driver/Src/stm32f3xx_hal_dma.o
                0x000000000800623c                HAL_DMA_Abort_IT
 .text.HAL_GPIO_Init
                0x00000000080062b8      0x2f4 ./Drivers/STM32F3xx_HAL_Driver/Src/stm32f3xx_hal_gpio.o
                0x00000000080062b8                HAL_GPIO_Init
 .text.HAL_GPIO_ReadPin
                0x00000000080065ac       0x30 ./Drivers/STM32F3xx_HAL_Driver/Src/stm32f3xx_hal_gpio.o
                0x00000000080065ac                HAL_GPIO_ReadPin
 .text.HAL_GPIO_WritePin
                0x00000000080065dc       0x30 ./Drivers/STM32F3xx_HAL_Driver/Src/stm32f3xx_hal_gpio.o
                0x00000000080065dc                HAL_GPIO_WritePin
 .text.HAL_GPIO_TogglePin
                0x000000000800660c       0x34 ./Drivers/STM32F3xx_HAL_Driver/Src/stm32f3xx_hal_gpio.o
                0x000000000800660c                HAL_GPIO_TogglePin
 .text.HAL_GPIO_EXTI_IRQHandler
                0x0000000008006640       0x30 ./Drivers/STM32F3xx_HAL_Driver/Src/stm32f3xx_hal_gpio.o
                0x0000000008006640                HAL_GPIO_EXTI_IRQHandler
 .text.HAL_GPIO_EXTI_Callback
                0x0000000008006670       0x16 ./Drivers/STM32F3xx_HAL_Driver/Src/stm32f3xx_hal_gpio.o
                0x0000000008006670                HAL_GPIO_EXTI_Callback
 .text.HAL_I2C_Init
                0x0000000008006686      0x11e ./Drivers/STM32F3xx_HAL_Driver/Src/stm32f3xx_hal_i2c.o
                0x0000000008006686                HAL_I2C_Init
 .text.HAL_I2CEx_ConfigAnalogFilter
                0x00000000080067a4       0x96 ./Drivers/STM32F3xx_HAL_Driver/Src/stm32f3xx_hal_i2c_ex.o
                0x00000000080067a4                HAL_I2CEx_ConfigAnalogFilter
 .text.HAL_I2CEx_ConfigDigitalFilter
                0x000000000800683a       0x98 ./Drivers/STM32F3xx_HAL_Driver/Src/stm32f3xx_hal_i2c_ex.o
                0x000000000800683a                HAL_I2CEx_ConfigDigitalFilter
 .text.HAL_PCD_Init
                0x00000000080068d2      0x1bc ./Drivers/STM32F3xx_HAL_Driver/Src/stm32f3xx_hal_pcd.o
                0x00000000080068d2                HAL_PCD_Init
 *fill*         0x0000000008006a8e        0x2 
 .text.HAL_RCC_OscConfig
                0x0000000008006a90     0x107c ./Drivers/STM32F3xx_HAL_Driver/Src/stm32f3xx_hal_rcc.o
                0x0000000008006a90                HAL_RCC_OscConfig
 .text.HAL_RCC_ClockConfig
                0x0000000008007b0c      0x2f8 ./Drivers/STM32F3xx_HAL_Driver/Src/stm32f3xx_hal_rcc.o
                0x0000000008007b0c                HAL_RCC_ClockConfig
 .text.HAL_RCC_GetSysClockFreq
                0x0000000008007e04       0xd4 ./Drivers/STM32F3xx_HAL_Driver/Src/stm32f3xx_hal_rcc.o
                0x0000000008007e04                HAL_RCC_GetSysClockFreq
 .text.HAL_RCC_GetHCLKFreq
                0x0000000008007ed8       0x18 ./Drivers/STM32F3xx_HAL_Driver/Src/stm32f3xx_hal_rcc.o
                0x0000000008007ed8                HAL_RCC_GetHCLKFreq
 .text.HAL_RCC_GetPCLK1Freq
                0x0000000008007ef0       0x44 ./Drivers/STM32F3xx_HAL_Driver/Src/stm32f3xx_hal_rcc.o
                0x0000000008007ef0                HAL_RCC_GetPCLK1Freq
 .text.HAL_RCC_GetPCLK2Freq
                0x0000000008007f34       0x44 ./Drivers/STM32F3xx_HAL_Driver/Src/stm32f3xx_hal_rcc.o
                0x0000000008007f34                HAL_RCC_GetPCLK2Freq
 .text.HAL_RCCEx_PeriphCLKConfig
                0x0000000008007f78      0x360 ./Drivers/STM32F3xx_HAL_Driver/Src/stm32f3xx_hal_rcc_ex.o
                0x0000000008007f78                HAL_RCCEx_PeriphCLKConfig
 .text.HAL_SPI_Init
                0x00000000080082d8      0x156 ./Drivers/STM32F3xx_HAL_Driver/Src/stm32f3xx_hal_spi.o
                0x00000000080082d8                HAL_SPI_Init
 .text.HAL_TIM_Base_Init
                0x000000000800842e       0xae ./Drivers/STM32F3xx_HAL_Driver/Src/stm32f3xx_hal_tim.o
                0x000000000800842e                HAL_TIM_Base_Init
 .text.HAL_TIM_Base_Start_IT
                0x00000000080084dc       0xd4 ./Drivers/STM32F3xx_HAL_Driver/Src/stm32f3xx_hal_tim.o
                0x00000000080084dc                HAL_TIM_Base_Start_IT
 .text.HAL_TIM_PWM_Init
                0x00000000080085b0       0xae ./Drivers/STM32F3xx_HAL_Driver/Src/stm32f3xx_hal_tim.o
                0x00000000080085b0                HAL_TIM_PWM_Init
 .text.HAL_TIM_PWM_MspInit
                0x000000000800865e       0x14 ./Drivers/STM32F3xx_HAL_Driver/Src/stm32f3xx_hal_tim.o
                0x000000000800865e                HAL_TIM_PWM_MspInit
 .text.HAL_TIM_IRQHandler
                0x0000000008008672      0x23e ./Drivers/STM32F3xx_HAL_Driver/Src/stm32f3xx_hal_tim.o
                0x0000000008008672                HAL_TIM_IRQHandler
 .text.HAL_TIM_PWM_ConfigChannel
                0x00000000080088b0      0x228 ./Drivers/STM32F3xx_HAL_Driver/Src/stm32f3xx_hal_tim.o
                0x00000000080088b0                HAL_TIM_PWM_ConfigChannel
 .text.HAL_TIM_ConfigClockSource
                0x0000000008008ad8      0x192 ./Drivers/STM32F3xx_HAL_Driver/Src/stm32f3xx_hal_tim.o
                0x0000000008008ad8                HAL_TIM_ConfigClockSource
 .text.HAL_TIM_PeriodElapsedCallback
                0x0000000008008c6a       0x14 ./Drivers/STM32F3xx_HAL_Driver/Src/stm32f3xx_hal_tim.o
                0x0000000008008c6a                HAL_TIM_PeriodElapsedCallback
 .text.HAL_TIM_OC_DelayElapsedCallback
                0x0000000008008c7e       0x14 ./Drivers/STM32F3xx_HAL_Driver/Src/stm32f3xx_hal_tim.o
                0x0000000008008c7e                HAL_TIM_OC_DelayElapsedCallback
 .text.HAL_TIM_IC_CaptureCallback
                0x0000000008008c92       0x14 ./Drivers/STM32F3xx_HAL_Driver/Src/stm32f3xx_hal_tim.o
                0x0000000008008c92                HAL_TIM_IC_CaptureCallback
 .text.HAL_TIM_PWM_PulseFinishedCallback
                0x0000000008008ca6       0x14 ./Drivers/STM32F3xx_HAL_Driver/Src/stm32f3xx_hal_tim.o
                0x0000000008008ca6                HAL_TIM_PWM_PulseFinishedCallback
 .text.HAL_TIM_TriggerCallback
                0x0000000008008cba       0x14 ./Drivers/STM32F3xx_HAL_Driver/Src/stm32f3xx_hal_tim.o
                0x0000000008008cba                HAL_TIM_TriggerCallback
 *fill*         0x0000000008008cce        0x2 
 .text.TIM_Base_SetConfig
                0x0000000008008cd0      0x120 ./Drivers/STM32F3xx_HAL_Driver/Src/stm32f3xx_hal_tim.o
                0x0000000008008cd0                TIM_Base_SetConfig
 .text.TIM_OC1_SetConfig
                0x0000000008008df0      0x120 ./Drivers/STM32F3xx_HAL_Driver/Src/stm32f3xx_hal_tim.o
 .text.TIM_OC2_SetConfig
                0x0000000008008f10      0x114 ./Drivers/STM32F3xx_HAL_Driver/Src/stm32f3xx_hal_tim.o
                0x0000000008008f10                TIM_OC2_SetConfig
 .text.TIM_OC3_SetConfig
                0x0000000008009024      0x110 ./Drivers/STM32F3xx_HAL_Driver/Src/stm32f3xx_hal_tim.o
 .text.TIM_OC4_SetConfig
                0x0000000008009134       0xd4 ./Drivers/STM32F3xx_HAL_Driver/Src/stm32f3xx_hal_tim.o
 .text.TIM_OC5_SetConfig
                0x0000000008009208       0xc8 ./Drivers/STM32F3xx_HAL_Driver/Src/stm32f3xx_hal_tim.o
 .text.TIM_OC6_SetConfig
                0x00000000080092d0       0xcc ./Drivers/STM32F3xx_HAL_Driver/Src/stm32f3xx_hal_tim.o
 .text.TIM_TI1_ConfigInputStage
                0x000000000800939c       0x5e ./Drivers/STM32F3xx_HAL_Driver/Src/stm32f3xx_hal_tim.o
 .text.TIM_TI2_ConfigInputStage
                0x00000000080093fa       0x60 ./Drivers/STM32F3xx_HAL_Driver/Src/stm32f3xx_hal_tim.o
 .text.TIM_ITRx_SetConfig
                0x000000000800945a       0x36 ./Drivers/STM32F3xx_HAL_Driver/Src/stm32f3xx_hal_tim.o
 .text.TIM_ETR_SetConfig
                0x0000000008009490       0x40 ./Drivers/STM32F3xx_HAL_Driver/Src/stm32f3xx_hal_tim.o
                0x0000000008009490                TIM_ETR_SetConfig
 .text.HAL_TIMEx_MasterConfigSynchronization
                0x00000000080094d0      0x100 ./Drivers/STM32F3xx_HAL_Driver/Src/stm32f3xx_hal_tim_ex.o
                0x00000000080094d0                HAL_TIMEx_MasterConfigSynchronization
 .text.HAL_TIMEx_CommutCallback
                0x00000000080095d0       0x14 ./Drivers/STM32F3xx_HAL_Driver/Src/stm32f3xx_hal_tim_ex.o
                0x00000000080095d0                HAL_TIMEx_CommutCallback
 .text.HAL_TIMEx_BreakCallback
                0x00000000080095e4       0x14 ./Drivers/STM32F3xx_HAL_Driver/Src/stm32f3xx_hal_tim_ex.o
                0x00000000080095e4                HAL_TIMEx_BreakCallback
 .text.HAL_TIMEx_Break2Callback
                0x00000000080095f8       0x14 ./Drivers/STM32F3xx_HAL_Driver/Src/stm32f3xx_hal_tim_ex.o
                0x00000000080095f8                HAL_TIMEx_Break2Callback
 .text.HAL_UART_Init
                0x000000000800960c       0x9c ./Drivers/STM32F3xx_HAL_Driver/Src/stm32f3xx_hal_uart.o
                0x000000000800960c                HAL_UART_Init
 .text.HAL_UART_IRQHandler
                0x00000000080096a8      0x5bc ./Drivers/STM32F3xx_HAL_Driver/Src/stm32f3xx_hal_uart.o
                0x00000000080096a8                HAL_UART_IRQHandler
 .text.HAL_UART_TxCpltCallback
                0x0000000008009c64       0x14 ./Drivers/STM32F3xx_HAL_Driver/Src/stm32f3xx_hal_uart.o
                0x0000000008009c64                HAL_UART_TxCpltCallback
 .text.HAL_UART_ErrorCallback
                0x0000000008009c78       0x14 ./Drivers/STM32F3xx_HAL_Driver/Src/stm32f3xx_hal_uart.o
                0x0000000008009c78                HAL_UART_ErrorCallback
 .text.HAL_UARTEx_RxEventCallback
                0x0000000008009c8c       0x18 ./Drivers/STM32F3xx_HAL_Driver/Src/stm32f3xx_hal_uart.o
                0x0000000008009c8c                HAL_UARTEx_RxEventCallback
 .text.UART_SetConfig
                0x0000000008009ca4      0x3ac ./Drivers/STM32F3xx_HAL_Driver/Src/stm32f3xx_hal_uart.o
                0x0000000008009ca4                UART_SetConfig
 .text.UART_AdvFeatureConfig
                0x000000000800a050      0x144 ./Drivers/STM32F3xx_HAL_Driver/Src/stm32f3xx_hal_uart.o
                0x000000000800a050                UART_AdvFeatureConfig
 .text.UART_CheckIdleState
                0x000000000800a194       0x92 ./Drivers/STM32F3xx_HAL_Driver/Src/stm32f3xx_hal_uart.o
                0x000000000800a194                UART_CheckIdleState
 .text.UART_WaitOnFlagUntilTimeout
                0x000000000800a226      0x188 ./Drivers/STM32F3xx_HAL_Driver/Src/stm32f3xx_hal_uart.o
                0x000000000800a226                UART_WaitOnFlagUntilTimeout
 .text.UART_EndRxTransfer
                0x000000000800a3ae       0xc6 ./Drivers/STM32F3xx_HAL_Driver/Src/stm32f3xx_hal_uart.o
 .text.UART_DMAAbortOnError
                0x000000000800a474       0x2c ./Drivers/STM32F3xx_HAL_Driver/Src/stm32f3xx_hal_uart.o
 .text.UART_EndTransmit_IT
                0x000000000800a4a0       0x54 ./Drivers/STM32F3xx_HAL_Driver/Src/stm32f3xx_hal_uart.o
 .text.HAL_UARTEx_WakeupCallback
                0x000000000800a4f4       0x14 ./Drivers/STM32F3xx_HAL_Driver/Src/stm32f3xx_hal_uart_ex.o
                0x000000000800a4f4                HAL_UARTEx_WakeupCallback
 .text.USB_DisableGlobalInt
                0x000000000800a508       0x36 ./Drivers/STM32F3xx_HAL_Driver/Src/stm32f3xx_ll_usb.o
                0x000000000800a508                USB_DisableGlobalInt
 .text.USB_DevInit
                0x000000000800a53e       0x42 ./Drivers/STM32F3xx_HAL_Driver/Src/stm32f3xx_ll_usb.o
                0x000000000800a53e                USB_DevInit
 .text.__errno  0x000000000800a580        0xc e:/installers/stm32/ide/stm32cubeide_1.11.2/stm32cubeide/plugins/com.st.stm32cube.ide.mcu.externaltools.gnu-tools-for-stm32.10.3-2021.10.win32_1.0.100.202210260954/tools/bin/../lib/gcc/arm-none-eabi/10.3.1/../../../../arm-none-eabi/lib/thumb/v7e-m+fp/hard\libc_nano.a(lib_a-errno.o)
                0x000000000800a580                __errno
 .text.__libc_init_array
                0x000000000800a58c       0x48 e:/installers/stm32/ide/stm32cubeide_1.11.2/stm32cubeide/plugins/com.st.stm32cube.ide.mcu.externaltools.gnu-tools-for-stm32.10.3-2021.10.win32_1.0.100.202210260954/tools/bin/../lib/gcc/arm-none-eabi/10.3.1/../../../../arm-none-eabi/lib/thumb/v7e-m+fp/hard\libc_nano.a(lib_a-init.o)
                0x000000000800a58c                __libc_init_array
 .text.malloc   0x000000000800a5d4       0x10 e:/installers/stm32/ide/stm32cubeide_1.11.2/stm32cubeide/plugins/com.st.stm32cube.ide.mcu.externaltools.gnu-tools-for-stm32.10.3-2021.10.win32_1.0.100.202210260954/tools/bin/../lib/gcc/arm-none-eabi/10.3.1/../../../../arm-none-eabi/lib/thumb/v7e-m+fp/hard\libc_nano.a(lib_a-malloc.o)
                0x000000000800a5d4                malloc
 .text.memcpy   0x000000000800a5e4       0x1c e:/installers/stm32/ide/stm32cubeide_1.11.2/stm32cubeide/plugins/com.st.stm32cube.ide.mcu.externaltools.gnu-tools-for-stm32.10.3-2021.10.win32_1.0.100.202210260954/tools/bin/../lib/gcc/arm-none-eabi/10.3.1/../../../../arm-none-eabi/lib/thumb/v7e-m+fp/hard\libc_nano.a(lib_a-memcpy-stub.o)
                0x000000000800a5e4                memcpy
 .text.memset   0x000000000800a600       0x10 e:/installers/stm32/ide/stm32cubeide_1.11.2/stm32cubeide/plugins/com.st.stm32cube.ide.mcu.externaltools.gnu-tools-for-stm32.10.3-2021.10.win32_1.0.100.202210260954/tools/bin/../lib/gcc/arm-none-eabi/10.3.1/../../../../arm-none-eabi/lib/thumb/v7e-m+fp/hard\libc_nano.a(lib_a-memset.o)
                0x000000000800a600                memset
 .text._free_r  0x000000000800a610       0x98 e:/installers/stm32/ide/stm32cubeide_1.11.2/stm32cubeide/plugins/com.st.stm32cube.ide.mcu.externaltools.gnu-tools-for-stm32.10.3-2021.10.win32_1.0.100.202210260954/tools/bin/../lib/gcc/arm-none-eabi/10.3.1/../../../../arm-none-eabi/lib/thumb/v7e-m+fp/hard\libc_nano.a(lib_a-nano-freer.o)
                0x000000000800a610                _free_r
 .text.sbrk_aligned
                0x000000000800a6a8       0x40 e:/installers/stm32/ide/stm32cubeide_1.11.2/stm32cubeide/plugins/com.st.stm32cube.ide.mcu.externaltools.gnu-tools-for-stm32.10.3-2021.10.win32_1.0.100.202210260954/tools/bin/../lib/gcc/arm-none-eabi/10.3.1/../../../../arm-none-eabi/lib/thumb/v7e-m+fp/hard\libc_nano.a(lib_a-nano-mallocr.o)
 .text._malloc_r
                0x000000000800a6e8       0xe8 e:/installers/stm32/ide/stm32cubeide_1.11.2/stm32cubeide/plugins/com.st.stm32cube.ide.mcu.externaltools.gnu-tools-for-stm32.10.3-2021.10.win32_1.0.100.202210260954/tools/bin/../lib/gcc/arm-none-eabi/10.3.1/../../../../arm-none-eabi/lib/thumb/v7e-m+fp/hard\libc_nano.a(lib_a-nano-mallocr.o)
                0x000000000800a6e8                _malloc_r
 .text._sbrk_r  0x000000000800a7d0       0x20 e:/installers/stm32/ide/stm32cubeide_1.11.2/stm32cubeide/plugins/com.st.stm32cube.ide.mcu.externaltools.gnu-tools-for-stm32.10.3-2021.10.win32_1.0.100.202210260954/tools/bin/../lib/gcc/arm-none-eabi/10.3.1/../../../../arm-none-eabi/lib/thumb/v7e-m+fp/hard\libc_nano.a(lib_a-sbrkr.o)
                0x000000000800a7d0                _sbrk_r
 .text.sprintf  0x000000000800a7f0       0x40 e:/installers/stm32/ide/stm32cubeide_1.11.2/stm32cubeide/plugins/com.st.stm32cube.ide.mcu.externaltools.gnu-tools-for-stm32.10.3-2021.10.win32_1.0.100.202210260954/tools/bin/../lib/gcc/arm-none-eabi/10.3.1/../../../../arm-none-eabi/lib/thumb/v7e-m+fp/hard\libc_nano.a(lib_a-sprintf.o)
                0x000000000800a7f0                siprintf
                0x000000000800a7f0                sprintf
 .text.strcat   0x000000000800a830       0x1e e:/installers/stm32/ide/stm32cubeide_1.11.2/stm32cubeide/plugins/com.st.stm32cube.ide.mcu.externaltools.gnu-tools-for-stm32.10.3-2021.10.win32_1.0.100.202210260954/tools/bin/../lib/gcc/arm-none-eabi/10.3.1/../../../../arm-none-eabi/lib/thumb/v7e-m+fp/hard\libc_nano.a(lib_a-strcat.o)
                0x000000000800a830                strcat
 .text.strcpy   0x000000000800a84e       0x10 e:/installers/stm32/ide/stm32cubeide_1.11.2/stm32cubeide/plugins/com.st.stm32cube.ide.mcu.externaltools.gnu-tools-for-stm32.10.3-2021.10.win32_1.0.100.202210260954/tools/bin/../lib/gcc/arm-none-eabi/10.3.1/../../../../arm-none-eabi/lib/thumb/v7e-m+fp/hard\libc_nano.a(lib_a-strcpy.o)
                0x000000000800a84e                strcpy
 *fill*         0x000000000800a85e        0x2 
 .text.__malloc_lock
                0x000000000800a860        0xc e:/installers/stm32/ide/stm32cubeide_1.11.2/stm32cubeide/plugins/com.st.stm32cube.ide.mcu.externaltools.gnu-tools-for-stm32.10.3-2021.10.win32_1.0.100.202210260954/tools/bin/../lib/gcc/arm-none-eabi/10.3.1/../../../../arm-none-eabi/lib/thumb/v7e-m+fp/hard\libc_nano.a(lib_a-mlock.o)
                0x000000000800a860                __malloc_lock
 .text.__malloc_unlock
                0x000000000800a86c        0xc e:/installers/stm32/ide/stm32cubeide_1.11.2/stm32cubeide/plugins/com.st.stm32cube.ide.mcu.externaltools.gnu-tools-for-stm32.10.3-2021.10.win32_1.0.100.202210260954/tools/bin/../lib/gcc/arm-none-eabi/10.3.1/../../../../arm-none-eabi/lib/thumb/v7e-m+fp/hard\libc_nano.a(lib_a-mlock.o)
                0x000000000800a86c                __malloc_unlock
 .text.__ssputs_r
                0x000000000800a878       0xb6 e:/installers/stm32/ide/stm32cubeide_1.11.2/stm32cubeide/plugins/com.st.stm32cube.ide.mcu.externaltools.gnu-tools-for-stm32.10.3-2021.10.win32_1.0.100.202210260954/tools/bin/../lib/gcc/arm-none-eabi/10.3.1/../../../../arm-none-eabi/lib/thumb/v7e-m+fp/hard\libc_nano.a(lib_a-nano-svfprintf.o)
                0x000000000800a878                __ssputs_r
 *fill*         0x000000000800a92e        0x2 
 .text._svfprintf_r
                0x000000000800a930      0x200 e:/installers/stm32/ide/stm32cubeide_1.11.2/stm32cubeide/plugins/com.st.stm32cube.ide.mcu.externaltools.gnu-tools-for-stm32.10.3-2021.10.win32_1.0.100.202210260954/tools/bin/../lib/gcc/arm-none-eabi/10.3.1/../../../../arm-none-eabi/lib/thumb/v7e-m+fp/hard\libc_nano.a(lib_a-nano-svfprintf.o)
                0x000000000800a930                _svfiprintf_r
                0x000000000800a930                _svfprintf_r
 .text._printf_common
                0x000000000800ab30       0xda e:/installers/stm32/ide/stm32cubeide_1.11.2/stm32cubeide/plugins/com.st.stm32cube.ide.mcu.externaltools.gnu-tools-for-stm32.10.3-2021.10.win32_1.0.100.202210260954/tools/bin/../lib/gcc/arm-none-eabi/10.3.1/../../../../arm-none-eabi/lib/thumb/v7e-m+fp/hard\libc_nano.a(lib_a-nano-vfprintf_i.o)
                0x000000000800ab30                _printf_common
 *fill*         0x000000000800ac0a        0x2 
 .text._printf_i
                0x000000000800ac0c      0x24c e:/installers/stm32/ide/stm32cubeide_1.11.2/stm32cubeide/plugins/com.st.stm32cube.ide.mcu.externaltools.gnu-tools-for-stm32.10.3-2021.10.win32_1.0.100.202210260954/tools/bin/../lib/gcc/arm-none-eabi/10.3.1/../../../../arm-none-eabi/lib/thumb/v7e-m+fp/hard\libc_nano.a(lib_a-nano-vfprintf_i.o)
                0x000000000800ac0c                _printf_i
 .text.__retarget_lock_acquire_recursive
                0x000000000800ae58        0x2 e:/installers/stm32/ide/stm32cubeide_1.11.2/stm32cubeide/plugins/com.st.stm32cube.ide.mcu.externaltools.gnu-tools-for-stm32.10.3-2021.10.win32_1.0.100.202210260954/tools/bin/../lib/gcc/arm-none-eabi/10.3.1/../../../../arm-none-eabi/lib/thumb/v7e-m+fp/hard\libc_nano.a(lib_a-lock.o)
                0x000000000800ae58                __retarget_lock_acquire_recursive
 .text.__retarget_lock_release_recursive
                0x000000000800ae5a        0x2 e:/installers/stm32/ide/stm32cubeide_1.11.2/stm32cubeide/plugins/com.st.stm32cube.ide.mcu.externaltools.gnu-tools-for-stm32.10.3-2021.10.win32_1.0.100.202210260954/tools/bin/../lib/gcc/arm-none-eabi/10.3.1/../../../../arm-none-eabi/lib/thumb/v7e-m+fp/hard\libc_nano.a(lib_a-lock.o)
                0x000000000800ae5a                __retarget_lock_release_recursive
 .text.memmove  0x000000000800ae5c       0x34 e:/installers/stm32/ide/stm32cubeide_1.11.2/stm32cubeide/plugins/com.st.stm32cube.ide.mcu.externaltools.gnu-tools-for-stm32.10.3-2021.10.win32_1.0.100.202210260954/tools/bin/../lib/gcc/arm-none-eabi/10.3.1/../../../../arm-none-eabi/lib/thumb/v7e-m+fp/hard\libc_nano.a(lib_a-memmove.o)
                0x000000000800ae5c                memmove
 .text._realloc_r
                0x000000000800ae90       0x5e e:/installers/stm32/ide/stm32cubeide_1.11.2/stm32cubeide/plugins/com.st.stm32cube.ide.mcu.externaltools.gnu-tools-for-stm32.10.3-2021.10.win32_1.0.100.202210260954/tools/bin/../lib/gcc/arm-none-eabi/10.3.1/../../../../arm-none-eabi/lib/thumb/v7e-m+fp/hard\libc_nano.a(lib_a-nano-reallocr.o)
                0x000000000800ae90                _realloc_r
 .text._malloc_usable_size_r
                0x000000000800aeee       0x10 e:/installers/stm32/ide/stm32cubeide_1.11.2/stm32cubeide/plugins/com.st.stm32cube.ide.mcu.externaltools.gnu-tools-for-stm32.10.3-2021.10.win32_1.0.100.202210260954/tools/bin/../lib/gcc/arm-none-eabi/10.3.1/../../../../arm-none-eabi/lib/thumb/v7e-m+fp/hard\libc_nano.a(lib_a-nano-msizer.o)
                0x000000000800aeee                _malloc_usable_size_r
 *(.glue_7)
 .glue_7        0x000000000800aefe        0x0 linker stubs
 *(.glue_7t)
 .glue_7t       0x000000000800aefe        0x0 linker stubs
 *(.eh_frame)
 *fill*         0x000000000800aefe        0x2 
 .eh_frame      0x000000000800af00        0x0 e:/installers/stm32/ide/stm32cubeide_1.11.2/stm32cubeide/plugins/com.st.stm32cube.ide.mcu.externaltools.gnu-tools-for-stm32.10.3-2021.10.win32_1.0.100.202210260954/tools/bin/../lib/gcc/arm-none-eabi/10.3.1/thumb/v7e-m+fp/hard/crtbegin.o
 *(.init)
 .init          0x000000000800af00        0x4 e:/installers/stm32/ide/stm32cubeide_1.11.2/stm32cubeide/plugins/com.st.stm32cube.ide.mcu.externaltools.gnu-tools-for-stm32.10.3-2021.10.win32_1.0.100.202210260954/tools/bin/../lib/gcc/arm-none-eabi/10.3.1/thumb/v7e-m+fp/hard/crti.o
                0x000000000800af00                _init
 .init          0x000000000800af04        0x8 e:/installers/stm32/ide/stm32cubeide_1.11.2/stm32cubeide/plugins/com.st.stm32cube.ide.mcu.externaltools.gnu-tools-for-stm32.10.3-2021.10.win32_1.0.100.202210260954/tools/bin/../lib/gcc/arm-none-eabi/10.3.1/thumb/v7e-m+fp/hard/crtn.o
 *(.fini)
 .fini          0x000000000800af0c        0x4 e:/installers/stm32/ide/stm32cubeide_1.11.2/stm32cubeide/plugins/com.st.stm32cube.ide.mcu.externaltools.gnu-tools-for-stm32.10.3-2021.10.win32_1.0.100.202210260954/tools/bin/../lib/gcc/arm-none-eabi/10.3.1/thumb/v7e-m+fp/hard/crti.o
                0x000000000800af0c                _fini
 .fini          0x000000000800af10        0x8 e:/installers/stm32/ide/stm32cubeide_1.11.2/stm32cubeide/plugins/com.st.stm32cube.ide.mcu.externaltools.gnu-tools-for-stm32.10.3-2021.10.win32_1.0.100.202210260954/tools/bin/../lib/gcc/arm-none-eabi/10.3.1/thumb/v7e-m+fp/hard/crtn.o
                0x000000000800af18                . = ALIGN (0x4)
                0x000000000800af18                _etext = .

.vfp11_veneer   0x000000000800af18        0x0
 .vfp11_veneer  0x000000000800af18        0x0 linker stubs

.v4_bx          0x000000000800af18        0x0
 .v4_bx         0x000000000800af18        0x0 linker stubs

.iplt           0x000000000800af18        0x0
 .iplt          0x000000000800af18        0x0 e:/installers/stm32/ide/stm32cubeide_1.11.2/stm32cubeide/plugins/com.st.stm32cube.ide.mcu.externaltools.gnu-tools-for-stm32.10.3-2021.10.win32_1.0.100.202210260954/tools/bin/../lib/gcc/arm-none-eabi/10.3.1/thumb/v7e-m+fp/hard/crtbegin.o

.rodata         0x000000000800af18      0x7f0
                0x000000000800af18                . = ALIGN (0x4)
 *(.rodata)
 .rodata        0x000000000800af18       0x10 ./Core/Src/main.o
 .rodata        0x000000000800af28      0x772 ./Core/Src/stm32f3xx_it.o
 *(.rodata*)
 *fill*         0x000000000800b69a        0x2 
 .rodata.AHBPrescTable
                0x000000000800b69c       0x10 ./Core/Src/system_stm32f3xx.o
                0x000000000800b69c                AHBPrescTable
 .rodata.APBPrescTable
                0x000000000800b6ac        0x8 ./Core/Src/system_stm32f3xx.o
                0x000000000800b6ac                APBPrescTable
 .rodata.aPLLMULFactorTable
                0x000000000800b6b4       0x10 ./Drivers/STM32F3xx_HAL_Driver/Src/stm32f3xx_hal_rcc.o
                0x000000000800b6b4                aPLLMULFactorTable
 .rodata.aPredivFactorTable
                0x000000000800b6c4       0x10 ./Drivers/STM32F3xx_HAL_Driver/Src/stm32f3xx_hal_rcc.o
                0x000000000800b6c4                aPredivFactorTable
 .rodata._svfprintf_r.str1.1
                0x000000000800b6d4       0x11 e:/installers/stm32/ide/stm32cubeide_1.11.2/stm32cubeide/plugins/com.st.stm32cube.ide.mcu.externaltools.gnu-tools-for-stm32.10.3-2021.10.win32_1.0.100.202210260954/tools/bin/../lib/gcc/arm-none-eabi/10.3.1/../../../../arm-none-eabi/lib/thumb/v7e-m+fp/hard\libc_nano.a(lib_a-nano-svfprintf.o)
 .rodata._printf_i.str1.1
                0x000000000800b6e5       0x22 e:/installers/stm32/ide/stm32cubeide_1.11.2/stm32cubeide/plugins/com.st.stm32cube.ide.mcu.externaltools.gnu-tools-for-stm32.10.3-2021.10.win32_1.0.100.202210260954/tools/bin/../lib/gcc/arm-none-eabi/10.3.1/../../../../arm-none-eabi/lib/thumb/v7e-m+fp/hard\libc_nano.a(lib_a-nano-vfprintf_i.o)
                0x000000000800b708                . = ALIGN (0x4)
 *fill*         0x000000000800b707        0x1 

.rel.dyn        0x000000000800b708        0x0
 .rel.iplt      0x000000000800b708        0x0 e:/installers/stm32/ide/stm32cubeide_1.11.2/stm32cubeide/plugins/com.st.stm32cube.ide.mcu.externaltools.gnu-tools-for-stm32.10.3-2021.10.win32_1.0.100.202210260954/tools/bin/../lib/gcc/arm-none-eabi/10.3.1/thumb/v7e-m+fp/hard/crtbegin.o

.ARM.extab      0x000000000800b708        0x0
                0x000000000800b708                . = ALIGN (0x4)
 *(.ARM.extab* .gnu.linkonce.armextab.*)
                0x000000000800b708                . = ALIGN (0x4)

.ARM            0x000000000800b708        0x0
                0x000000000800b708                . = ALIGN (0x4)
                0x000000000800b708                __exidx_start = .
 *(.ARM.exidx*)
                0x000000000800b708                __exidx_end = .
                0x000000000800b708                . = ALIGN (0x4)

.preinit_array  0x000000000800b708        0x0
                0x000000000800b708                . = ALIGN (0x4)
                0x000000000800b708                PROVIDE (__preinit_array_start = .)
 *(.preinit_array*)
                0x000000000800b708                PROVIDE (__preinit_array_end = .)
                0x000000000800b708                . = ALIGN (0x4)

.init_array     0x000000000800b708        0x4
                0x000000000800b708                . = ALIGN (0x4)
                0x000000000800b708                PROVIDE (__init_array_start = .)
 *(SORT_BY_NAME(.init_array.*))
 *(.init_array*)
 .init_array    0x000000000800b708        0x4 e:/installers/stm32/ide/stm32cubeide_1.11.2/stm32cubeide/plugins/com.st.stm32cube.ide.mcu.externaltools.gnu-tools-for-stm32.10.3-2021.10.win32_1.0.100.202210260954/tools/bin/../lib/gcc/arm-none-eabi/10.3.1/thumb/v7e-m+fp/hard/crtbegin.o
                0x000000000800b70c                PROVIDE (__init_array_end = .)
                0x000000000800b70c                . = ALIGN (0x4)

.fini_array     0x000000000800b70c        0x4
                0x000000000800b70c                . = ALIGN (0x4)
                [!provide]                        PROVIDE (__fini_array_start = .)
 *(SORT_BY_NAME(.fini_array.*))
 *(.fini_array*)
 .fini_array    0x000000000800b70c        0x4 e:/installers/stm32/ide/stm32cubeide_1.11.2/stm32cubeide/plugins/com.st.stm32cube.ide.mcu.externaltools.gnu-tools-for-stm32.10.3-2021.10.win32_1.0.100.202210260954/tools/bin/../lib/gcc/arm-none-eabi/10.3.1/thumb/v7e-m+fp/hard/crtbegin.o
                [!provide]                        PROVIDE (__fini_array_end = .)
                0x000000000800b710                . = ALIGN (0x4)
                0x000000000800b710                _sidata = LOADADDR (.data)

.data           0x0000000020000000      0x19c load address 0x000000000800b710
                0x0000000020000000                . = ALIGN (0x4)
                0x0000000020000000                _sdata = .
 *(.data)
 *(.data*)
 .data._fourbit_mode
                0x0000000020000000        0x1 ./Core/Src/LiquidCrystal.o
                0x0000000020000000                _fourbit_mode
 *fill*         0x0000000020000001        0x3 
 .data.temperature
                0x0000000020000004        0x4 ./Core/Src/stm32f3xx_it.o
                0x0000000020000004                temperature
 .data.temThreshold
                0x0000000020000008        0x4 ./Core/Src/stm32f3xx_it.o
                0x0000000020000008                temThreshold
 .data.temAlarm
                0x000000002000000c        0x4 ./Core/Src/stm32f3xx_it.o
                0x000000002000000c                temAlarm
 .data.securityAlarm
                0x0000000020000010        0x4 ./Core/Src/stm32f3xx_it.o
                0x0000000020000010                securityAlarm
 .data.securityAlert
                0x0000000020000014        0x4 ./Core/Src/stm32f3xx_it.o
                0x0000000020000014                securityAlert
 .data.newSceneTemThreshold
                0x0000000020000018        0x4 ./Core/Src/stm32f3xx_it.o
                0x0000000020000018                newSceneTemThreshold
 .data.newSceneTemAlarm
                0x000000002000001c        0x4 ./Core/Src/stm32f3xx_it.o
                0x000000002000001c                newSceneTemAlarm
 .data.newScenesecurityAlarm
                0x0000000020000020        0x4 ./Core/Src/stm32f3xx_it.o
                0x0000000020000020                newScenesecurityAlarm
 .data.newSceneSecurityAlert
                0x0000000020000024        0x4 ./Core/Src/stm32f3xx_it.o
                0x0000000020000024                newSceneSecurityAlert
 .data.col      0x0000000020000028        0x4 ./Core/Src/stm32f3xx_it.o
                0x0000000020000028                col
 .data.row      0x000000002000002c        0x4 ./Core/Src/stm32f3xx_it.o
                0x000000002000002c                row
 .data.currentMenu
                0x0000000020000030       0xf0 ./Core/Src/stm32f3xx_it.o
                0x0000000020000030                currentMenu
 .data.inMenu   0x0000000020000120        0x4 ./Core/Src/stm32f3xx_it.o
                0x0000000020000120                inMenu
 .data.typingCount
                0x0000000020000124        0x4 ./Core/Src/stm32f3xx_it.o
                0x0000000020000124                typingCount
 .data.startState
                0x0000000020000128        0x4 ./Core/Src/stm32f3xx_it.o
                0x0000000020000128                startState
 .data.SystemCoreClock
                0x000000002000012c        0x4 ./Core/Src/system_stm32f3xx.o
                0x000000002000012c                SystemCoreClock
 .data.uwTickPrio
                0x0000000020000130        0x4 ./Drivers/STM32F3xx_HAL_Driver/Src/stm32f3xx_hal.o
                0x0000000020000130                uwTickPrio
 .data.uwTickFreq
                0x0000000020000134        0x1 ./Drivers/STM32F3xx_HAL_Driver/Src/stm32f3xx_hal.o
                0x0000000020000134                uwTickFreq
 *fill*         0x0000000020000135        0x3 
 .data._impure_ptr
                0x0000000020000138        0x4 e:/installers/stm32/ide/stm32cubeide_1.11.2/stm32cubeide/plugins/com.st.stm32cube.ide.mcu.externaltools.gnu-tools-for-stm32.10.3-2021.10.win32_1.0.100.202210260954/tools/bin/../lib/gcc/arm-none-eabi/10.3.1/../../../../arm-none-eabi/lib/thumb/v7e-m+fp/hard\libc_nano.a(lib_a-impure.o)
                0x0000000020000138                _impure_ptr
 .data.impure_data
                0x000000002000013c       0x60 e:/installers/stm32/ide/stm32cubeide_1.11.2/stm32cubeide/plugins/com.st.stm32cube.ide.mcu.externaltools.gnu-tools-for-stm32.10.3-2021.10.win32_1.0.100.202210260954/tools/bin/../lib/gcc/arm-none-eabi/10.3.1/../../../../arm-none-eabi/lib/thumb/v7e-m+fp/hard\libc_nano.a(lib_a-impure.o)
 *(.RamFunc)
 *(.RamFunc*)
                0x000000002000019c                . = ALIGN (0x4)
                0x000000002000019c                _edata = .
                0x000000000800b8ac                _siccmram = LOADADDR (.ccmram)

.igot.plt       0x000000002000019c        0x0 load address 0x000000000800b8ac
 .igot.plt      0x000000002000019c        0x0 e:/installers/stm32/ide/stm32cubeide_1.11.2/stm32cubeide/plugins/com.st.stm32cube.ide.mcu.externaltools.gnu-tools-for-stm32.10.3-2021.10.win32_1.0.100.202210260954/tools/bin/../lib/gcc/arm-none-eabi/10.3.1/thumb/v7e-m+fp/hard/crtbegin.o

.ccmram         0x0000000010000000        0x0 load address 0x000000000800b8ac
                0x0000000010000000                . = ALIGN (0x4)
                0x0000000010000000                _sccmram = .
 *(.ccmram)
 *(.ccmram*)
                0x0000000010000000                . = ALIGN (0x4)
                0x0000000010000000                _eccmram = .
                0x0000000010000000                . = ALIGN (0x4)

.bss            0x00000000200001a0      0x700
                0x00000000200001a0                _sbss = .
                0x00000000200001a0                __bss_start__ = _sbss
 *(.bss)
 .bss           0x00000000200001a0       0x1c e:/installers/stm32/ide/stm32cubeide_1.11.2/stm32cubeide/plugins/com.st.stm32cube.ide.mcu.externaltools.gnu-tools-for-stm32.10.3-2021.10.win32_1.0.100.202210260954/tools/bin/../lib/gcc/arm-none-eabi/10.3.1/thumb/v7e-m+fp/hard/crtbegin.o
 *(.bss*)
 .bss.dotsize   0x00000000200001bc        0x1 ./Core/Src/LiquidCrystal.o
                0x00000000200001bc                dotsize
 *fill*         0x00000000200001bd        0x1 
 .bss._rs_pin   0x00000000200001be        0x2 ./Core/Src/LiquidCrystal.o
                0x00000000200001be                _rs_pin
 .bss._rw_pin   0x00000000200001c0        0x2 ./Core/Src/LiquidCrystal.o
                0x00000000200001c0                _rw_pin
 .bss._enable_pin
                0x00000000200001c2        0x2 ./Core/Src/LiquidCrystal.o
                0x00000000200001c2                _enable_pin
 .bss._data_pins
                0x00000000200001c4       0x10 ./Core/Src/LiquidCrystal.o
                0x00000000200001c4                _data_pins
 .bss._port     0x00000000200001d4        0x4 ./Core/Src/LiquidCrystal.o
                0x00000000200001d4                _port
 .bss._displayfunction
                0x00000000200001d8        0x1 ./Core/Src/LiquidCrystal.o
                0x00000000200001d8                _displayfunction
 .bss._displaycontrol
                0x00000000200001d9        0x1 ./Core/Src/LiquidCrystal.o
                0x00000000200001d9                _displaycontrol
 .bss._displaymode
                0x00000000200001da        0x1 ./Core/Src/LiquidCrystal.o
                0x00000000200001da                _displaymode
 .bss._numlines
                0x00000000200001db        0x1 ./Core/Src/LiquidCrystal.o
                0x00000000200001db                _numlines
 .bss._row_offsets
                0x00000000200001dc        0x4 ./Core/Src/LiquidCrystal.o
                0x00000000200001dc                _row_offsets
 .bss.hadc1     0x00000000200001e0       0x50 ./Core/Src/main.o
                0x00000000200001e0                hadc1
 .bss.hadc2     0x0000000020000230       0x50 ./Core/Src/main.o
                0x0000000020000230                hadc2
 .bss.hi2c1     0x0000000020000280       0x4c ./Core/Src/main.o
                0x0000000020000280                hi2c1
 .bss.hspi1     0x00000000200002cc       0x64 ./Core/Src/main.o
                0x00000000200002cc                hspi1
 .bss.htim2     0x0000000020000330       0x4c ./Core/Src/main.o
                0x0000000020000330                htim2
 .bss.htim3     0x000000002000037c       0x4c ./Core/Src/main.o
                0x000000002000037c                htim3
 .bss.huart2    0x00000000200003c8       0x84 ./Core/Src/main.o
                0x00000000200003c8                huart2
 .bss.hpcd_USB_FS
                0x000000002000044c      0x2ec ./Core/Src/main.o
                0x000000002000044c                hpcd_USB_FS
 .bss.HAL_RCC_ADC12_CLK_ENABLED
                0x0000000020000738        0x4 ./Core/Src/stm32f3xx_hal_msp.o
 .bss.lum       0x000000002000073c        0x4 ./Core/Src/stm32f3xx_it.o
                0x000000002000073c                lum
 .bss.Lights    0x0000000020000740       0x10 ./Core/Src/stm32f3xx_it.o
                0x0000000020000740                Lights
 .bss.addedScenarios
                0x0000000020000750       0x80 ./Core/Src/stm32f3xx_it.o
                0x0000000020000750                addedScenarios
 .bss.lastScenarioIndex
                0x00000000200007d0        0x4 ./Core/Src/stm32f3xx_it.o
                0x00000000200007d0                lastScenarioIndex
 .bss.startMassage
                0x00000000200007d4       0x14 ./Core/Src/stm32f3xx_it.o
                0x00000000200007d4                startMassage
 .bss.newScenarioLights
                0x00000000200007e8       0x10 ./Core/Src/stm32f3xx_it.o
                0x00000000200007e8                newScenarioLights
 .bss.lastPress
                0x00000000200007f8        0x8 ./Core/Src/stm32f3xx_it.o
                0x00000000200007f8                lastPress
 .bss.CurrentMenuOption
                0x0000000020000800        0x4 ./Core/Src/stm32f3xx_it.o
                0x0000000020000800                CurrentMenuOption
 .bss.MenuoptionCounts
                0x0000000020000804        0x4 ./Core/Src/stm32f3xx_it.o
                0x0000000020000804                MenuoptionCounts
 .bss.page      0x0000000020000808        0x4 ./Core/Src/stm32f3xx_it.o
                0x0000000020000808                page
 .bss.generateMenu
                0x000000002000080c        0x4 ./Core/Src/stm32f3xx_it.o
                0x000000002000080c                generateMenu
 .bss.lastKeyPressed
                0x0000000020000810        0x4 ./Core/Src/stm32f3xx_it.o
                0x0000000020000810                lastKeyPressed
 .bss.sameKeyPressed
                0x0000000020000814        0x4 ./Core/Src/stm32f3xx_it.o
                0x0000000020000814                sameKeyPressed
 .bss.lastId    0x0000000020000818        0x4 ./Core/Src/stm32f3xx_it.o
                0x0000000020000818                lastId
 .bss.lastPagesId
                0x000000002000081c        0x4 ./Core/Src/stm32f3xx_it.o
                0x000000002000081c                lastPagesId
 .bss.startStateLastTime
                0x0000000020000820        0x4 ./Core/Src/stm32f3xx_it.o
                0x0000000020000820                startStateLastTime
 .bss.root      0x0000000020000824        0x4 ./Core/Src/stm32f3xx_it.o
                0x0000000020000824                root
 .bss.node1     0x0000000020000828        0x4 ./Core/Src/stm32f3xx_it.o
                0x0000000020000828                node1
 .bss.node2     0x000000002000082c        0x4 ./Core/Src/stm32f3xx_it.o
                0x000000002000082c                node2
 .bss.node3     0x0000000020000830        0x4 ./Core/Src/stm32f3xx_it.o
                0x0000000020000830                node3
 .bss.node4     0x0000000020000834        0x4 ./Core/Src/stm32f3xx_it.o
                0x0000000020000834                node4
 .bss.node5     0x0000000020000838        0x4 ./Core/Src/stm32f3xx_it.o
                0x0000000020000838                node5
 .bss.node6     0x000000002000083c        0x4 ./Core/Src/stm32f3xx_it.o
                0x000000002000083c                node6
 .bss.node7     0x0000000020000840        0x4 ./Core/Src/stm32f3xx_it.o
                0x0000000020000840                node7
 .bss.node8     0x0000000020000844        0x4 ./Core/Src/stm32f3xx_it.o
                0x0000000020000844                node8
 .bss.node9     0x0000000020000848        0x4 ./Core/Src/stm32f3xx_it.o
                0x0000000020000848                node9
 .bss.node10    0x000000002000084c        0x4 ./Core/Src/stm32f3xx_it.o
                0x000000002000084c                node10
 .bss.node11    0x0000000020000850        0x4 ./Core/Src/stm32f3xx_it.o
                0x0000000020000850                node11
 .bss.node12    0x0000000020000854        0x4 ./Core/Src/stm32f3xx_it.o
                0x0000000020000854                node12
 .bss.node13    0x0000000020000858        0x4 ./Core/Src/stm32f3xx_it.o
                0x0000000020000858                node13
 .bss.node14    0x000000002000085c        0x4 ./Core/Src/stm32f3xx_it.o
                0x000000002000085c                node14
 .bss.node15    0x0000000020000860        0x4 ./Core/Src/stm32f3xx_it.o
                0x0000000020000860                node15
 .bss.node16    0x0000000020000864        0x4 ./Core/Src/stm32f3xx_it.o
                0x0000000020000864                node16
 .bss.node17    0x0000000020000868        0x4 ./Core/Src/stm32f3xx_it.o
                0x0000000020000868                node17
 .bss.node18    0x000000002000086c        0x4 ./Core/Src/stm32f3xx_it.o
                0x000000002000086c                node18
 .bss.node19    0x0000000020000870        0x4 ./Core/Src/stm32f3xx_it.o
                0x0000000020000870                node19
 .bss.node_1    0x0000000020000874        0x4 ./Core/Src/stm32f3xx_it.o
                0x0000000020000874                node_1
 .bss.currentNode
                0x0000000020000878        0x4 ./Core/Src/stm32f3xx_it.o
                0x0000000020000878                currentNode
 .bss.counter.2
                0x000000002000087c        0x4 ./Core/Src/stm32f3xx_it.o
 .bss.lumSum.1  0x0000000020000880        0x4 ./Core/Src/stm32f3xx_it.o
 .bss.temSum.0  0x0000000020000884        0x4 ./Core/Src/stm32f3xx_it.o
 .bss.__sbrk_heap_end
                0x0000000020000888        0x4 ./Core/Src/sysmem.o
 .bss.uwTick    0x000000002000088c        0x4 ./Drivers/STM32F3xx_HAL_Driver/Src/stm32f3xx_hal.o
                0x000000002000088c                uwTick
 .bss.__malloc_free_list
                0x0000000020000890        0x4 e:/installers/stm32/ide/stm32cubeide_1.11.2/stm32cubeide/plugins/com.st.stm32cube.ide.mcu.externaltools.gnu-tools-for-stm32.10.3-2021.10.win32_1.0.100.202210260954/tools/bin/../lib/gcc/arm-none-eabi/10.3.1/../../../../arm-none-eabi/lib/thumb/v7e-m+fp/hard\libc_nano.a(lib_a-nano-mallocr.o)
                0x0000000020000890                __malloc_free_list
 .bss.__malloc_sbrk_start
                0x0000000020000894        0x4 e:/installers/stm32/ide/stm32cubeide_1.11.2/stm32cubeide/plugins/com.st.stm32cube.ide.mcu.externaltools.gnu-tools-for-stm32.10.3-2021.10.win32_1.0.100.202210260954/tools/bin/../lib/gcc/arm-none-eabi/10.3.1/../../../../arm-none-eabi/lib/thumb/v7e-m+fp/hard\libc_nano.a(lib_a-nano-mallocr.o)
                0x0000000020000894                __malloc_sbrk_start
 .bss.errno     0x0000000020000898        0x4 e:/installers/stm32/ide/stm32cubeide_1.11.2/stm32cubeide/plugins/com.st.stm32cube.ide.mcu.externaltools.gnu-tools-for-stm32.10.3-2021.10.win32_1.0.100.202210260954/tools/bin/../lib/gcc/arm-none-eabi/10.3.1/../../../../arm-none-eabi/lib/thumb/v7e-m+fp/hard\libc_nano.a(lib_a-reent.o)
                0x0000000020000898                errno
 .bss.__lock___malloc_recursive_mutex
                0x000000002000089c        0x1 e:/installers/stm32/ide/stm32cubeide_1.11.2/stm32cubeide/plugins/com.st.stm32cube.ide.mcu.externaltools.gnu-tools-for-stm32.10.3-2021.10.win32_1.0.100.202210260954/tools/bin/../lib/gcc/arm-none-eabi/10.3.1/../../../../arm-none-eabi/lib/thumb/v7e-m+fp/hard\libc_nano.a(lib_a-lock.o)
                0x000000002000089c                __lock___malloc_recursive_mutex
 *(COMMON)
                0x00000000200008a0                . = ALIGN (0x4)
 *fill*         0x000000002000089d        0x3 
                0x00000000200008a0                _ebss = .
                0x00000000200008a0                __bss_end__ = _ebss

._user_heap_stack
                0x00000000200008a0      0x600
                0x00000000200008a0                . = ALIGN (0x8)
                [!provide]                        PROVIDE (end = .)
                0x00000000200008a0                PROVIDE (_end = .)
                0x0000000020000aa0                . = (. + _Min_Heap_Size)
 *fill*         0x00000000200008a0      0x200 
                0x0000000020000ea0                . = (. + _Min_Stack_Size)
 *fill*         0x0000000020000aa0      0x400 
                0x0000000020000ea0                . = ALIGN (0x8)

/DISCARD/
 libc.a(*)
 libm.a(*)
 libgcc.a(*)

.ARM.attributes
                0x0000000000000000       0x30
 *(.ARM.attributes)
 .ARM.attributes
                0x0000000000000000       0x1e e:/installers/stm32/ide/stm32cubeide_1.11.2/stm32cubeide/plugins/com.st.stm32cube.ide.mcu.externaltools.gnu-tools-for-stm32.10.3-2021.10.win32_1.0.100.202210260954/tools/bin/../lib/gcc/arm-none-eabi/10.3.1/thumb/v7e-m+fp/hard/crti.o
 .ARM.attributes
                0x000000000000001e       0x34 e:/installers/stm32/ide/stm32cubeide_1.11.2/stm32cubeide/plugins/com.st.stm32cube.ide.mcu.externaltools.gnu-tools-for-stm32.10.3-2021.10.win32_1.0.100.202210260954/tools/bin/../lib/gcc/arm-none-eabi/10.3.1/thumb/v7e-m+fp/hard/crtbegin.o
 .ARM.attributes
                0x0000000000000052       0x34 ./Core/Src/LiquidCrystal.o
 .ARM.attributes
                0x0000000000000086       0x34 ./Core/Src/main.o
 .ARM.attributes
                0x00000000000000ba       0x34 ./Core/Src/stm32f3xx_hal_msp.o
 .ARM.attributes
                0x00000000000000ee       0x34 ./Core/Src/stm32f3xx_it.o
 .ARM.attributes
                0x0000000000000122       0x34 ./Core/Src/sysmem.o
 .ARM.attributes
                0x0000000000000156       0x34 ./Core/Src/system_stm32f3xx.o
 .ARM.attributes
                0x000000000000018a       0x21 ./Core/Startup/startup_stm32f303vctx.o
 .ARM.attributes
                0x00000000000001ab       0x34 ./Drivers/STM32F3xx_HAL_Driver/Src/stm32f3xx_hal.o
 .ARM.attributes
                0x00000000000001df       0x34 ./Drivers/STM32F3xx_HAL_Driver/Src/stm32f3xx_hal_adc.o
 .ARM.attributes
                0x0000000000000213       0x34 ./Drivers/STM32F3xx_HAL_Driver/Src/stm32f3xx_hal_adc_ex.o
 .ARM.attributes
                0x0000000000000247       0x34 ./Drivers/STM32F3xx_HAL_Driver/Src/stm32f3xx_hal_cortex.o
 .ARM.attributes
                0x000000000000027b       0x34 ./Drivers/STM32F3xx_HAL_Driver/Src/stm32f3xx_hal_dma.o
 .ARM.attributes
                0x00000000000002af       0x34 ./Drivers/STM32F3xx_HAL_Driver/Src/stm32f3xx_hal_gpio.o
 .ARM.attributes
                0x00000000000002e3       0x34 ./Drivers/STM32F3xx_HAL_Driver/Src/stm32f3xx_hal_i2c.o
 .ARM.attributes
                0x0000000000000317       0x34 ./Drivers/STM32F3xx_HAL_Driver/Src/stm32f3xx_hal_i2c_ex.o
 .ARM.attributes
                0x000000000000034b       0x34 ./Drivers/STM32F3xx_HAL_Driver/Src/stm32f3xx_hal_pcd.o
 .ARM.attributes
                0x000000000000037f       0x34 ./Drivers/STM32F3xx_HAL_Driver/Src/stm32f3xx_hal_rcc.o
 .ARM.attributes
                0x00000000000003b3       0x34 ./Drivers/STM32F3xx_HAL_Driver/Src/stm32f3xx_hal_rcc_ex.o
 .ARM.attributes
                0x00000000000003e7       0x34 ./Drivers/STM32F3xx_HAL_Driver/Src/stm32f3xx_hal_spi.o
 .ARM.attributes
                0x000000000000041b       0x34 ./Drivers/STM32F3xx_HAL_Driver/Src/stm32f3xx_hal_tim.o
 .ARM.attributes
                0x000000000000044f       0x34 ./Drivers/STM32F3xx_HAL_Driver/Src/stm32f3xx_hal_tim_ex.o
 .ARM.attributes
                0x0000000000000483       0x34 ./Drivers/STM32F3xx_HAL_Driver/Src/stm32f3xx_hal_uart.o
 .ARM.attributes
                0x00000000000004b7       0x34 ./Drivers/STM32F3xx_HAL_Driver/Src/stm32f3xx_hal_uart_ex.o
 .ARM.attributes
                0x00000000000004eb       0x34 ./Drivers/STM32F3xx_HAL_Driver/Src/stm32f3xx_ll_usb.o
 .ARM.attributes
                0x000000000000051f       0x34 e:/installers/stm32/ide/stm32cubeide_1.11.2/stm32cubeide/plugins/com.st.stm32cube.ide.mcu.externaltools.gnu-tools-for-stm32.10.3-2021.10.win32_1.0.100.202210260954/tools/bin/../lib/gcc/arm-none-eabi/10.3.1/../../../../arm-none-eabi/lib/thumb/v7e-m+fp/hard\libc_nano.a(lib_a-errno.o)
 .ARM.attributes
                0x0000000000000553       0x34 e:/installers/stm32/ide/stm32cubeide_1.11.2/stm32cubeide/plugins/com.st.stm32cube.ide.mcu.externaltools.gnu-tools-for-stm32.10.3-2021.10.win32_1.0.100.202210260954/tools/bin/../lib/gcc/arm-none-eabi/10.3.1/../../../../arm-none-eabi/lib/thumb/v7e-m+fp/hard\libc_nano.a(lib_a-impure.o)
 .ARM.attributes
                0x0000000000000587       0x34 e:/installers/stm32/ide/stm32cubeide_1.11.2/stm32cubeide/plugins/com.st.stm32cube.ide.mcu.externaltools.gnu-tools-for-stm32.10.3-2021.10.win32_1.0.100.202210260954/tools/bin/../lib/gcc/arm-none-eabi/10.3.1/../../../../arm-none-eabi/lib/thumb/v7e-m+fp/hard\libc_nano.a(lib_a-init.o)
 .ARM.attributes
                0x00000000000005bb       0x34 e:/installers/stm32/ide/stm32cubeide_1.11.2/stm32cubeide/plugins/com.st.stm32cube.ide.mcu.externaltools.gnu-tools-for-stm32.10.3-2021.10.win32_1.0.100.202210260954/tools/bin/../lib/gcc/arm-none-eabi/10.3.1/../../../../arm-none-eabi/lib/thumb/v7e-m+fp/hard\libc_nano.a(lib_a-malloc.o)
 .ARM.attributes
                0x00000000000005ef       0x34 e:/installers/stm32/ide/stm32cubeide_1.11.2/stm32cubeide/plugins/com.st.stm32cube.ide.mcu.externaltools.gnu-tools-for-stm32.10.3-2021.10.win32_1.0.100.202210260954/tools/bin/../lib/gcc/arm-none-eabi/10.3.1/../../../../arm-none-eabi/lib/thumb/v7e-m+fp/hard\libc_nano.a(lib_a-memcpy-stub.o)
 .ARM.attributes
                0x0000000000000623       0x34 e:/installers/stm32/ide/stm32cubeide_1.11.2/stm32cubeide/plugins/com.st.stm32cube.ide.mcu.externaltools.gnu-tools-for-stm32.10.3-2021.10.win32_1.0.100.202210260954/tools/bin/../lib/gcc/arm-none-eabi/10.3.1/../../../../arm-none-eabi/lib/thumb/v7e-m+fp/hard\libc_nano.a(lib_a-memset.o)
 .ARM.attributes
                0x0000000000000657       0x34 e:/installers/stm32/ide/stm32cubeide_1.11.2/stm32cubeide/plugins/com.st.stm32cube.ide.mcu.externaltools.gnu-tools-for-stm32.10.3-2021.10.win32_1.0.100.202210260954/tools/bin/../lib/gcc/arm-none-eabi/10.3.1/../../../../arm-none-eabi/lib/thumb/v7e-m+fp/hard\libc_nano.a(lib_a-nano-freer.o)
 .ARM.attributes
                0x000000000000068b       0x34 e:/installers/stm32/ide/stm32cubeide_1.11.2/stm32cubeide/plugins/com.st.stm32cube.ide.mcu.externaltools.gnu-tools-for-stm32.10.3-2021.10.win32_1.0.100.202210260954/tools/bin/../lib/gcc/arm-none-eabi/10.3.1/../../../../arm-none-eabi/lib/thumb/v7e-m+fp/hard\libc_nano.a(lib_a-nano-mallocr.o)
 .ARM.attributes
                0x00000000000006bf       0x34 e:/installers/stm32/ide/stm32cubeide_1.11.2/stm32cubeide/plugins/com.st.stm32cube.ide.mcu.externaltools.gnu-tools-for-stm32.10.3-2021.10.win32_1.0.100.202210260954/tools/bin/../lib/gcc/arm-none-eabi/10.3.1/../../../../arm-none-eabi/lib/thumb/v7e-m+fp/hard\libc_nano.a(lib_a-sbrkr.o)
 .ARM.attributes
                0x00000000000006f3       0x34 e:/installers/stm32/ide/stm32cubeide_1.11.2/stm32cubeide/plugins/com.st.stm32cube.ide.mcu.externaltools.gnu-tools-for-stm32.10.3-2021.10.win32_1.0.100.202210260954/tools/bin/../lib/gcc/arm-none-eabi/10.3.1/../../../../arm-none-eabi/lib/thumb/v7e-m+fp/hard\libc_nano.a(lib_a-sprintf.o)
 .ARM.attributes
                0x0000000000000727       0x34 e:/installers/stm32/ide/stm32cubeide_1.11.2/stm32cubeide/plugins/com.st.stm32cube.ide.mcu.externaltools.gnu-tools-for-stm32.10.3-2021.10.win32_1.0.100.202210260954/tools/bin/../lib/gcc/arm-none-eabi/10.3.1/../../../../arm-none-eabi/lib/thumb/v7e-m+fp/hard\libc_nano.a(lib_a-strcat.o)
 .ARM.attributes
                0x000000000000075b       0x1c e:/installers/stm32/ide/stm32cubeide_1.11.2/stm32cubeide/plugins/com.st.stm32cube.ide.mcu.externaltools.gnu-tools-for-stm32.10.3-2021.10.win32_1.0.100.202210260954/tools/bin/../lib/gcc/arm-none-eabi/10.3.1/../../../../arm-none-eabi/lib/thumb/v7e-m+fp/hard\libc_nano.a(lib_a-strcmp.o)
 .ARM.attributes
                0x0000000000000777       0x34 e:/installers/stm32/ide/stm32cubeide_1.11.2/stm32cubeide/plugins/com.st.stm32cube.ide.mcu.externaltools.gnu-tools-for-stm32.10.3-2021.10.win32_1.0.100.202210260954/tools/bin/../lib/gcc/arm-none-eabi/10.3.1/../../../../arm-none-eabi/lib/thumb/v7e-m+fp/hard\libc_nano.a(lib_a-strcpy.o)
 .ARM.attributes
                0x00000000000007ab       0x17 e:/installers/stm32/ide/stm32cubeide_1.11.2/stm32cubeide/plugins/com.st.stm32cube.ide.mcu.externaltools.gnu-tools-for-stm32.10.3-2021.10.win32_1.0.100.202210260954/tools/bin/../lib/gcc/arm-none-eabi/10.3.1/../../../../arm-none-eabi/lib/thumb/v7e-m+fp/hard\libc_nano.a(lib_a-strlen.o)
 .ARM.attributes
                0x00000000000007c2       0x34 e:/installers/stm32/ide/stm32cubeide_1.11.2/stm32cubeide/plugins/com.st.stm32cube.ide.mcu.externaltools.gnu-tools-for-stm32.10.3-2021.10.win32_1.0.100.202210260954/tools/bin/../lib/gcc/arm-none-eabi/10.3.1/../../../../arm-none-eabi/lib/thumb/v7e-m+fp/hard\libc_nano.a(lib_a-mlock.o)
 .ARM.attributes
                0x00000000000007f6       0x34 e:/installers/stm32/ide/stm32cubeide_1.11.2/stm32cubeide/plugins/com.st.stm32cube.ide.mcu.externaltools.gnu-tools-for-stm32.10.3-2021.10.win32_1.0.100.202210260954/tools/bin/../lib/gcc/arm-none-eabi/10.3.1/../../../../arm-none-eabi/lib/thumb/v7e-m+fp/hard\libc_nano.a(lib_a-nano-svfprintf.o)
 .ARM.attributes
                0x000000000000082a       0x34 e:/installers/stm32/ide/stm32cubeide_1.11.2/stm32cubeide/plugins/com.st.stm32cube.ide.mcu.externaltools.gnu-tools-for-stm32.10.3-2021.10.win32_1.0.100.202210260954/tools/bin/../lib/gcc/arm-none-eabi/10.3.1/../../../../arm-none-eabi/lib/thumb/v7e-m+fp/hard\libc_nano.a(lib_a-nano-vfprintf_i.o)
 .ARM.attributes
                0x000000000000085e       0x34 e:/installers/stm32/ide/stm32cubeide_1.11.2/stm32cubeide/plugins/com.st.stm32cube.ide.mcu.externaltools.gnu-tools-for-stm32.10.3-2021.10.win32_1.0.100.202210260954/tools/bin/../lib/gcc/arm-none-eabi/10.3.1/../../../../arm-none-eabi/lib/thumb/v7e-m+fp/hard\libc_nano.a(lib_a-reent.o)
 .ARM.attributes
                0x0000000000000892       0x34 e:/installers/stm32/ide/stm32cubeide_1.11.2/stm32cubeide/plugins/com.st.stm32cube.ide.mcu.externaltools.gnu-tools-for-stm32.10.3-2021.10.win32_1.0.100.202210260954/tools/bin/../lib/gcc/arm-none-eabi/10.3.1/../../../../arm-none-eabi/lib/thumb/v7e-m+fp/hard\libc_nano.a(lib_a-lock.o)
 .ARM.attributes
                0x00000000000008c6       0x1c e:/installers/stm32/ide/stm32cubeide_1.11.2/stm32cubeide/plugins/com.st.stm32cube.ide.mcu.externaltools.gnu-tools-for-stm32.10.3-2021.10.win32_1.0.100.202210260954/tools/bin/../lib/gcc/arm-none-eabi/10.3.1/../../../../arm-none-eabi/lib/thumb/v7e-m+fp/hard\libc_nano.a(lib_a-memchr.o)
 .ARM.attributes
                0x00000000000008e2       0x34 e:/installers/stm32/ide/stm32cubeide_1.11.2/stm32cubeide/plugins/com.st.stm32cube.ide.mcu.externaltools.gnu-tools-for-stm32.10.3-2021.10.win32_1.0.100.202210260954/tools/bin/../lib/gcc/arm-none-eabi/10.3.1/../../../../arm-none-eabi/lib/thumb/v7e-m+fp/hard\libc_nano.a(lib_a-memmove.o)
 .ARM.attributes
                0x0000000000000916       0x34 e:/installers/stm32/ide/stm32cubeide_1.11.2/stm32cubeide/plugins/com.st.stm32cube.ide.mcu.externaltools.gnu-tools-for-stm32.10.3-2021.10.win32_1.0.100.202210260954/tools/bin/../lib/gcc/arm-none-eabi/10.3.1/../../../../arm-none-eabi/lib/thumb/v7e-m+fp/hard\libc_nano.a(lib_a-nano-reallocr.o)
 .ARM.attributes
                0x000000000000094a       0x34 e:/installers/stm32/ide/stm32cubeide_1.11.2/stm32cubeide/plugins/com.st.stm32cube.ide.mcu.externaltools.gnu-tools-for-stm32.10.3-2021.10.win32_1.0.100.202210260954/tools/bin/../lib/gcc/arm-none-eabi/10.3.1/../../../../arm-none-eabi/lib/thumb/v7e-m+fp/hard\libc_nano.a(lib_a-nano-msizer.o)
 .ARM.attributes
                0x000000000000097e       0x1e e:/installers/stm32/ide/stm32cubeide_1.11.2/stm32cubeide/plugins/com.st.stm32cube.ide.mcu.externaltools.gnu-tools-for-stm32.10.3-2021.10.win32_1.0.100.202210260954/tools/bin/../lib/gcc/arm-none-eabi/10.3.1/thumb/v7e-m+fp/hard/crtn.o
OUTPUT(finalProject.elf elf32-littlearm)
LOAD linker stubs
LOAD e:/installers/stm32/ide/stm32cubeide_1.11.2/stm32cubeide/plugins/com.st.stm32cube.ide.mcu.externaltools.gnu-tools-for-stm32.10.3-2021.10.win32_1.0.100.202210260954/tools/bin/../lib/gcc/arm-none-eabi/10.3.1/../../../../arm-none-eabi/lib/thumb/v7e-m+fp/hard\libc.a
LOAD e:/installers/stm32/ide/stm32cubeide_1.11.2/stm32cubeide/plugins/com.st.stm32cube.ide.mcu.externaltools.gnu-tools-for-stm32.10.3-2021.10.win32_1.0.100.202210260954/tools/bin/../lib/gcc/arm-none-eabi/10.3.1/../../../../arm-none-eabi/lib/thumb/v7e-m+fp/hard\libm.a
LOAD e:/installers/stm32/ide/stm32cubeide_1.11.2/stm32cubeide/plugins/com.st.stm32cube.ide.mcu.externaltools.gnu-tools-for-stm32.10.3-2021.10.win32_1.0.100.202210260954/tools/bin/../lib/gcc/arm-none-eabi/10.3.1/thumb/v7e-m+fp/hard\libgcc.a

.debug_info     0x0000000000000000    0x1d388
 .debug_info    0x0000000000000000      0xa47 ./Core/Src/LiquidCrystal.o
 .debug_info    0x0000000000000a47     0x2586 ./Core/Src/main.o
 .debug_info    0x0000000000002fcd     0x205c ./Core/Src/stm32f3xx_hal_msp.o
 .debug_info    0x0000000000005029     0x22e6 ./Core/Src/stm32f3xx_it.o
 .debug_info    0x000000000000730f      0x171 ./Core/Src/sysmem.o
 .debug_info    0x0000000000007480      0x416 ./Core/Src/system_stm32f3xx.o
 .debug_info    0x0000000000007896       0x22 ./Core/Startup/startup_stm32f303vctx.o
 .debug_info    0x00000000000078b8      0x807 ./Drivers/STM32F3xx_HAL_Driver/Src/stm32f3xx_hal.o
 .debug_info    0x00000000000080bf      0xb9e ./Drivers/STM32F3xx_HAL_Driver/Src/stm32f3xx_hal_adc.o
 .debug_info    0x0000000000008c5d     0x16b2 ./Drivers/STM32F3xx_HAL_Driver/Src/stm32f3xx_hal_adc_ex.o
 .debug_info    0x000000000000a30f      0xd85 ./Drivers/STM32F3xx_HAL_Driver/Src/stm32f3xx_hal_cortex.o
 .debug_info    0x000000000000b094      0x757 ./Drivers/STM32F3xx_HAL_Driver/Src/stm32f3xx_hal_dma.o
 .debug_info    0x000000000000b7eb      0x68a ./Drivers/STM32F3xx_HAL_Driver/Src/stm32f3xx_hal_gpio.o
 .debug_info    0x000000000000be75     0x214e ./Drivers/STM32F3xx_HAL_Driver/Src/stm32f3xx_hal_i2c.o
 .debug_info    0x000000000000dfc3      0x891 ./Drivers/STM32F3xx_HAL_Driver/Src/stm32f3xx_hal_i2c_ex.o
 .debug_info    0x000000000000e854     0x170c ./Drivers/STM32F3xx_HAL_Driver/Src/stm32f3xx_hal_pcd.o
 .debug_info    0x000000000000ff60     0x1586 ./Drivers/STM32F3xx_HAL_Driver/Src/stm32f3xx_hal_rcc.o
 .debug_info    0x00000000000114e6      0x61d ./Drivers/STM32F3xx_HAL_Driver/Src/stm32f3xx_hal_rcc_ex.o
 .debug_info    0x0000000000011b03     0x178c ./Drivers/STM32F3xx_HAL_Driver/Src/stm32f3xx_hal_spi.o
 .debug_info    0x000000000001328f     0x2ca3 ./Drivers/STM32F3xx_HAL_Driver/Src/stm32f3xx_hal_tim.o
 .debug_info    0x0000000000015f32     0x1679 ./Drivers/STM32F3xx_HAL_Driver/Src/stm32f3xx_hal_tim_ex.o
 .debug_info    0x00000000000175ab     0x3ad3 ./Drivers/STM32F3xx_HAL_Driver/Src/stm32f3xx_hal_uart.o
 .debug_info    0x000000000001b07e      0xcce ./Drivers/STM32F3xx_HAL_Driver/Src/stm32f3xx_hal_uart_ex.o
 .debug_info    0x000000000001bd4c     0x163c ./Drivers/STM32F3xx_HAL_Driver/Src/stm32f3xx_ll_usb.o

.debug_abbrev   0x0000000000000000     0x3498
 .debug_abbrev  0x0000000000000000      0x283 ./Core/Src/LiquidCrystal.o
 .debug_abbrev  0x0000000000000283      0x2d9 ./Core/Src/main.o
 .debug_abbrev  0x000000000000055c      0x219 ./Core/Src/stm32f3xx_hal_msp.o
 .debug_abbrev  0x0000000000000775      0x3d2 ./Core/Src/stm32f3xx_it.o
 .debug_abbrev  0x0000000000000b47       0xbb ./Core/Src/sysmem.o
 .debug_abbrev  0x0000000000000c02      0x116 ./Core/Src/system_stm32f3xx.o
 .debug_abbrev  0x0000000000000d18       0x12 ./Core/Startup/startup_stm32f303vctx.o
 .debug_abbrev  0x0000000000000d2a      0x20e ./Drivers/STM32F3xx_HAL_Driver/Src/stm32f3xx_hal.o
 .debug_abbrev  0x0000000000000f38      0x17a ./Drivers/STM32F3xx_HAL_Driver/Src/stm32f3xx_hal_adc.o
 .debug_abbrev  0x00000000000010b2      0x27a ./Drivers/STM32F3xx_HAL_Driver/Src/stm32f3xx_hal_adc_ex.o
 .debug_abbrev  0x000000000000132c      0x316 ./Drivers/STM32F3xx_HAL_Driver/Src/stm32f3xx_hal_cortex.o
 .debug_abbrev  0x0000000000001642      0x1fe ./Drivers/STM32F3xx_HAL_Driver/Src/stm32f3xx_hal_dma.o
 .debug_abbrev  0x0000000000001840      0x1bb ./Drivers/STM32F3xx_HAL_Driver/Src/stm32f3xx_hal_gpio.o
 .debug_abbrev  0x00000000000019fb      0x243 ./Drivers/STM32F3xx_HAL_Driver/Src/stm32f3xx_hal_i2c.o
 .debug_abbrev  0x0000000000001c3e      0x1b0 ./Drivers/STM32F3xx_HAL_Driver/Src/stm32f3xx_hal_i2c_ex.o
 .debug_abbrev  0x0000000000001dee      0x2c0 ./Drivers/STM32F3xx_HAL_Driver/Src/stm32f3xx_hal_pcd.o
 .debug_abbrev  0x00000000000020ae      0x30c ./Drivers/STM32F3xx_HAL_Driver/Src/stm32f3xx_hal_rcc.o
 .debug_abbrev  0x00000000000023ba      0x239 ./Drivers/STM32F3xx_HAL_Driver/Src/stm32f3xx_hal_rcc_ex.o
 .debug_abbrev  0x00000000000025f3      0x254 ./Drivers/STM32F3xx_HAL_Driver/Src/stm32f3xx_hal_spi.o
 .debug_abbrev  0x0000000000002847      0x25d ./Drivers/STM32F3xx_HAL_Driver/Src/stm32f3xx_hal_tim.o
 .debug_abbrev  0x0000000000002aa4      0x265 ./Drivers/STM32F3xx_HAL_Driver/Src/stm32f3xx_hal_tim_ex.o
 .debug_abbrev  0x0000000000002d09      0x2bc ./Drivers/STM32F3xx_HAL_Driver/Src/stm32f3xx_hal_uart.o
 .debug_abbrev  0x0000000000002fc5      0x2a4 ./Drivers/STM32F3xx_HAL_Driver/Src/stm32f3xx_hal_uart_ex.o
 .debug_abbrev  0x0000000000003269      0x22f ./Drivers/STM32F3xx_HAL_Driver/Src/stm32f3xx_ll_usb.o

.debug_aranges  0x0000000000000000     0x17f8
 .debug_aranges
                0x0000000000000000       0xf8 ./Core/Src/LiquidCrystal.o
 .debug_aranges
                0x00000000000000f8       0x78 ./Core/Src/main.o
 .debug_aranges
                0x0000000000000170       0x88 ./Core/Src/stm32f3xx_hal_msp.o
 .debug_aranges
                0x00000000000001f8      0x148 ./Core/Src/stm32f3xx_it.o
 .debug_aranges
                0x0000000000000340       0x20 ./Core/Src/sysmem.o
 .debug_aranges
                0x0000000000000360       0x28 ./Core/Src/system_stm32f3xx.o
 .debug_aranges
                0x0000000000000388       0x28 ./Core/Startup/startup_stm32f303vctx.o
 .debug_aranges
                0x00000000000003b0       0xe0 ./Drivers/STM32F3xx_HAL_Driver/Src/stm32f3xx_hal.o
 .debug_aranges
                0x0000000000000490       0xc8 ./Drivers/STM32F3xx_HAL_Driver/Src/stm32f3xx_hal_adc.o
 .debug_aranges
                0x0000000000000558      0x168 ./Drivers/STM32F3xx_HAL_Driver/Src/stm32f3xx_hal_adc_ex.o
 .debug_aranges
                0x00000000000006c0      0x118 ./Drivers/STM32F3xx_HAL_Driver/Src/stm32f3xx_hal_cortex.o
 .debug_aranges
                0x00000000000007d8       0x88 ./Drivers/STM32F3xx_HAL_Driver/Src/stm32f3xx_hal_dma.o
 .debug_aranges
                0x0000000000000860       0x58 ./Drivers/STM32F3xx_HAL_Driver/Src/stm32f3xx_hal_gpio.o
 .debug_aranges
                0x00000000000008b8      0x290 ./Drivers/STM32F3xx_HAL_Driver/Src/stm32f3xx_hal_i2c.o
 .debug_aranges
                0x0000000000000b48       0x48 ./Drivers/STM32F3xx_HAL_Driver/Src/stm32f3xx_hal_i2c_ex.o
 .debug_aranges
                0x0000000000000b90      0x138 ./Drivers/STM32F3xx_HAL_Driver/Src/stm32f3xx_hal_pcd.o
 .debug_aranges
                0x0000000000000cc8       0x88 ./Drivers/STM32F3xx_HAL_Driver/Src/stm32f3xx_hal_rcc.o
 .debug_aranges
                0x0000000000000d50       0x38 ./Drivers/STM32F3xx_HAL_Driver/Src/stm32f3xx_hal_rcc_ex.o
 .debug_aranges
                0x0000000000000d88      0x1d8 ./Drivers/STM32F3xx_HAL_Driver/Src/stm32f3xx_hal_spi.o
 .debug_aranges
                0x0000000000000f60      0x3e0 ./Drivers/STM32F3xx_HAL_Driver/Src/stm32f3xx_hal_tim.o
 .debug_aranges
                0x0000000000001340      0x178 ./Drivers/STM32F3xx_HAL_Driver/Src/stm32f3xx_hal_tim_ex.o
 .debug_aranges
                0x00000000000014b8      0x228 ./Drivers/STM32F3xx_HAL_Driver/Src/stm32f3xx_hal_uart.o
 .debug_aranges
                0x00000000000016e0       0x68 ./Drivers/STM32F3xx_HAL_Driver/Src/stm32f3xx_hal_uart_ex.o
 .debug_aranges
                0x0000000000001748       0xb0 ./Drivers/STM32F3xx_HAL_Driver/Src/stm32f3xx_ll_usb.o

.debug_ranges   0x0000000000000000     0x16c8
 .debug_ranges  0x0000000000000000       0xe8 ./Core/Src/LiquidCrystal.o
 .debug_ranges  0x00000000000000e8       0x68 ./Core/Src/main.o
 .debug_ranges  0x0000000000000150       0x78 ./Core/Src/stm32f3xx_hal_msp.o
 .debug_ranges  0x00000000000001c8      0x150 ./Core/Src/stm32f3xx_it.o
 .debug_ranges  0x0000000000000318       0x10 ./Core/Src/sysmem.o
 .debug_ranges  0x0000000000000328       0x18 ./Core/Src/system_stm32f3xx.o
 .debug_ranges  0x0000000000000340       0x20 ./Core/Startup/startup_stm32f303vctx.o
 .debug_ranges  0x0000000000000360       0xd0 ./Drivers/STM32F3xx_HAL_Driver/Src/stm32f3xx_hal.o
 .debug_ranges  0x0000000000000430       0xb8 ./Drivers/STM32F3xx_HAL_Driver/Src/stm32f3xx_hal_adc.o
 .debug_ranges  0x00000000000004e8      0x158 ./Drivers/STM32F3xx_HAL_Driver/Src/stm32f3xx_hal_adc_ex.o
 .debug_ranges  0x0000000000000640      0x108 ./Drivers/STM32F3xx_HAL_Driver/Src/stm32f3xx_hal_cortex.o
 .debug_ranges  0x0000000000000748       0x78 ./Drivers/STM32F3xx_HAL_Driver/Src/stm32f3xx_hal_dma.o