Archive member included to satisfy reference by file (symbol)

e:/installers/stm32/ide/stm32cubeide_1.11.2/stm32cubeide/plugins/com.st.stm32cube.ide.mcu.externaltools.gnu-tools-for-stm32.10.3-2021.10.win32_1.0.100.202210260954/tools/bin/../lib/gcc/arm-none-eabi/10.3.1/../../../../arm-none-eabi/lib/thumb/v7e-m+fp/hard\libc_nano.a(lib_a-errno.o)
                              ./Core/Src/syscalls.o (__errno)
e:/installers/stm32/ide/stm32cubeide_1.11.2/stm32cubeide/plugins/com.st.stm32cube.ide.mcu.externaltools.gnu-tools-for-stm32.10.3-2021.10.win32_1.0.100.202210260954/tools/bin/../lib/gcc/arm-none-eabi/10.3.1/../../../../arm-none-eabi/lib/thumb/v7e-m+fp/hard\libc_nano.a(lib_a-exit.o)
                              e:/installers/stm32/ide/stm32cubeide_1.11.2/stm32cubeide/plugins/com.st.stm32cube.ide.mcu.externaltools.gnu-tools-for-stm32.10.3-2021.10.win32_1.0.100.202210260954/tools/bin/../lib/gcc/arm-none-eabi/10.3.1/../../../../arm-none-eabi/lib/thumb/v7e-m+fp/hard/crt0.o (exit)
e:/installers/stm32/ide/stm32cubeide_1.11.2/stm32cubeide/plugins/com.st.stm32cube.ide.mcu.externaltools.gnu-tools-for-stm32.10.3-2021.10.win32_1.0.100.202210260954/tools/bin/../lib/gcc/arm-none-eabi/10.3.1/../../../../arm-none-eabi/lib/thumb/v7e-m+fp/hard\libc_nano.a(lib_a-impure.o)
                              e:/installers/stm32/ide/stm32cubeide_1.11.2/stm32cubeide/plugins/com.st.stm32cube.ide.mcu.externaltools.gnu-tools-for-stm32.10.3-2021.10.win32_1.0.100.202210260954/tools/bin/../lib/gcc/arm-none-eabi/10.3.1/../../../../arm-none-eabi/lib/thumb/v7e-m+fp/hard\libc_nano.a(lib_a-exit.o) (_global_impure_ptr)
e:/installers/stm32/ide/stm32cubeide_1.11.2/stm32cubeide/plugins/com.st.stm32cube.ide.mcu.externaltools.gnu-tools-for-stm32.10.3-2021.10.win32_1.0.100.202210260954/tools/bin/../lib/gcc/arm-none-eabi/10.3.1/../../../../arm-none-eabi/lib/thumb/v7e-m+fp/hard\libc_nano.a(lib_a-init.o)
                              e:/installers/stm32/ide/stm32cubeide_1.11.2/stm32cubeide/plugins/com.st.stm32cube.ide.mcu.externaltools.gnu-tools-for-stm32.10.3-2021.10.win32_1.0.100.202210260954/tools/bin/../lib/gcc/arm-none-eabi/10.3.1/../../../../arm-none-eabi/lib/thumb/v7e-m+fp/hard/crt0.o (__libc_init_array)
e:/installers/stm32/ide/stm32cubeide_1.11.2/stm32cubeide/plugins/com.st.stm32cube.ide.mcu.externaltools.gnu-tools-for-stm32.10.3-2021.10.win32_1.0.100.202210260954/tools/bin/../lib/gcc/arm-none-eabi/10.3.1/../../../../arm-none-eabi/lib/thumb/v7e-m+fp/hard\libc_nano.a(lib_a-malloc.o)
                              ./Core/Src/stm32f3xx_it.o (malloc)
e:/installers/stm32/ide/stm32cubeide_1.11.2/stm32cubeide/plugins/com.st.stm32cube.ide.mcu.externaltools.gnu-tools-for-stm32.10.3-2021.10.win32_1.0.100.202210260954/tools/bin/../lib/gcc/arm-none-eabi/10.3.1/../../../../arm-none-eabi/lib/thumb/v7e-m+fp/hard\libc_nano.a(lib_a-memcpy-stub.o)
                              ./Core/Src/stm32f3xx_it.o (memcpy)
e:/installers/stm32/ide/stm32cubeide_1.11.2/stm32cubeide/plugins/com.st.stm32cube.ide.mcu.externaltools.gnu-tools-for-stm32.10.3-2021.10.win32_1.0.100.202210260954/tools/bin/../lib/gcc/arm-none-eabi/10.3.1/../../../../arm-none-eabi/lib/thumb/v7e-m+fp/hard\libc_nano.a(lib_a-memset.o)
                              e:/installers/stm32/ide/stm32cubeide_1.11.2/stm32cubeide/plugins/com.st.stm32cube.ide.mcu.externaltools.gnu-tools-for-stm32.10.3-2021.10.win32_1.0.100.202210260954/tools/bin/../lib/gcc/arm-none-eabi/10.3.1/../../../../arm-none-eabi/lib/thumb/v7e-m+fp/hard/crt0.o (memset)
e:/installers/stm32/ide/stm32cubeide_1.11.2/stm32cubeide/plugins/com.st.stm32cube.ide.mcu.externaltools.gnu-tools-for-stm32.10.3-2021.10.win32_1.0.100.202210260954/tools/bin/../lib/gcc/arm-none-eabi/10.3.1/../../../../arm-none-eabi/lib/thumb/v7e-m+fp/hard\libc_nano.a(lib_a-nano-freer.o)
                              e:/installers/stm32/ide/stm32cubeide_1.11.2/stm32cubeide/plugins/com.st.stm32cube.ide.mcu.externaltools.gnu-tools-for-stm32.10.3-2021.10.win32_1.0.100.202210260954/tools/bin/../lib/gcc/arm-none-eabi/10.3.1/../../../../arm-none-eabi/lib/thumb/v7e-m+fp/hard\libc_nano.a(lib_a-malloc.o) (_free_r)
e:/installers/stm32/ide/stm32cubeide_1.11.2/stm32cubeide/plugins/com.st.stm32cube.ide.mcu.externaltools.gnu-tools-for-stm32.10.3-2021.10.win32_1.0.100.202210260954/tools/bin/../lib/gcc/arm-none-eabi/10.3.1/../../../../arm-none-eabi/lib/thumb/v7e-m+fp/hard\libc_nano.a(lib_a-nano-mallocr.o)
                              e:/installers/stm32/ide/stm32cubeide_1.11.2/stm32cubeide/plugins/com.st.stm32cube.ide.mcu.externaltools.gnu-tools-for-stm32.10.3-2021.10.win32_1.0.100.202210260954/tools/bin/../lib/gcc/arm-none-eabi/10.3.1/../../../../arm-none-eabi/lib/thumb/v7e-m+fp/hard\libc_nano.a(lib_a-malloc.o) (_malloc_r)
[...]
Memory Configuration

Name             Origin             Length             Attributes
CCMRAM           0x0000000010000000 0x0000000000002000 xrw
RAM              0x0000000020000000 0x000000000000a000 xrw
FLASH            0x0000000008000000 0x0000000000040000 xr
*default*        0x0000000000000000 0xffffffffffffffff

Linker script and memory map

LOAD e:/installers/stm32/ide/stm32cubeide_1.11.2/stm32cubeide/plugins/com.st.stm32cube.ide.mcu.externaltools.gnu-tools-for-stm32.10.3-2021.10.win32_1.0.100.202210260954/tools/bin/../lib/gcc/arm-none-eabi/10.3.1/thumb/v7e-m+fp/hard/crti.o
LOAD e:/installers/stm32/ide/stm32cubeide_1.11.2/stm32cubeide/plugins/com.st.stm32cube.ide.mcu.externaltools.gnu-tools-for-stm32.10.3-2021.10.win32_1.0.100.202210260954/tools/bin/../lib/gcc/arm-none-eabi/10.3.1/thumb/v7e-m+fp/hard/crtbegin.o
LOAD e:/installers/stm32/ide/stm32cubeide_1.11.2/stm32cubeide/plugins/com.st.stm32cube.ide.mcu.externaltools.gnu-tools-for-stm32.10.3-2021.10.win32_1.0.100.202210260954/tools/bin/../lib/gcc/arm-none-eabi/10.3.1/../../../../arm-none-eabi/lib/thumb/v7e-m+fp/hard/crt0.o
LOAD ./Core/Src/LiquidCrystal.o
LOAD ./Core/Src/main.o
LOAD ./Core/Src/stm32f3xx_hal_msp.o
LOAD ./Core/Src/stm32f3xx_it.o
LOAD ./Core/Src/syscalls.o
LOAD ./Core/Src/sysmem.o
LOAD ./Core/Src/system_stm32f3xx.o
LOAD ./Core/Startup/startup_stm32f303vctx.o
LOAD ./Drivers/STM32F3xx_HAL_Driver/Src/stm32f3xx_hal.o
LOAD ./Drivers/STM32F3xx_HAL_Driver/Src/stm32f3xx_hal_adc.o
LOAD ./Drivers/STM32F3xx_HAL_Driver/Src/stm32f3xx_hal_adc_ex.o
LOAD ./Drivers/STM32F3xx_HAL_Driver/Src/stm32f3xx_hal_cortex.o
LOAD ./Drivers/STM32F3xx_HAL_Driver/Src/stm32f3xx_hal_dma.o
LOAD ./Drivers/STM32F3xx_HAL_Driver/Src/stm32f3xx_hal_exti.o
LOAD ./Drivers/STM32F3xx_HAL_Driver/Src/stm32f3xx_hal_flash.o
LOAD ./Drivers/STM32F3xx_HAL_Driver/Src/stm32f3xx_hal_flash_ex.o
LOAD ./Drivers/STM32F3xx_HAL_Driver/Src/stm32f3xx_hal_gpio.o
LOAD ./Drivers/STM32F3xx_HAL_Driver/Src/stm32f3xx_hal_i2c.o
LOAD ./Drivers/STM32F3xx_HAL_Driver/Src/stm32f3xx_hal_i2c_ex.o
LOAD ./Drivers/STM32F3xx_HAL_Driver/Src/stm32f3xx_hal_pcd.o
LOAD ./Drivers/STM32F3xx_HAL_Driver/Src/stm32f3xx_hal_pcd_ex.o
LOAD ./Drivers/STM32F3xx_HAL_Driver/Src/stm32f3xx_hal_pwr.o
LOAD ./Drivers/STM32F3xx_HAL_Driver/Src/stm32f3xx_hal_pwr_ex.o
LOAD ./Drivers/STM32F3xx_HAL_Driver/Src/stm32f3xx_hal_rcc.o
LOAD ./Drivers/STM32F3xx_HAL_Driver/Src/stm32f3xx_hal_rcc_ex.o
LOAD ./Drivers/STM32F3xx_HAL_Driver/Src/stm32f3xx_hal_spi.o
LOAD ./Drivers/STM32F3xx_HAL_Driver/Src/stm32f3xx_hal_spi_ex.o
LOAD ./Drivers/STM32F3xx_HAL_Driver/Src/stm32f3xx_hal_tim.o
LOAD ./Drivers/STM32F3xx_HAL_Driver/Src/stm32f3xx_hal_tim_ex.o
LOAD ./Drivers/STM32F3xx_HAL_Driver/Src/stm32f3xx_hal_uart.o
LOAD ./Drivers/STM32F3xx_HAL_Driver/Src/stm32f3xx_hal_uart_ex.o
LOAD ./Drivers/STM32F3xx_HAL_Driver/Src/stm32f3xx_ll_usb.o
START GROUP
LOAD e:/installers/stm32/ide/stm32cubeide_1.11.2/stm32cubeide/plugins/com.st.stm32cube.ide.mcu.externaltools.gnu-tools-for-stm32.10.3-2021.10.win32_1.0.100.202210260954/tools/bin/../lib/gcc/arm-none-eabi/10.3.1/../../../../arm-none-eabi/lib/thumb/v7e-m+fp/hard\libc_nano.a
LOAD e:/installers/stm32/ide/stm32cubeide_1.11.2/stm32cubeide/plugins/com.st.stm32cube.ide.mcu.externaltools.gnu-tools-for-stm32.10.3-2021.10.win32_1.0.100.202210260954/tools/bin/../lib/gcc/arm-none-eabi/10.3.1/../../../../arm-none-eabi/lib/thumb/v7e-m+fp/hard\libm.a
END GROUP
START GROUP
LOAD e:/installers/stm32/ide/stm32cubeide_1.11.2/stm32cubeide/plugins/com.st.stm32cube.ide.mcu.externaltools.gnu-tools-for-stm32.10.3-2021.10.win32_1.0.100.202210260954/tools/bin/../lib/gcc/arm-none-eabi/10.3.1/thumb/v7e-m+fp/hard\libgcc.a
LOAD e:/installers/stm32/ide/stm32cubeide_1.11.2/stm32cubeide/plugins/com.st.stm32cube.ide.mcu.externaltools.gnu-tools-for-stm32.10.3-2021.10.win32_1.0.100.202210260954/tools/bin/../lib/gcc/arm-none-eabi/10.3.1/../../../../arm-none-eabi/lib/thumb/v7e-m+fp/hard\libc_nano.a
END GROUP
START GROUP
LOAD e:/installers/stm32/ide/stm32cubeide_1.11.2/stm32cubeide/plugins/com.st.stm32cube.ide.mcu.externaltools.gnu-tools-for-stm32.10.3-2021.10.win32_1.0.100.202210260954/tools/bin/../lib/gcc/arm-none-eabi/10.3.1/thumb/v7e-m+fp/hard\libgcc.a
LOAD e:/installers/stm32/ide/stm32cubeide_1.11.2/stm32cubeide/plugins/com.st.stm32cube.ide.mcu.externaltools.gnu-tools-for-stm32.10.3-2021.10.win32_1.0.100.202210260954/tools/bin/../lib/gcc/arm-none-eabi/10.3.1/../../../../arm-none-eabi/lib/thumb/v7e-m+fp/hard\libc_nano.a
LOAD e:/installers/stm32/ide/stm32cubeide_1.11.2/stm32cubeide/plugins/com.st.stm32cube.ide.mcu.externaltools.gnu-tools-for-stm32.10.3-2021.10.win32_1.0.100.202210260954/tools/bin/../lib/gcc/arm-none-eabi/10.3.1/../../../../arm-none-eabi/lib/thumb/v7e-m+fp/hard\libnosys.a
END GROUP
START GROUP
LOAD e:/installers/stm32/ide/stm32cubeide_1.11.2/stm32cubeide/plugins/com.st.stm32cube.ide.mcu.externaltools.gnu-tools-for-stm32.10.3-2021.10.win32_1.0.100.202210260954/tools/bin/../lib/gcc/arm-none-eabi/10.3.1/thumb/v7e-m+fp/hard\libgcc.a
LOAD e:/installers/stm32/ide/stm32cubeide_1.11.2/stm32cubeide/plugins/com.st.stm32cube.ide.mcu.externaltools.gnu-tools-for-stm32.10.3-2021.10.win32_1.0.100.202210260954/tools/bin/../lib/gcc/arm-none-eabi/10.3.1/../../../../arm-none-eabi/lib/thumb/v7e-m+fp/hard\libc_nano.a
LOAD e:/installers/stm32/ide/stm32cubeide_1.11.2/stm32cubeide/plugins/com.st.stm32cube.ide.mcu.externaltools.gnu-tools-for-stm32.10.3-2021.10.win32_1.0.100.202210260954/tools/bin/../lib/gcc/arm-none-eabi/10.3.1/../../../../arm-none-eabi/lib/thumb/v7e-m+fp/hard\libnosys.a
END GROUP
LOAD e:/installers/stm32/ide/stm32cubeide_1.11.2/stm32cubeide/plugins/com.st.stm32cube.ide.mcu.externaltools.gnu-tools-for-stm32.10.3-2021.10.win32_1.0.100.202210260954/tools/bin/../lib/gcc/arm-none-eabi/10.3.1/thumb/v7e-m+fp/hard/crtend.o
LOAD e:/installers/stm32/ide/stm32cubeide_1.11.2/stm32cubeide/plugins/com.st.stm32cube.ide.mcu.externaltools.gnu-tools-for-stm32.10.3-2021.10.win32_1.0.100.202210260954/tools/bin/../lib/gcc/arm-none-eabi/10.3.1/thumb/v7e-m+fp/hard/crtn.o
                0x000000002000a000                _estack = (ORIGIN (RAM) + LENGTH (RAM))
                0x0000000000000200                _Min_Heap_Size = 0x200
                0x0000000000000400                _Min_Stack_Size = 0x400

.isr_vector     0x0000000008000000      0x188
                0x0000000008000000                . = ALIGN (0x4)
 *(.isr_vector)
 .isr_vector    0x0000000008000000      0x188 ./Core/Startup/startup_stm32f303vctx.o
                0x0000000008000000                g_pfnVectors
                0x0000000008000188                . = ALIGN (0x4)

.text           0x0000000008000190     0xd17c
                0x0000000008000190                . = ALIGN (0x4)
 *(.text)
 .text          0x0000000008000190       0x40 e:/installers/stm32/ide/stm32cubeide_1.11.2/stm32cubeide/plugins/com.st.stm32cube.ide.mcu.externaltools.gnu-tools-for-stm32.10.3-2021.10.win32_1.0.100.202210260954/tools/bin/../lib/gcc/arm-none-eabi/10.3.1/thumb/v7e-m+fp/hard/crtbegin.o
 .text          0x00000000080001d0       0x14 e:/installers/stm32/ide/stm32cubeide_1.11.2/stm32cubeide/plugins/com.st.stm32cube.ide.mcu.externaltools.gnu-tools-for-stm32.10.3-2021.10.win32_1.0.100.202210260954/tools/bin/../lib/gcc/arm-none-eabi/10.3.1/../../../../arm-none-eabi/lib/thumb/v7e-m+fp/hard\libc_nano.a(lib_a-strcmp.o)
                0x00000000080001d0                strcmp
 .text          0x00000000080001e4       0x10 e:/installers/stm32/ide/stm32cubeide_1.11.2/stm32cubeide/plugins/com.st.stm32cube.ide.mcu.externaltools.gnu-tools-for-stm32.10.3-2021.10.win32_1.0.100.202210260954/tools/bin/../lib/gcc/arm-none-eabi/10.3.1/../../../../arm-none-eabi/lib/thumb/v7e-m+fp/hard\libc_nano.a(lib_a-strlen.o)
                0x00000000080001e4                strlen
 *fill*         0x00000000080001f4        0xc 
 .text          0x0000000008000200       0xa0 e:/installers/stm32/ide/stm32cubeide_1.11.2/stm32cubeide/plugins/com.st.stm32cube.ide.mcu.externaltools.gnu-tools-for-stm32.10.3-2021.10.win32_1.0.100.202210260954/tools/bin/../lib/gcc/arm-none-eabi/10.3.1/../../../../arm-none-eabi/lib/thumb/v7e-m+fp/hard\libc_nano.a(lib_a-memchr.o)
                0x0000000008000200                memchr
 .text          0x00000000080002a0      0x378 e:/installers/stm32/ide/stm32cubeide_1.11.2/stm32cubeide/plugins/com.st.stm32cube.ide.mcu.externaltools.gnu-tools-for-stm32.10.3-2021.10.win32_1.0.100.202210260954/tools/bin/../lib/gcc/arm-none-eabi/10.3.1/thumb/v7e-m+fp/hard\libgcc.a(_arm_addsubdf3.o)
                0x00000000080002a0                __aeabi_drsub
                0x00000000080002a8                __aeabi_dsub
                0x00000000080002a8                __subdf3
                0x00000000080002ac                __aeabi_dadd
                0x00000000080002ac                __adddf3
                0x0000000008000524                __floatunsidf
                0x0000000008000524                __aeabi_ui2d
                0x0000000008000544                __floatsidf
                0x0000000008000544                __aeabi_i2d
                0x0000000008000568                __aeabi_f2d
                0x0000000008000568                __extendsfdf2
                0x00000000080005ac                __floatundidf
                0x00000000080005ac                __aeabi_ul2d
                0x00000000080005bc                __floatdidf
                0x00000000080005bc                __aeabi_l2d
 .text          0x0000000008000618      0x424 e:/installers/stm32/ide/stm32cubeide_1.11.2/stm32cubeide/plugins/com.st.stm32cube.ide.mcu.externaltools.gnu-tools-for-stm32.10.3-2021.10.win32_1.0.100.202210260954/tools/bin/../lib/gcc/arm-none-eabi/10.3.1/thumb/v7e-m+fp/hard\libgcc.a(_arm_muldivdf3.o)
                0x0000000008000618                __aeabi_dmul
                0x0000000008000618                __muldf3
                0x000000000800086c                __divdf3
                0x000000000800086c                __aeabi_ddiv
 .text          0x0000000008000a3c      0x110 e:/installers/stm32/ide/stm32cubeide_1.11.2/stm32cubeide/plugins/com.st.stm32cube.ide.mcu.externaltools.gnu-tools-for-stm32.10.3-2021.10.win32_1.0.100.202210260954/tools/bin/../lib/gcc/arm-none-eabi/10.3.1/thumb/v7e-m+fp/hard\libgcc.a(_arm_cmpdf2.o)
                0x0000000008000a3c                __gtdf2
                0x0000000008000a3c                __gedf2
                0x0000000008000a44                __ltdf2
                0x0000000008000a44                __ledf2
                0x0000000008000a4c                __nedf2
                0x0000000008000a4c                __eqdf2
                0x0000000008000a4c                __cmpdf2
                0x0000000008000ac8                __aeabi_cdrcmple
                0x0000000008000ad8                __aeabi_cdcmpeq
                0x0000000008000ad8                __aeabi_cdcmple
                0x0000000008000ae8                __aeabi_dcmpeq
                0x0000000008000afc                __aeabi_dcmplt
                0x0000000008000b10                __aeabi_dcmple
                0x0000000008000b24                __aeabi_dcmpge
                0x0000000008000b38                __aeabi_dcmpgt
 .text          0x0000000008000b4c       0x50 e:/installers/stm32/ide/stm32cubeide_1.11.2/stm32cubeide/plugins/com.st.stm32cube.ide.mcu.externaltools.gnu-tools-for-stm32.10.3-2021.10.win32_1.0.100.202210260954/tools/bin/../lib/gcc/arm-none-eabi/10.3.1/thumb/v7e-m+fp/hard\libgcc.a(_arm_fixdfsi.o)
                0x0000000008000b4c                __aeabi_d2iz
                0x0000000008000b4c                __fixdfsi
 *(.text*)
 .text.LiquidCrystal
                0x0000000008000b9c       0x94 ./Core/Src/LiquidCrystal.o
                0x0000000008000b9c                LiquidCrystal
 .text.init     0x0000000008000c30       0x9c ./Core/Src/LiquidCrystal.o
                0x0000000008000c30                init
 .text.begin    0x0000000008000ccc      0x220 ./Core/Src/LiquidCrystal.o
                0x0000000008000ccc                begin
 .text.enableClock
                0x0000000008000eec      0x128 ./Core/Src/LiquidCrystal.o
                0x0000000008000eec                enableClock
 .text.setRowOffsets
                0x0000000008001014       0x40 ./Core/Src/LiquidCrystal.o
                0x0000000008001014                setRowOffsets
 .text.clear    0x0000000008001054       0x14 ./Core/Src/LiquidCrystal.o
                0x0000000008001054                clear
 .text.setCursor
                0x0000000008001068       0x64 ./Core/Src/LiquidCrystal.o
                0x0000000008001068                setCursor
 .text.noDisplay
                0x00000000080010cc       0x2c ./Core/Src/LiquidCrystal.o
                0x00000000080010cc                noDisplay
 .text.display  0x00000000080010f8       0x2c ./Core/Src/LiquidCrystal.o
                0x00000000080010f8                display
 .text.print    0x0000000008001124       0x56 ./Core/Src/LiquidCrystal.o
                0x0000000008001124                print
 .text.command  0x000000000800117a       0x1c ./Core/Src/LiquidCrystal.o
                0x000000000800117a                command
 .text.write    0x0000000008001196       0x1e ./Core/Src/LiquidCrystal.o
                0x0000000008001196                write
 .text.send     0x00000000080011b4       0x7c ./Core/Src/LiquidCrystal.o
                0x00000000080011b4                send
 .text.pulseEnable
                0x0000000008001230       0x54 ./Core/Src/LiquidCrystal.o
                0x0000000008001230                pulseEnable
 .text.write4bits
                0x0000000008001284       0x54 ./Core/Src/LiquidCrystal.o
                0x0000000008001284                write4bits
 .text.write8bits
                0x00000000080012d8       0x54 ./Core/Src/LiquidCrystal.o
                0x00000000080012d8                write8bits
 .text.buzzerInit
                0x000000000800132c       0x30 ./Core/Src/main.o
                0x000000000800132c                buzzerInit
 .text.main     0x000000000800135c       0xcc ./Core/Src/main.o
                0x000000000800135c                main
 .text.SystemClock_Config
                0x0000000008001428       0xcc ./Core/Src/main.o
                0x0000000008001428                SystemClock_Config
 .text.MX_ADC1_Init
                0x00000000080014f4       0xe0 ./Core/Src/main.o
 .text.MX_ADC2_Init
                0x00000000080015d4       0xbc ./Core/Src/main.o
 .text.MX_I2C1_Init
                0x0000000008001690       0x80 ./Core/Src/main.o
 .text.MX_SPI1_Init
                0x0000000008001710       0x7c ./Core/Src/main.o
 .text.MX_TIM2_Init
                0x000000000800178c       0xec ./Core/Src/main.o
 .text.MX_TIM3_Init
                0x0000000008001878       0x9c ./Core/Src/main.o
 .text.MX_TIM6_Init
                0x0000000008001914       0x6c ./Core/Src/main.o
 .text.MX_USART2_UART_Init
                0x0000000008001980       0x60 ./Core/Src/main.o
 .text.MX_USB_PCD_Init
                0x00000000080019e0       0x44 ./Core/Src/main.o
 .text.MX_GPIO_Init
                0x0000000008001a24      0x1f0 ./Core/Src/main.o
 .text.Error_Handler
                0x0000000008001c14        0xa ./Core/Src/main.o
                0x0000000008001c14                Error_Handler
 *fill*         0x0000000008001c1e        0x2 
 .text.HAL_MspInit
                0x0000000008001c20       0x48 ./Core/Src/stm32f3xx_hal_msp.o
                0x0000000008001c20                HAL_MspInit
 .text.HAL_ADC_MspInit
                0x0000000008001c68      0x11c ./Core/Src/stm32f3xx_hal_msp.o
                0x0000000008001c68                HAL_ADC_MspInit
 .text.HAL_I2C_MspInit
                0x0000000008001d84       0x88 ./Core/Src/stm32f3xx_hal_msp.o
                0x0000000008001d84                HAL_I2C_MspInit
 .text.HAL_SPI_MspInit
                0x0000000008001e0c       0x84 ./Core/Src/stm32f3xx_hal_msp.o
                0x0000000008001e0c                HAL_SPI_MspInit
 .text.HAL_TIM_Base_MspInit
                0x0000000008001e90       0xb8 ./Core/Src/stm32f3xx_hal_msp.o
                0x0000000008001e90                HAL_TIM_Base_MspInit
 .text.HAL_TIM_MspPostInit
                0x0000000008001f48       0x6c ./Core/Src/stm32f3xx_hal_msp.o
                0x0000000008001f48                HAL_TIM_MspPostInit
 .text.HAL_UART_MspInit
                0x0000000008001fb4       0x94 ./Core/Src/stm32f3xx_hal_msp.o
                0x0000000008001fb4                HAL_UART_MspInit
 .text.HAL_PCD_MspInit
                0x0000000008002048       0x88 ./Core/Src/stm32f3xx_hal_msp.o
                0x0000000008002048                HAL_PCD_MspInit
 .text.createNode
                0x00000000080020d0       0x76 ./Core/Src/stm32f3xx_it.o
                0x00000000080020d0                createNode
 *fill*         0x0000000008002146        0x2 
 .text.GenerateMenu
                0x0000000008002148      0xe70 ./Core/Src/stm32f3xx_it.o
                0x0000000008002148                GenerateMenu
 .text.createScenario
                0x0000000008002fb8      0x43c ./Core/Src/stm32f3xx_it.o
                0x0000000008002fb8                createScenario
 .text.ShowMenu
                0x00000000080033f4       0xf0 ./Core/Src/stm32f3xx_it.o
                0x00000000080033f4                ShowMenu
 .text.ShowInfo
                0x00000000080034e4       0xf0 ./Core/Src/stm32f3xx_it.o
                0x00000000080034e4                ShowInfo
 .text.changeOption
                0x00000000080035d4      0x188 ./Core/Src/stm32f3xx_it.o
                0x00000000080035d4                changeOption
 .text.SetMenu  0x000000000800375c       0x78 ./Core/Src/stm32f3xx_it.o
                0x000000000800375c                SetMenu
 .text.messageSetter
                0x00000000080037d4       0xf0 ./Core/Src/stm32f3xx_it.o
                0x00000000080037d4                messageSetter
 .text.setOn    0x00000000080038c4      0x21c ./Core/Src/stm32f3xx_it.o
                0x00000000080038c4                setOn
 .text.setExactOn
                0x0000000008003ae0      0x134 ./Core/Src/stm32f3xx_it.o
                0x0000000008003ae0                setExactOn
 .text.setThreshold
                0x0000000008003c14       0x98 ./Core/Src/stm32f3xx_it.o
                0x0000000008003c14                setThreshold
 .text.setExcactThreshold
                0x0000000008003cac       0x30 ./Core/Src/stm32f3xx_it.o
                0x0000000008003cac                setExcactThreshold
 .text.setLigthToggle
                0x0000000008003cdc       0xbc ./Core/Src/stm32f3xx_it.o
                0x0000000008003cdc                setLigthToggle
 .text.setExactLight
                0x0000000008003d98       0xbc ./Core/Src/stm32f3xx_it.o
                0x0000000008003d98                setExactLight
 .text.setScenario
                0x0000000008003e54       0xa4 ./Core/Src/stm32f3xx_it.o
                0x0000000008003e54                setScenario
 .text.charSelector
                0x0000000008003ef8      0x2dc ./Core/Src/stm32f3xx_it.o
                0x0000000008003ef8                charSelector
 .text.stateCountsForEachKey
                0x00000000080041d4       0x78 ./Core/Src/stm32f3xx_it.o
                0x00000000080041d4                stateCountsForEachKey
 .text.nextCurrentNode
                0x000000000800424c       0xa8 ./Core/Src/stm32f3xx_it.o
                0x000000000800424c                nextCurrentNode
 .text.keyHandler
                0x00000000080042f4      0x838 ./Core/Src/stm32f3xx_it.o
                0x00000000080042f4                keyHandler
 .text.buzzerChangeTone
                0x0000000008004b2c      0x17c ./Core/Src/stm32f3xx_it.o
                0x0000000008004b2c                buzzerChangeTone
 .text.alarm    0x0000000008004ca8      0x1c4 ./Core/Src/stm32f3xx_it.o
                0x0000000008004ca8                alarm
 .text.NMI_Handler
                0x0000000008004e6c        0x6 ./Core/Src/stm32f3xx_it.o
                0x0000000008004e6c                NMI_Handler
 .text.HardFault_Handler
                0x0000000008004e72        0x6 ./Core/Src/stm32f3xx_it.o
                0x0000000008004e72                HardFault_Handler
 .text.MemManage_Handler
                0x0000000008004e78        0x6 ./Core/Src/stm32f3xx_it.o
                0x0000000008004e78                MemManage_Handler
 .text.BusFault_Handler
                0x0000000008004e7e        0x6 ./Core/Src/stm32f3xx_it.o
                0x0000000008004e7e                BusFault_Handler
 .text.UsageFault_Handler
                0x0000000008004e84        0x6 ./Core/Src/stm32f3xx_it.o
                0x0000000008004e84                UsageFault_Handler
 .text.SVC_Handler
                0x0000000008004e8a        0xe ./Core/Src/stm32f3xx_it.o
                0x0000000008004e8a                SVC_Handler
 .text.DebugMon_Handler
                0x0000000008004e98        0xe ./Core/Src/stm32f3xx_it.o
                0x0000000008004e98                DebugMon_Handler
 .text.PendSV_Handler
                0x0000000008004ea6        0xe ./Core/Src/stm32f3xx_it.o
                0x0000000008004ea6                PendSV_Handler
 .text.SysTick_Handler
                0x0000000008004eb4        0xc ./Core/Src/stm32f3xx_it.o
                0x0000000008004eb4                SysTick_Handler
 .text.EXTI0_IRQHandler
                0x0000000008004ec0      0x13c ./Core/Src/stm32f3xx_it.o
                0x0000000008004ec0                EXTI0_IRQHandler
 .text.EXTI1_IRQHandler
                0x0000000008004ffc      0x14c ./Core/Src/stm32f3xx_it.o
                0x0000000008004ffc                EXTI1_IRQHandler
 .text.EXTI2_TSC_IRQHandler
                0x0000000008005148      0x14c ./Core/Src/stm32f3xx_it.o
                0x0000000008005148                EXTI2_TSC_IRQHandler
 .text.EXTI3_IRQHandler
                0x0000000008005294      0x14c ./Core/Src/stm32f3xx_it.o
                0x0000000008005294                EXTI3_IRQHandler
 .text.EXTI4_IRQHandler
                0x00000000080053e0       0x34 ./Core/Src/stm32f3xx_it.o
                0x00000000080053e0                EXTI4_IRQHandler
 .text.ADC1_2_IRQHandler
                0x0000000008005414       0xec ./Core/Src/stm32f3xx_it.o
                0x0000000008005414                ADC1_2_IRQHandler
 .text.EXTI9_5_IRQHandler
                0x0000000008005500        0xe ./Core/Src/stm32f3xx_it.o
                0x0000000008005500                EXTI9_5_IRQHandler
 *fill*         0x000000000800550e        0x2 
 .text.TIM2_IRQHandler
                0x0000000008005510       0x18 ./Core/Src/stm32f3xx_it.o
                0x0000000008005510                TIM2_IRQHandler
 .text.TIM3_IRQHandler
                0x0000000008005528       0x18 ./Core/Src/stm32f3xx_it.o
                0x0000000008005528                TIM3_IRQHandler
 .text.USART2_IRQHandler
                0x0000000008005540       0x14 ./Core/Src/stm32f3xx_it.o
                0x0000000008005540                USART2_IRQHandler
 .text.TIM6_DAC_IRQHandler
                0x0000000008005554      0x310 ./Core/Src/stm32f3xx_it.o
                0x0000000008005554                TIM6_DAC_IRQHandler
 .text._sbrk    0x0000000008005864       0x6c ./Core/Src/sysmem.o
                0x0000000008005864                _sbrk
 .text.SystemInit
                0x00000000080058d0       0x24 ./Core/Src/system_stm32f3xx.o
                0x00000000080058d0                SystemInit
 .text.Reset_Handler
                0x00000000080058f4       0x50 ./Core/Startup/startup_stm32f303vctx.o
                0x00000000080058f4                Reset_Handler
 .text.Default_Handler
                0x0000000008005944        0x2 ./Core/Startup/startup_stm32f303vctx.o
                0x0000000008005944                RTC_Alarm_IRQHandler
                0x0000000008005944                TIM8_TRG_COM_IRQHandler
                0x0000000008005944                TIM8_CC_IRQHandler
                0x0000000008005944                TIM1_CC_IRQHandler
                0x0000000008005944                USB_HP_IRQHandler
                0x0000000008005944                PVD_IRQHandler
                0x0000000008005944                TAMP_STAMP_IRQHandler
                0x0000000008005944                USB_HP_CAN_TX_IRQHandler
                0x0000000008005944                I2C2_EV_IRQHandler
                0x0000000008005944                FPU_IRQHandler
                0x0000000008005944                TIM1_UP_TIM16_IRQHandler
                0x0000000008005944                SPI1_IRQHandler
                0x0000000008005944                CAN_SCE_IRQHandler
                0x0000000008005944                TIM8_UP_IRQHandler
                0x0000000008005944                DMA2_Channel2_IRQHandler
                0x0000000008005944                DMA1_Channel4_IRQHandler
                0x0000000008005944                USART3_IRQHandler
                0x0000000008005944                DMA1_Channel7_IRQHandler
                0x0000000008005944                UART5_IRQHandler
                0x0000000008005944                ADC3_IRQHandler
                0x0000000008005944                TIM4_IRQHandler
                0x0000000008005944                CAN_RX1_IRQHandler
                0x0000000008005944                DMA2_Channel1_IRQHandler
                0x0000000008005944                I2C1_EV_IRQHandler
                0x0000000008005944                DMA1_Channel6_IRQHandler
                0x0000000008005944                UART4_IRQHandler
                0x0000000008005944                DMA2_Channel4_IRQHandler
                0x0000000008005944                RCC_IRQHandler
                0x0000000008005944                DMA1_Channel1_IRQHandler
                0x0000000008005944                Default_Handler
                0x0000000008005944                USBWakeUp_RMP_IRQHandler
                0x0000000008005944                EXTI15_10_IRQHandler
                0x0000000008005944                TIM7_IRQHandler
                0x0000000008005944                RTC_WKUP_IRQHandler
                0x0000000008005944                SPI2_IRQHandler
                0x0000000008005944                USB_LP_CAN_RX0_IRQHandler
                0x0000000008005944                DMA2_Channel5_IRQHandler
                0x0000000008005944                DMA1_Channel5_IRQHandler
                0x0000000008005944                USB_LP_IRQHandler
                0x0000000008005944                TIM1_TRG_COM_TIM17_IRQHandler
                0x0000000008005944                DMA1_Channel3_IRQHandler
                0x0000000008005944                ADC4_IRQHandler
                0x0000000008005944                WWDG_IRQHandler
                0x0000000008005944                COMP7_IRQHandler
                0x0000000008005944                COMP1_2_3_IRQHandler
                0x0000000008005944                COMP4_5_6_IRQHandler
                0x0000000008005944                I2C2_ER_IRQHandler
                0x0000000008005944                DMA1_Channel2_IRQHandler
                0x0000000008005944                TIM8_BRK_IRQHandler
                0x0000000008005944                FLASH_IRQHandler
                0x0000000008005944                USART1_IRQHandler
                0x0000000008005944                SPI3_IRQHandler
                0x0000000008005944                I2C1_ER_IRQHandler
                0x0000000008005944                USBWakeUp_IRQHandler
                0x0000000008005944                DMA2_Channel3_IRQHandler
                0x0000000008005944                TIM1_BRK_TIM15_IRQHandler
 *fill*         0x0000000008005946        0x2 
 .text.HAL_Init
                0x0000000008005948       0x2c ./Drivers/STM32F3xx_HAL_Driver/Src/stm32f3xx_hal.o
                0x0000000008005948                HAL_Init
 .text.HAL_InitTick
                0x0000000008005974       0x60 ./Drivers/STM32F3xx_HAL_Driver/Src/stm32f3xx_hal.o
                0x0000000008005974                HAL_InitTick
 .text.HAL_IncTick
                0x00000000080059d4       0x28 ./Drivers/STM32F3xx_HAL_Driver/Src/stm32f3xx_hal.o
                0x00000000080059d4                HAL_IncTick
 .text.HAL_GetTick
                0x00000000080059fc       0x18 ./Drivers/STM32F3xx_HAL_Driver/Src/stm32f3xx_hal.o
                0x00000000080059fc                HAL_GetTick
 .text.HAL_Delay
                0x0000000008005a14       0x48 ./Drivers/STM32F3xx_HAL_Driver/Src/stm32f3xx_hal.o
                0x0000000008005a14                HAL_Delay
 .text.HAL_ADC_ConvCpltCallback
                0x0000000008005a5c       0x14 ./Drivers/STM32F3xx_HAL_Driver/Src/stm32f3xx_hal_adc.o
                0x0000000008005a5c                HAL_ADC_ConvCpltCallback
 .text.HAL_ADC_LevelOutOfWindowCallback
                0x0000000008005a70       0x14 ./Drivers/STM32F3xx_HAL_Driver/Src/stm32f3xx_hal_adc.o
                0x0000000008005a70                HAL_ADC_LevelOutOfWindowCallback
 .text.HAL_ADC_ErrorCallback
                0x0000000008005a84       0x14 ./Drivers/STM32F3xx_HAL_Driver/Src/stm32f3xx_hal_adc.o
                0x0000000008005a84                HAL_ADC_ErrorCallback
 .text.HAL_ADC_Init
                0x0000000008005a98      0x3c0 ./Drivers/STM32F3xx_HAL_Driver/Src/stm32f3xx_hal_adc_ex.o
                0x0000000008005a98                HAL_ADC_Init
 .text.HAL_ADC_Start_IT
                0x0000000008005e58      0x280 ./Drivers/STM32F3xx_HAL_Driver/Src/stm32f3xx_hal_adc_ex.o
                0x0000000008005e58                HAL_ADC_Start_IT
 .text.HAL_ADC_GetValue
                0x00000000080060d8       0x1a ./Drivers/STM32F3xx_HAL_Driver/Src/stm32f3xx_hal_adc_ex.o
                0x00000000080060d8                HAL_ADC_GetValue
 *fill*         0x00000000080060f2        0x2 
 .text.HAL_ADC_IRQHandler
                0x00000000080060f4      0x620 ./Drivers/STM32F3xx_HAL_Driver/Src/stm32f3xx_hal_adc_ex.o
                0x00000000080060f4                HAL_ADC_IRQHandler
 .text.HAL_ADCEx_InjectedConvCpltCallback
                0x0000000008006714       0x14 ./Drivers/STM32F3xx_HAL_Driver/Src/stm32f3xx_hal_adc_ex.o
                0x0000000008006714                HAL_ADCEx_InjectedConvCpltCallback
 .text.HAL_ADCEx_InjectedQueueOverflowCallback
                0x0000000008006728       0x14 ./Drivers/STM32F3xx_HAL_Driver/Src/stm32f3xx_hal_adc_ex.o
                0x0000000008006728                HAL_ADCEx_InjectedQueueOverflowCallback
 .text.HAL_ADCEx_LevelOutOfWindow2Callback
                0x000000000800673c       0x14 ./Drivers/STM32F3xx_HAL_Driver/Src/stm32f3xx_hal_adc_ex.o
                0x000000000800673c                HAL_ADCEx_LevelOutOfWindow2Callback
 .text.HAL_ADCEx_LevelOutOfWindow3Callback
                0x0000000008006750       0x14 ./Drivers/STM32F3xx_HAL_Driver/Src/stm32f3xx_hal_adc_ex.o
                0x0000000008006750                HAL_ADCEx_LevelOutOfWindow3Callback
 .text.HAL_ADC_ConfigChannel
                0x0000000008006764      0x5d8 ./Drivers/STM32F3xx_HAL_Driver/Src/stm32f3xx_hal_adc_ex.o
                0x0000000008006764                HAL_ADC_ConfigChannel
 .text.HAL_ADCEx_MultiModeConfigChannel
                0x0000000008006d3c      0x1e4 ./Drivers/STM32F3xx_HAL_Driver/Src/stm32f3xx_hal_adc_ex.o
                0x0000000008006d3c                HAL_ADCEx_MultiModeConfigChannel
 .text.ADC_Enable
                0x0000000008006f20       0xc8 ./Drivers/STM32F3xx_HAL_Driver/Src/stm32f3xx_hal_adc_ex.o
 .text.ADC_Disable
                0x0000000008006fe8       0xcc ./Drivers/STM32F3xx_HAL_Driver/Src/stm32f3xx_hal_adc_ex.o
 .text.__NVIC_SetPriorityGrouping
                0x00000000080070b4       0x48 ./Drivers/STM32F3xx_HAL_Driver/Src/stm32f3xx_hal_cortex.o
 .text.__NVIC_GetPriorityGrouping
                0x00000000080070fc       0x1c ./Drivers/STM32F3xx_HAL_Driver/Src/stm32f3xx_hal_cortex.o
 .text.__NVIC_EnableIRQ
                0x0000000008007118       0x3c ./Drivers/STM32F3xx_HAL_Driver/Src/stm32f3xx_hal_cortex.o
 .text.__NVIC_SetPriority
                0x0000000008007154       0x54 ./Drivers/STM32F3xx_HAL_Driver/Src/stm32f3xx_hal_cortex.o
 .text.NVIC_EncodePriority
                0x00000000080071a8       0x66 ./Drivers/STM32F3xx_HAL_Driver/Src/stm32f3xx_hal_cortex.o
 *fill*         0x000000000800720e        0x2 
 .text.SysTick_Config
                0x0000000008007210       0x44 ./Drivers/STM32F3xx_HAL_Driver/Src/stm32f3xx_hal_cortex.o
 .text.HAL_NVIC_SetPriorityGrouping
                0x0000000008007254       0x16 ./Drivers/STM32F3xx_HAL_Driver/Src/stm32f3xx_hal_cortex.o
                0x0000000008007254                HAL_NVIC_SetPriorityGrouping
 .text.HAL_NVIC_SetPriority
                0x000000000800726a       0x38 ./Drivers/STM32F3xx_HAL_Driver/Src/stm32f3xx_hal_cortex.o
                0x000000000800726a                HAL_NVIC_SetPriority
 .text.HAL_NVIC_EnableIRQ
                0x00000000080072a2       0x1c ./Drivers/STM32F3xx_HAL_Driver/Src/stm32f3xx_hal_cortex.o
                0x00000000080072a2                HAL_NVIC_EnableIRQ
 .text.HAL_SYSTICK_Config
                0x00000000080072be       0x18 ./Drivers/STM32F3xx_HAL_Driver/Src/stm32f3xx_hal_cortex.o
                0x00000000080072be                HAL_SYSTICK_Config
 .text.HAL_DMA_Abort
                0x00000000080072d6       0x72 ./Drivers/STM32F3xx_HAL_Driver/Src/stm32f3xx_hal_dma.o
                0x00000000080072d6                HAL_DMA_Abort
 .text.HAL_DMA_Abort_IT
                0x0000000008007348       0x7c ./Drivers/STM32F3xx_HAL_Driver/Src/stm32f3xx_hal_dma.o
                0x0000000008007348                HAL_DMA_Abort_IT
 .text.HAL_GPIO_Init
                0x00000000080073c4      0x2f4 ./Drivers/STM32F3xx_HAL_Driver/Src/stm32f3xx_hal_gpio.o
                0x00000000080073c4                HAL_GPIO_Init
 .text.HAL_GPIO_ReadPin
                0x00000000080076b8       0x30 ./Drivers/STM32F3xx_HAL_Driver/Src/stm32f3xx_hal_gpio.o
                0x00000000080076b8                HAL_GPIO_ReadPin
 .text.HAL_GPIO_WritePin
                0x00000000080076e8       0x30 ./Drivers/STM32F3xx_HAL_Driver/Src/stm32f3xx_hal_gpio.o
                0x00000000080076e8                HAL_GPIO_WritePin
 .text.HAL_GPIO_TogglePin
                0x0000000008007718       0x34 ./Drivers/STM32F3xx_HAL_Driver/Src/stm32f3xx_hal_gpio.o
                0x0000000008007718                HAL_GPIO_TogglePin
 .text.HAL_GPIO_EXTI_IRQHandler
                0x000000000800774c       0x30 ./Drivers/STM32F3xx_HAL_Driver/Src/stm32f3xx_hal_gpio.o
                0x000000000800774c                HAL_GPIO_EXTI_IRQHandler
 .text.HAL_GPIO_EXTI_Callback
                0x000000000800777c       0x16 ./Drivers/STM32F3xx_HAL_Driver/Src/stm32f3xx_hal_gpio.o
                0x000000000800777c                HAL_GPIO_EXTI_Callback
 .text.HAL_I2C_Init
                0x0000000008007792      0x11e ./Drivers/STM32F3xx_HAL_Driver/Src/stm32f3xx_hal_i2c.o
                0x0000000008007792                HAL_I2C_Init
 .text.HAL_I2CEx_ConfigAnalogFilter
                0x00000000080078b0       0x96 ./Drivers/STM32F3xx_HAL_Driver/Src/stm32f3xx_hal_i2c_ex.o
                0x00000000080078b0                HAL_I2CEx_ConfigAnalogFilter
 .text.HAL_I2CEx_ConfigDigitalFilter
                0x0000000008007946       0x98 ./Drivers/STM32F3xx_HAL_Driver/Src/stm32f3xx_hal_i2c_ex.o
                0x0000000008007946                HAL_I2CEx_ConfigDigitalFilter
 .text.HAL_PCD_Init
                0x00000000080079de      0x1bc ./Drivers/STM32F3xx_HAL_Driver/Src/stm32f3xx_hal_pcd.o
                0x00000000080079de                HAL_PCD_Init
 *fill*         0x0000000008007b9a        0x2 
 .text.HAL_RCC_OscConfig
                0x0000000008007b9c     0x107c ./Drivers/STM32F3xx_HAL_Driver/Src/stm32f3xx_hal_rcc.o
                0x0000000008007b9c                HAL_RCC_OscConfig
 .text.HAL_RCC_ClockConfig
                0x0000000008008c18      0x2f8 ./Drivers/STM32F3xx_HAL_Driver/Src/stm32f3xx_hal_rcc.o
                0x0000000008008c18                HAL_RCC_ClockConfig
 .text.HAL_RCC_GetSysClockFreq
                0x0000000008008f10       0xd4 ./Drivers/STM32F3xx_HAL_Driver/Src/stm32f3xx_hal_rcc.o
                0x0000000008008f10                HAL_RCC_GetSysClockFreq
 .text.HAL_RCC_GetHCLKFreq
                0x0000000008008fe4       0x18 ./Drivers/STM32F3xx_HAL_Driver/Src/stm32f3xx_hal_rcc.o
                0x0000000008008fe4                HAL_RCC_GetHCLKFreq
 .text.HAL_RCC_GetPCLK1Freq
                0x0000000008008ffc       0x44 ./Drivers/STM32F3xx_HAL_Driver/Src/stm32f3xx_hal_rcc.o
                0x0000000008008ffc                HAL_RCC_GetPCLK1Freq
 .text.HAL_RCC_GetPCLK2Freq
                0x0000000008009040       0x44 ./Drivers/STM32F3xx_HAL_Driver/Src/stm32f3xx_hal_rcc.o
                0x0000000008009040                HAL_RCC_GetPCLK2Freq
 .text.HAL_RCCEx_PeriphCLKConfig
                0x0000000008009084      0x360 ./Drivers/STM32F3xx_HAL_Driver/Src/stm32f3xx_hal_rcc_ex.o
                0x0000000008009084                HAL_RCCEx_PeriphCLKConfig
 .text.HAL_SPI_Init
                0x00000000080093e4      0x156 ./Drivers/STM32F3xx_HAL_Driver/Src/stm32f3xx_hal_spi.o
                0x00000000080093e4                HAL_SPI_Init
 .text.HAL_TIM_Base_Init
                0x000000000800953a       0xae ./Drivers/STM32F3xx_HAL_Driver/Src/stm32f3xx_hal_tim.o
                0x000000000800953a                HAL_TIM_Base_Init
 .text.HAL_TIM_Base_Start_IT
                0x00000000080095e8       0xd4 ./Drivers/STM32F3xx_HAL_Driver/Src/stm32f3xx_hal_tim.o
                0x00000000080095e8                HAL_TIM_Base_Start_IT
 .text.HAL_TIM_PWM_Init
                0x00000000080096bc       0xae ./Drivers/STM32F3xx_HAL_Driver/Src/stm32f3xx_hal_tim.o
                0x00000000080096bc                HAL_TIM_PWM_Init
 .text.HAL_TIM_PWM_MspInit
                0x000000000800976a       0x14 ./Drivers/STM32F3xx_HAL_Driver/Src/stm32f3xx_hal_tim.o
                0x000000000800976a                HAL_TIM_PWM_MspInit
 *fill*         0x000000000800977e        0x2 
 .text.HAL_TIM_PWM_Start
                0x0000000008009780      0x200 ./Drivers/STM32F3xx_HAL_Driver/Src/stm32f3xx_hal_tim.o
                0x0000000008009780                HAL_TIM_PWM_Start
 .text.HAL_TIM_IRQHandler
                0x0000000008009980      0x23e ./Drivers/STM32F3xx_HAL_Driver/Src/stm32f3xx_hal_tim.o
                0x0000000008009980                HAL_TIM_IRQHandler
 *fill*         0x0000000008009bbe        0x2 
 .text.HAL_TIM_PWM_ConfigChannel
                0x0000000008009bc0      0x228 ./Drivers/STM32F3xx_HAL_Driver/Src/stm32f3xx_hal_tim.o
                0x0000000008009bc0                HAL_TIM_PWM_ConfigChannel
 .text.HAL_TIM_ConfigClockSource
                0x0000000008009de8      0x192 ./Drivers/STM32F3xx_HAL_Driver/Src/stm32f3xx_hal_tim.o
                0x0000000008009de8                HAL_TIM_ConfigClockSource
 .text.HAL_TIM_PeriodElapsedCallback
                0x0000000008009f7a       0x14 ./Drivers/STM32F3xx_HAL_Driver/Src/stm32f3xx_hal_tim.o
                0x0000000008009f7a                HAL_TIM_PeriodElapsedCallback
 .text.HAL_TIM_OC_DelayElapsedCallback
                0x0000000008009f8e       0x14 ./Drivers/STM32F3xx_HAL_Driver/Src/stm32f3xx_hal_tim.o
                0x0000000008009f8e                HAL_TIM_OC_DelayElapsedCallback
 .text.HAL_TIM_IC_CaptureCallback
                0x0000000008009fa2       0x14 ./Drivers/STM32F3xx_HAL_Driver/Src/stm32f3xx_hal_tim.o
                0x0000000008009fa2                HAL_TIM_IC_CaptureCallback
 .text.HAL_TIM_PWM_PulseFinishedCallback
                0x0000000008009fb6       0x14 ./Drivers/STM32F3xx_HAL_Driver/Src/stm32f3xx_hal_tim.o
                0x0000000008009fb6                HAL_TIM_PWM_PulseFinishedCallback
 .text.HAL_TIM_TriggerCallback
                0x0000000008009fca       0x14 ./Drivers/STM32F3xx_HAL_Driver/Src/stm32f3xx_hal_tim.o
                0x0000000008009fca                HAL_TIM_TriggerCallback
 *fill*         0x0000000008009fde        0x2 
 .text.TIM_Base_SetConfig
                0x0000000008009fe0      0x120 ./Drivers/STM32F3xx_HAL_Driver/Src/stm32f3xx_hal_tim.o
                0x0000000008009fe0                TIM_Base_SetConfig
 .text.TIM_OC1_SetConfig
                0x000000000800a100      0x120 ./Drivers/STM32F3xx_HAL_Driver/Src/stm32f3xx_hal_tim.o
 .text.TIM_OC2_SetConfig
                0x000000000800a220      0x114 ./Drivers/STM32F3xx_HAL_Driver/Src/stm32f3xx_hal_tim.o
                0x000000000800a220                TIM_OC2_SetConfig
 .text.TIM_OC3_SetConfig
                0x000000000800a334      0x110 ./Drivers/STM32F3xx_HAL_Driver/Src/stm32f3xx_hal_tim.o
 .text.TIM_OC4_SetConfig
                0x000000000800a444       0xd4 ./Drivers/STM32F3xx_HAL_Driver/Src/stm32f3xx_hal_tim.o
 .text.TIM_OC5_SetConfig
                0x000000000800a518       0xc8 ./Drivers/STM32F3xx_HAL_Driver/Src/stm32f3xx_hal_tim.o
 .text.TIM_OC6_SetConfig
                0x000000000800a5e0       0xcc ./Drivers/STM32F3xx_HAL_Driver/Src/stm32f3xx_hal_tim.o
 .text.TIM_TI1_ConfigInputStage
                0x000000000800a6ac       0x5e ./Drivers/STM32F3xx_HAL_Driver/Src/stm32f3xx_hal_tim.o
 .text.TIM_TI2_ConfigInputStage
                0x000000000800a70a       0x60 ./Drivers/STM32F3xx_HAL_Driver/Src/stm32f3xx_hal_tim.o
 .text.TIM_ITRx_SetConfig
                0x000000000800a76a       0x36 ./Drivers/STM32F3xx_HAL_Driver/Src/stm32f3xx_hal_tim.o
 .text.TIM_ETR_SetConfig
                0x000000000800a7a0       0x40 ./Drivers/STM32F3xx_HAL_Driver/Src/stm32f3xx_hal_tim.o
                0x000000000800a7a0                TIM_ETR_SetConfig
 .text.TIM_CCxChannelCmd
                0x000000000800a7e0       0x4a ./Drivers/STM32F3xx_HAL_Driver/Src/stm32f3xx_hal_tim.o
                0x000000000800a7e0                TIM_CCxChannelCmd
 *fill*         0x000000000800a82a        0x2 
 .text.HAL_TIMEx_MasterConfigSynchronization
                0x000000000800a82c      0x100 ./Drivers/STM32F3xx_HAL_Driver/Src/stm32f3xx_hal_tim_ex.o
                0x000000000800a82c                HAL_TIMEx_MasterConfigSynchronization
 .text.HAL_TIMEx_CommutCallback
                0x000000000800a92c       0x14 ./Drivers/STM32F3xx_HAL_Driver/Src/stm32f3xx_hal_tim_ex.o
                0x000000000800a92c                HAL_TIMEx_CommutCallback
 .text.HAL_TIMEx_BreakCallback
                0x000000000800a940       0x14 ./Drivers/STM32F3xx_HAL_Driver/Src/stm32f3xx_hal_tim_ex.o
                0x000000000800a940                HAL_TIMEx_BreakCallback
 .text.HAL_TIMEx_Break2Callback
                0x000000000800a954       0x14 ./Drivers/STM32F3xx_HAL_Driver/Src/stm32f3xx_hal_tim_ex.o
                0x000000000800a954                HAL_TIMEx_Break2Callback
 .text.HAL_UART_Init
                0x000000000800a968       0x9c ./Drivers/STM32F3xx_HAL_Driver/Src/stm32f3xx_hal_uart.o
                0x000000000800a968                HAL_UART_Init
 .text.HAL_UART_IRQHandler
                0x000000000800aa04      0x5bc ./Drivers/STM32F3xx_HAL_Driver/Src/stm32f3xx_hal_uart.o
                0x000000000800aa04                HAL_UART_IRQHandler
 .text.HAL_UART_TxCpltCallback
                0x000000000800afc0       0x14 ./Drivers/STM32F3xx_HAL_Driver/Src/stm32f3xx_hal_uart.o
                0x000000000800afc0                HAL_UART_TxCpltCallback
 .text.HAL_UART_ErrorCallback
                0x000000000800afd4       0x14 ./Drivers/STM32F3xx_HAL_Driver/Src/stm32f3xx_hal_uart.o
                0x000000000800afd4                HAL_UART_ErrorCallback
 .text.HAL_UARTEx_RxEventCallback
                0x000000000800afe8       0x18 ./Drivers/STM32F3xx_HAL_Driver/Src/stm32f3xx_hal_uart.o
                0x000000000800afe8                HAL_UARTEx_RxEventCallback
 .text.UART_SetConfig
                0x000000000800b000      0x3ac ./Drivers/STM32F3xx_HAL_Driver/Src/stm32f3xx_hal_uart.o
                0x000000000800b000                UART_SetConfig
 .text.UART_AdvFeatureConfig
                0x000000000800b3ac      0x144 ./Drivers/STM32F3xx_HAL_Driver/Src/stm32f3xx_hal_uart.o
                0x000000000800b3ac                UART_AdvFeatureConfig
 .text.UART_CheckIdleState
                0x000000000800b4f0       0x92 ./Drivers/STM32F3xx_HAL_Driver/Src/stm32f3xx_hal_uart.o
                0x000000000800b4f0                UART_CheckIdleState
 .text.UART_WaitOnFlagUntilTimeout
                0x000000000800b582      0x188 ./Drivers/STM32F3xx_HAL_Driver/Src/stm32f3xx_hal_uart.o
                0x000000000800b582                UART_WaitOnFlagUntilTimeout
 .text.UART_EndRxTransfer
                0x000000000800b70a       0xc6 ./Drivers/STM32F3xx_HAL_Driver/Src/stm32f3xx_hal_uart.o
 .text.UART_DMAAbortOnError
                0x000000000800b7d0       0x2c ./Drivers/STM32F3xx_HAL_Driver/Src/stm32f3xx_hal_uart.o
 .text.UART_EndTransmit_IT
                0x000000000800b7fc       0x54 ./Drivers/STM32F3xx_HAL_Driver/Src/stm32f3xx_hal_uart.o
 .text.HAL_UARTEx_WakeupCallback
                0x000000000800b850       0x14 ./Drivers/STM32F3xx_HAL_Driver/Src/stm32f3xx_hal_uart_ex.o
                0x000000000800b850                HAL_UARTEx_WakeupCallback
 .text.USB_DisableGlobalInt
                0x000000000800b864       0x36 ./Drivers/STM32F3xx_HAL_Driver/Src/stm32f3xx_ll_usb.o
                0x000000000800b864                USB_DisableGlobalInt
 .text.USB_DevInit
                0x000000000800b89a       0x42 ./Drivers/STM32F3xx_HAL_Driver/Src/stm32f3xx_ll_usb.o
                0x000000000800b89a                USB_DevInit
 .text.__errno  0x000000000800b8dc        0xc e:/installers/stm32/ide/stm32cubeide_1.11.2/stm32cubeide/plugins/com.st.stm32cube.ide.mcu.externaltools.gnu-tools-for-stm32.10.3-2021.10.win32_1.0.100.202210260954/tools/bin/../lib/gcc/arm-none-eabi/10.3.1/../../../../arm-none-eabi/lib/thumb/v7e-m+fp/hard\libc_nano.a(lib_a-errno.o)
                0x000000000800b8dc                __errno
 .text.__libc_init_array
                0x000000000800b8e8       0x48 e:/installers/stm32/ide/stm32cubeide_1.11.2/stm32cubeide/plugins/com.st.stm32cube.ide.mcu.externaltools.gnu-tools-for-stm32.10.3-2021.10.win32_1.0.100.202210260954/tools/bin/../lib/gcc/arm-none-eabi/10.3.1/../../../../arm-none-eabi/lib/thumb/v7e-m+fp/hard\libc_nano.a(lib_a-init.o)
                0x000000000800b8e8                __libc_init_array
 .text.malloc   0x000000000800b930       0x10 e:/installers/stm32/ide/stm32cubeide_1.11.2/stm32cubeide/plugins/com.st.stm32cube.ide.mcu.externaltools.gnu-tools-for-stm32.10.3-2021.10.win32_1.0.100.202210260954/tools/bin/../lib/gcc/arm-none-eabi/10.3.1/../../../../arm-none-eabi/lib/thumb/v7e-m+fp/hard\libc_nano.a(lib_a-malloc.o)
                0x000000000800b930                malloc
 .text.memcpy   0x000000000800b940       0x1c e:/installers/stm32/ide/stm32cubeide_1.11.2/stm32cubeide/plugins/com.st.stm32cube.ide.mcu.externaltools.gnu-tools-for-stm32.10.3-2021.10.win32_1.0.100.202210260954/tools/bin/../lib/gcc/arm-none-eabi/10.3.1/../../../../arm-none-eabi/lib/thumb/v7e-m+fp/hard\libc_nano.a(lib_a-memcpy-stub.o)
                0x000000000800b940                memcpy
 .text.memset   0x000000000800b95c       0x10 e:/installers/stm32/ide/stm32cubeide_1.11.2/stm32cubeide/plugins/com.st.stm32cube.ide.mcu.externaltools.gnu-tools-for-stm32.10.3-2021.10.win32_1.0.100.202210260954/tools/bin/../lib/gcc/arm-none-eabi/10.3.1/../../../../arm-none-eabi/lib/thumb/v7e-m+fp/hard\libc_nano.a(lib_a-memset.o)
                0x000000000800b95c                memset
 .text._free_r  0x000000000800b96c       0x98 e:/installers/stm32/ide/stm32cubeide_1.11.2/stm32cubeide/plugins/com.st.stm32cube.ide.mcu.externaltools.gnu-tools-for-stm32.10.3-2021.10.win32_1.0.100.202210260954/tools/bin/../lib/gcc/arm-none-eabi/10.3.1/../../../../arm-none-eabi/lib/thumb/v7e-m+fp/hard\libc_nano.a(lib_a-nano-freer.o)
                0x000000000800b96c                _free_r
 .text.sbrk_aligned
                0x000000000800ba04       0x40 e:/installers/stm32/ide/stm32cubeide_1.11.2/stm32cubeide/plugins/com.st.stm32cube.ide.mcu.externaltools.gnu-tools-for-stm32.10.3-2021.10.win32_1.0.100.202210260954/tools/bin/../lib/gcc/arm-none-eabi/10.3.1/../../../../arm-none-eabi/lib/thumb/v7e-m+fp/hard\libc_nano.a(lib_a-nano-mallocr.o)
 .text._malloc_r
                0x000000000800ba44       0xe8 e:/installers/stm32/ide/stm32cubeide_1.11.2/stm32cubeide/plugins/com.st.stm32cube.ide.mcu.externaltools.gnu-tools-for-stm32.10.3-2021.10.win32_1.0.100.202210260954/tools/bin/../lib/gcc/arm-none-eabi/10.3.1/../../../../arm-none-eabi/lib/thumb/v7e-m+fp/hard\libc_nano.a(lib_a-nano-mallocr.o)
                0x000000000800ba44                _malloc_r
 .text._sbrk_r  0x000000000800bb2c       0x20 e:/installers/stm32/ide/stm32cubeide_1.11.2/stm32cubeide/plugins/com.st.stm32cube.ide.mcu.externaltools.gnu-tools-for-stm32.10.3-2021.10.win32_1.0.100.202210260954/tools/bin/../lib/gcc/arm-none-eabi/10.3.1/../../../../arm-none-eabi/lib/thumb/v7e-m+fp/hard\libc_nano.a(lib_a-sbrkr.o)
                0x000000000800bb2c                _sbrk_r
 .text.sprintf  0x000000000800bb4c       0x40 e:/installers/stm32/ide/stm32cubeide_1.11.2/stm32cubeide/plugins/com.st.stm32cube.ide.mcu.externaltools.gnu-tools-for-stm32.10.3-2021.10.win32_1.0.100.202210260954/tools/bin/../lib/gcc/arm-none-eabi/10.3.1/../../../../arm-none-eabi/lib/thumb/v7e-m+fp/hard\libc_nano.a(lib_a-sprintf.o)
                0x000000000800bb4c                siprintf
                0x000000000800bb4c                sprintf
 .text.strcat   0x000000000800bb8c       0x1e e:/installers/stm32/ide/stm32cubeide_1.11.2/stm32cubeide/plugins/com.st.stm32cube.ide.mcu.externaltools.gnu-tools-for-stm32.10.3-2021.10.win32_1.0.100.202210260954/tools/bin/../lib/gcc/arm-none-eabi/10.3.1/../../../../arm-none-eabi/lib/thumb/v7e-m+fp/hard\libc_nano.a(lib_a-strcat.o)
                0x000000000800bb8c                strcat
 .text.strcpy   0x000000000800bbaa       0x10 e:/installers/stm32/ide/stm32cubeide_1.11.2/stm32cubeide/plugins/com.st.stm32cube.ide.mcu.externaltools.gnu-tools-for-stm32.10.3-2021.10.win32_1.0.100.202210260954/tools/bin/../lib/gcc/arm-none-eabi/10.3.1/../../../../arm-none-eabi/lib/thumb/v7e-m+fp/hard\libc_nano.a(lib_a-strcpy.o)
                0x000000000800bbaa                strcpy
 *fill*         0x000000000800bbba        0x2 
 .text.__malloc_lock
                0x000000000800bbbc        0xc e:/installers/stm32/ide/stm32cubeide_1.11.2/stm32cubeide/plugins/com.st.stm32cube.ide.mcu.externaltools.gnu-tools-for-stm32.10.3-2021.10.win32_1.0.100.202210260954/tools/bin/../lib/gcc/arm-none-eabi/10.3.1/../../../../arm-none-eabi/lib/thumb/v7e-m+fp/hard\libc_nano.a(lib_a-mlock.o)
                0x000000000800bbbc                __malloc_lock
 .text.__malloc_unlock
                0x000000000800bbc8        0xc e:/installers/stm32/ide/stm32cubeide_1.11.2/stm32cubeide/plugins/com.st.stm32cube.ide.mcu.externaltools.gnu-tools-for-stm32.10.3-2021.10.win32_1.0.100.202210260954/tools/bin/../lib/gcc/arm-none-eabi/10.3.1/../../../../arm-none-eabi/lib/thumb/v7e-m+fp/hard\libc_nano.a(lib_a-mlock.o)
                0x000000000800bbc8                __malloc_unlock
 .text.__ssputs_r
                0x000000000800bbd4       0xb6 e:/installers/stm32/ide/stm32cubeide_1.11.2/stm32cubeide/plugins/com.st.stm32cube.ide.mcu.externaltools.gnu-tools-for-stm32.10.3-2021.10.win32_1.0.100.202210260954/tools/bin/../lib/gcc/arm-none-eabi/10.3.1/../../../../arm-none-eabi/lib/thumb/v7e-m+fp/hard\libc_nano.a(lib_a-nano-svfprintf.o)
                0x000000000800bbd4                __ssputs_r
 *fill*         0x000000000800bc8a        0x2 
 .text._svfprintf_r
                0x000000000800bc8c      0x200 e:/installers/stm32/ide/stm32cubeide_1.11.2/stm32cubeide/plugins/com.st.stm32cube.ide.mcu.externaltools.gnu-tools-for-stm32.10.3-2021.10.win32_1.0.100.202210260954/tools/bin/../lib/gcc/arm-none-eabi/10.3.1/../../../../arm-none-eabi/lib/thumb/v7e-m+fp/hard\libc_nano.a(lib_a-nano-svfprintf.o)
                0x000000000800bc8c                _svfiprintf_r
                0x000000000800bc8c                _svfprintf_r
 .text._printf_common
                0x000000000800be8c       0xda e:/installers/stm32/ide/stm32cubeide_1.11.2/stm32cubeide/plugins/com.st.stm32cube.ide.mcu.externaltools.gnu-tools-for-stm32.10.3-2021.10.win32_1.0.100.202210260954/tools/bin/../lib/gcc/arm-none-eabi/10.3.1/../../../../arm-none-eabi/lib/thumb/v7e-m+fp/hard\libc_nano.a(lib_a-nano-vfprintf_i.o)
                0x000000000800be8c                _printf_common
 *fill*         0x000000000800bf66        0x2 
 .text._printf_i
                0x000000000800bf68      0x24c e:/installers/stm32/ide/stm32cubeide_1.11.2/stm32cubeide/plugins/com.st.stm32cube.ide.mcu.externaltools.gnu-tools-for-stm32.10.3-2021.10.win32_1.0.100.202210260954/tools/bin/../lib/gcc/arm-none-eabi/10.3.1/../../../../arm-none-eabi/lib/thumb/v7e-m+fp/hard\libc_nano.a(lib_a-nano-vfprintf_i.o)
                0x000000000800bf68                _printf_i
 .text.__retarget_lock_acquire_recursive
                0x000000000800c1b4        0x2 e:/installers/stm32/ide/stm32cubeide_1.11.2/stm32cubeide/plugins/com.st.stm32cube.ide.mcu.externaltools.gnu-tools-for-stm32.10.3-2021.10.win32_1.0.100.202210260954/tools/bin/../lib/gcc/arm-none-eabi/10.3.1/../../../../arm-none-eabi/lib/thumb/v7e-m+fp/hard\libc_nano.a(lib_a-lock.o)
                0x000000000800c1b4                __retarget_lock_acquire_recursive
 .text.__retarget_lock_release_recursive
                0x000000000800c1b6        0x2 e:/installers/stm32/ide/stm32cubeide_1.11.2/stm32cubeide/plugins/com.st.stm32cube.ide.mcu.externaltools.gnu-tools-for-stm32.10.3-2021.10.win32_1.0.100.202210260954/tools/bin/../lib/gcc/arm-none-eabi/10.3.1/../../../../arm-none-eabi/lib/thumb/v7e-m+fp/hard\libc_nano.a(lib_a-lock.o)
                0x000000000800c1b6                __retarget_lock_release_recursive
 .text.memmove  0x000000000800c1b8       0x34 e:/installers/stm32/ide/stm32cubeide_1.11.2/stm32cubeide/plugins/com.st.stm32cube.ide.mcu.externaltools.gnu-tools-for-stm32.10.3-2021.10.win32_1.0.100.202210260954/tools/bin/../lib/gcc/arm-none-eabi/10.3.1/../../../../arm-none-eabi/lib/thumb/v7e-m+fp/hard\libc_nano.a(lib_a-memmove.o)
                0x000000000800c1b8                memmove
 .text._realloc_r
                0x000000000800c1ec       0x5e e:/installers/stm32/ide/stm32cubeide_1.11.2/stm32cubeide/plugins/com.st.stm32cube.ide.mcu.externaltools.gnu-tools-for-stm32.10.3-2021.10.win32_1.0.100.202210260954/tools/bin/../lib/gcc/arm-none-eabi/10.3.1/../../../../arm-none-eabi/lib/thumb/v7e-m+fp/hard\libc_nano.a(lib_a-nano-reallocr.o)
                0x000000000800c1ec                _realloc_r
 .text._malloc_usable_size_r
                0x000000000800c24a       0x10 e:/installers/stm32/ide/stm32cubeide_1.11.2/stm32cubeide/plugins/com.st.stm32cube.ide.mcu.externaltools.gnu-tools-for-stm32.10.3-2021.10.win32_1.0.100.202210260954/tools/bin/../lib/gcc/arm-none-eabi/10.3.1/../../../../arm-none-eabi/lib/thumb/v7e-m+fp/hard\libc_nano.a(lib_a-nano-msizer.o)
                0x000000000800c24a                _malloc_usable_size_r
 *fill*         0x000000000800c25a        0x6 
 .text.sin      0x000000000800c260       0xb0 e:/installers/stm32/ide/stm32cubeide_1.11.2/stm32cubeide/plugins/com.st.stm32cube.ide.mcu.externaltools.gnu-tools-for-stm32.10.3-2021.10.win32_1.0.100.202210260954/tools/bin/../lib/gcc/arm-none-eabi/10.3.1/../../../../arm-none-eabi/lib/thumb/v7e-m+fp/hard\libm.a(lib_a-s_sin.o)
                0x000000000800c260                sin
 .text.__ieee754_rem_pio2
                0x000000000800c310      0x418 e:/installers/stm32/ide/stm32cubeide_1.11.2/stm32cubeide/plugins/com.st.stm32cube.ide.mcu.externaltools.gnu-tools-for-stm32.10.3-2021.10.win32_1.0.100.202210260954/tools/bin/../lib/gcc/arm-none-eabi/10.3.1/../../../../arm-none-eabi/lib/thumb/v7e-m+fp/hard\libm.a(lib_a-e_rem_pio2.o)
                0x000000000800c310                __ieee754_rem_pio2
 .text.__kernel_cos
                0x000000000800c728      0x18c e:/installers/stm32/ide/stm32cubeide_1.11.2/stm32cubeide/plugins/com.st.stm32cube.ide.mcu.externaltools.gnu-tools-for-stm32.10.3-2021.10.win32_1.0.100.202210260954/tools/bin/../lib/gcc/arm-none-eabi/10.3.1/../../../../arm-none-eabi/lib/thumb/v7e-m+fp/hard\libm.a(lib_a-k_cos.o)
                0x000000000800c728                __kernel_cos
 *fill*         0x000000000800c8b4        0x4 
 .text.__kernel_rem_pio2
                0x000000000800c8b8      0x69c e:/installers/stm32/ide/stm32cubeide_1.11.2/stm32cubeide/plugins/com.st.stm32cube.ide.mcu.externaltools.gnu-tools-for-stm32.10.3-2021.10.win32_1.0.100.202210260954/tools/bin/../lib/gcc/arm-none-eabi/10.3.1/../../../../arm-none-eabi/lib/thumb/v7e-m+fp/hard\libm.a(lib_a-k_rem_pio2.o)
                0x000000000800c8b8                __kernel_rem_pio2
 *fill*         0x000000000800cf54        0x4 
 .text.__kernel_sin
                0x000000000800cf58      0x17c e:/installers/stm32/ide/stm32cubeide_1.11.2/stm32cubeide/plugins/com.st.stm32cube.ide.mcu.externaltools.gnu-tools-for-stm32.10.3-2021.10.win32_1.0.100.202210260954/tools/bin/../lib/gcc/arm-none-eabi/10.3.1/../../../../arm-none-eabi/lib/thumb/v7e-m+fp/hard\libm.a(lib_a-k_sin.o)
                0x000000000800cf58                __kernel_sin
 .text.fabs     0x000000000800d0d4       0x12 e:/installers/stm32/ide/stm32cubeide_1.11.2/stm32cubeide/plugins/com.st.stm32cube.ide.mcu.externaltools.gnu-tools-for-stm32.10.3-2021.10.win32_1.0.100.202210260954/tools/bin/../lib/gcc/arm-none-eabi/10.3.1/../../../../arm-none-eabi/lib/thumb/v7e-m+fp/hard\libm.a(lib_a-s_fabs.o)
                0x000000000800d0d4                fabs
 *fill*         0x000000000800d0e6        0x2 
 .text.floor    0x000000000800d0e8      0x100 e:/installers/stm32/ide/stm32cubeide_1.11.2/stm32cubeide/plugins/com.st.stm32cube.ide.mcu.externaltools.gnu-tools-for-stm32.10.3-2021.10.win32_1.0.100.202210260954/tools/bin/../lib/gcc/arm-none-eabi/10.3.1/../../../../arm-none-eabi/lib/thumb/v7e-m+fp/hard\libm.a(lib_a-s_floor.o)
                0x000000000800d0e8                floor
 .text.scalbn   0x000000000800d1e8      0x10c e:/installers/stm32/ide/stm32cubeide_1.11.2/stm32cubeide/plugins/com.st.stm32cube.ide.mcu.externaltools.gnu-tools-for-stm32.10.3-2021.10.win32_1.0.100.202210260954/tools/bin/../lib/gcc/arm-none-eabi/10.3.1/../../../../arm-none-eabi/lib/thumb/v7e-m+fp/hard\libm.a(lib_a-s_scalbn.o)
                0x000000000800d1e8                scalbn
 *(.glue_7)
 .glue_7        0x000000000800d2f4        0x0 linker stubs
 *(.glue_7t)
 .glue_7t       0x000000000800d2f4        0x0 linker stubs
 *(.eh_frame)
 .eh_frame      0x000000000800d2f4        0x0 e:/installers/stm32/ide/stm32cubeide_1.11.2/stm32cubeide/plugins/com.st.stm32cube.ide.mcu.externaltools.gnu-tools-for-stm32.10.3-2021.10.win32_1.0.100.202210260954/tools/bin/../lib/gcc/arm-none-eabi/10.3.1/thumb/v7e-m+fp/hard/crtbegin.o
 *(.init)
 .init          0x000000000800d2f4        0x4 e:/installers/stm32/ide/stm32cubeide_1.11.2/stm32cubeide/plugins/com.st.stm32cube.ide.mcu.externaltools.gnu-tools-for-stm32.10.3-2021.10.win32_1.0.100.202210260954/tools/bin/../lib/gcc/arm-none-eabi/10.3.1/thumb/v7e-m+fp/hard/crti.o
                0x000000000800d2f4                _init
 .init          0x000000000800d2f8        0x8 e:/installers/stm32/ide/stm32cubeide_1.11.2/stm32cubeide/plugins/com.st.stm32cube.ide.mcu.externaltools.gnu-tools-for-stm32.10.3-2021.10.win32_1.0.100.202210260954/tools/bin/../lib/gcc/arm-none-eabi/10.3.1/thumb/v7e-m+fp/hard/crtn.o
 *(.fini)
 .fini          0x000000000800d300        0x4 e:/installers/stm32/ide/stm32cubeide_1.11.2/stm32cubeide/plugins/com.st.stm32cube.ide.mcu.externaltools.gnu-tools-for-stm32.10.3-2021.10.win32_1.0.100.202210260954/tools/bin/../lib/gcc/arm-none-eabi/10.3.1/thumb/v7e-m+fp/hard/crti.o
                0x000000000800d300                _fini
 .fini          0x000000000800d304        0x8 e:/installers/stm32/ide/stm32cubeide_1.11.2/stm32cubeide/plugins/com.st.stm32cube.ide.mcu.externaltools.gnu-tools-for-stm32.10.3-2021.10.win32_1.0.100.202210260954/tools/bin/../lib/gcc/arm-none-eabi/10.3.1/thumb/v7e-m+fp/hard/crtn.o
                0x000000000800d30c                . = ALIGN (0x4)
                0x000000000800d30c                _etext = .

.vfp11_veneer   0x000000000800d30c        0x0
 .vfp11_veneer  0x000000000800d30c        0x0 linker stubs

.v4_bx          0x000000000800d30c        0x0
 .v4_bx         0x000000000800d30c        0x0 linker stubs

.iplt           0x000000000800d30c        0x0
 .iplt          0x000000000800d30c        0x0 e:/installers/stm32/ide/stm32cubeide_1.11.2/stm32cubeide/plugins/com.st.stm32cube.ide.mcu.externaltools.gnu-tools-for-stm32.10.3-2021.10.win32_1.0.100.202210260954/tools/bin/../lib/gcc/arm-none-eabi/10.3.1/thumb/v7e-m+fp/hard/crtbegin.o

.rodata         0x000000000800d310      0xa70
                0x000000000800d310                . = ALIGN (0x4)
 *(.rodata)
 .rodata        0x000000000800d310      0x828 ./Core/Src/stm32f3xx_it.o
 *(.rodata*)
 .rodata.AHBPrescTable
                0x000000000800db38       0x10 ./Core/Src/system_stm32f3xx.o
                0x000000000800db38                AHBPrescTable
 .rodata.APBPrescTable
                0x000000000800db48        0x8 ./Core/Src/system_stm32f3xx.o
                0x000000000800db48                APBPrescTable
 .rodata.aPLLMULFactorTable
                0x000000000800db50       0x10 ./Drivers/STM32F3xx_HAL_Driver/Src/stm32f3xx_hal_rcc.o
                0x000000000800db50                aPLLMULFactorTable
 .rodata.aPredivFactorTable
                0x000000000800db60       0x10 ./Drivers/STM32F3xx_HAL_Driver/Src/stm32f3xx_hal_rcc.o
                0x000000000800db60                aPredivFactorTable
 .rodata._svfprintf_r.str1.1
                0x000000000800db70       0x11 e:/installers/stm32/ide/stm32cubeide_1.11.2/stm32cubeide/plugins/com.st.stm32cube.ide.mcu.externaltools.gnu-tools-for-stm32.10.3-2021.10.win32_1.0.100.202210260954/tools/bin/../lib/gcc/arm-none-eabi/10.3.1/../../../../arm-none-eabi/lib/thumb/v7e-m+fp/hard\libc_nano.a(lib_a-nano-svfprintf.o)
 .rodata._printf_i.str1.1
                0x000000000800db81       0x22 e:/installers/stm32/ide/stm32cubeide_1.11.2/stm32cubeide/plugins/com.st.stm32cube.ide.mcu.externaltools.gnu-tools-for-stm32.10.3-2021.10.win32_1.0.100.202210260954/tools/bin/../lib/gcc/arm-none-eabi/10.3.1/../../../../arm-none-eabi/lib/thumb/v7e-m+fp/hard\libc_nano.a(lib_a-nano-vfprintf_i.o)
 *fill*         0x000000000800dba3        0x1 
 .rodata.npio2_hw
                0x000000000800dba4       0x80 e:/installers/stm32/ide/stm32cubeide_1.11.2/stm32cubeide/plugins/com.st.stm32cube.ide.mcu.externaltools.gnu-tools-for-stm32.10.3-2021.10.win32_1.0.100.202210260954/tools/bin/../lib/gcc/arm-none-eabi/10.3.1/../../../../arm-none-eabi/lib/thumb/v7e-m+fp/hard\libm.a(lib_a-e_rem_pio2.o)
 .rodata.two_over_pi
                0x000000000800dc24      0x108 e:/installers/stm32/ide/stm32cubeide_1.11.2/stm32cubeide/plugins/com.st.stm32cube.ide.mcu.externaltools.gnu-tools-for-stm32.10.3-2021.10.win32_1.0.100.202210260954/tools/bin/../lib/gcc/arm-none-eabi/10.3.1/../../../../arm-none-eabi/lib/thumb/v7e-m+fp/hard\libm.a(lib_a-e_rem_pio2.o)
 *fill*         0x000000000800dd2c        0x4 
 .rodata.PIo2   0x000000000800dd30       0x40 e:/installers/stm32/ide/stm32cubeide_1.11.2/stm32cubeide/plugins/com.st.stm32cube.ide.mcu.externaltools.gnu-tools-for-stm32.10.3-2021.10.win32_1.0.100.202210260954/tools/bin/../lib/gcc/arm-none-eabi/10.3.1/../../../../arm-none-eabi/lib/thumb/v7e-m+fp/hard\libm.a(lib_a-k_rem_pio2.o)
 .rodata.init_jk
                0x000000000800dd70       0x10 e:/installers/stm32/ide/stm32cubeide_1.11.2/stm32cubeide/plugins/com.st.stm32cube.ide.mcu.externaltools.gnu-tools-for-stm32.10.3-2021.10.win32_1.0.100.202210260954/tools/bin/../lib/gcc/arm-none-eabi/10.3.1/../../../../arm-none-eabi/lib/thumb/v7e-m+fp/hard\libm.a(lib_a-k_rem_pio2.o)
                0x000000000800dd80                . = ALIGN (0x4)

.rel.dyn        0x000000000800dd80        0x0
 .rel.iplt      0x000000000800dd80        0x0 e:/installers/stm32/ide/stm32cubeide_1.11.2/stm32cubeide/plugins/com.st.stm32cube.ide.mcu.externaltools.gnu-tools-for-stm32.10.3-2021.10.win32_1.0.100.202210260954/tools/bin/../lib/gcc/arm-none-eabi/10.3.1/thumb/v7e-m+fp/hard/crtbegin.o

.ARM.extab      0x000000000800dd80        0x0
                0x000000000800dd80                . = ALIGN (0x4)
 *(.ARM.extab* .gnu.linkonce.armextab.*)
                0x000000000800dd80                . = ALIGN (0x4)

.ARM            0x000000000800dd80        0x0
                0x000000000800dd80                . = ALIGN (0x4)
                0x000000000800dd80                __exidx_start = .
 *(.ARM.exidx*)
                0x000000000800dd80                __exidx_end = .
                0x000000000800dd80                . = ALIGN (0x4)

.preinit_array  0x000000000800dd80        0x0
                0x000000000800dd80                . = ALIGN (0x4)
                0x000000000800dd80                PROVIDE (__preinit_array_start = .)
 *(.preinit_array*)
                0x000000000800dd80                PROVIDE (__preinit_array_end = .)
                0x000000000800dd80                . = ALIGN (0x4)

.init_array     0x000000000800dd80        0x4
                0x000000000800dd80                . = ALIGN (0x4)
                0x000000000800dd80                PROVIDE (__init_array_start = .)
 *(SORT_BY_NAME(.init_array.*))
 *(.init_array*)
 .init_array    0x000000000800dd80        0x4 e:/installers/stm32/ide/stm32cubeide_1.11.2/stm32cubeide/plugins/com.st.stm32cube.ide.mcu.externaltools.gnu-tools-for-stm32.10.3-2021.10.win32_1.0.100.202210260954/tools/bin/../lib/gcc/arm-none-eabi/10.3.1/thumb/v7e-m+fp/hard/crtbegin.o
                0x000000000800dd84                PROVIDE (__init_array_end = .)
                0x000000000800dd84                . = ALIGN (0x4)

.fini_array     0x000000000800dd84        0x4
                0x000000000800dd84                . = ALIGN (0x4)
                [!provide]                        PROVIDE (__fini_array_start = .)
 *(SORT_BY_NAME(.fini_array.*))
 *(.fini_array*)
 .fini_array    0x000000000800dd84        0x4 e:/installers/stm32/ide/stm32cubeide_1.11.2/stm32cubeide/plugins/com.st.stm32cube.ide.mcu.externaltools.gnu-tools-for-stm32.10.3-2021.10.win32_1.0.100.202210260954/tools/bin/../lib/gcc/arm-none-eabi/10.3.1/thumb/v7e-m+fp/hard/crtbegin.o
                [!provide]                        PROVIDE (__fini_array_end = .)
                0x000000000800dd88                . = ALIGN (0x4)
                0x000000000800dd88                _sidata = LOADADDR (.data)

.data           0x0000000020000000      0x1a4 load address 0x000000000800dd88
                0x0000000020000000                . = ALIGN (0x4)
                0x0000000020000000                _sdata = .
 *(.data)
 *(.data*)
 .data._fourbit_mode
                0x0000000020000000        0x1 ./Core/Src/LiquidCrystal.o
                0x0000000020000000                _fourbit_mode
 *fill*         0x0000000020000001        0x3 
 .data.temperature
                0x0000000020000004        0x4 ./Core/Src/stm32f3xx_it.o
                0x0000000020000004                temperature
 .data.temThreshold
                0x0000000020000008        0x4 ./Core/Src/stm32f3xx_it.o
                0x0000000020000008                temThreshold
 .data.temAlarm
                0x000000002000000c        0x4 ./Core/Src/stm32f3xx_it.o
                0x000000002000000c                temAlarm
 .data.securityAlarm
                0x0000000020000010        0x4 ./Core/Src/stm32f3xx_it.o
                0x0000000020000010                securityAlarm
 .data.securityAlert
                0x0000000020000014        0x4 ./Core/Src/stm32f3xx_it.o
                0x0000000020000014                securityAlert
 .data.newSceneTemThreshold
                0x0000000020000018        0x4 ./Core/Src/stm32f3xx_it.o
                0x0000000020000018                newSceneTemThreshold
 .data.newSceneTemAlarm
                0x000000002000001c        0x4 ./Core/Src/stm32f3xx_it.o
                0x000000002000001c                newSceneTemAlarm
 .data.newScenesecurityAlarm
                0x0000000020000020        0x4 ./Core/Src/stm32f3xx_it.o
                0x0000000020000020                newScenesecurityAlarm
 .data.newSceneSecurityAlert
                0x0000000020000024        0x4 ./Core/Src/stm32f3xx_it.o
                0x0000000020000024                newSceneSecurityAlert
 .data.minFrequency
                0x0000000020000028        0x4 ./Core/Src/stm32f3xx_it.o
                0x0000000020000028                minFrequency
 .data.maxFrequency
                0x000000002000002c        0x4 ./Core/Src/stm32f3xx_it.o
                0x000000002000002c                maxFrequency
 .data.vol      0x0000000020000030        0x4 ./Core/Src/stm32f3xx_it.o
                0x0000000020000030                vol
 .data.col      0x0000000020000034        0x4 ./Core/Src/stm32f3xx_it.o
                0x0000000020000034                col
 .data.row      0x0000000020000038        0x4 ./Core/Src/stm32f3xx_it.o
                0x0000000020000038                row
 .data.currentMenu
                0x000000002000003c       0xf0 ./Core/Src/stm32f3xx_it.o
                0x000000002000003c                currentMenu
 .data.inMenu   0x000000002000012c        0x4 ./Core/Src/stm32f3xx_it.o
                0x000000002000012c                inMenu
 .data.typingCount
                0x0000000020000130        0x4 ./Core/Src/stm32f3xx_it.o
                0x0000000020000130                typingCount
 .data.SystemCoreClock
                0x0000000020000134        0x4 ./Core/Src/system_stm32f3xx.o
                0x0000000020000134                SystemCoreClock
 .data.uwTickPrio
                0x0000000020000138        0x4 ./Drivers/STM32F3xx_HAL_Driver/Src/stm32f3xx_hal.o
                0x0000000020000138                uwTickPrio
 .data.uwTickFreq
                0x000000002000013c        0x1 ./Drivers/STM32F3xx_HAL_Driver/Src/stm32f3xx_hal.o
                0x000000002000013c                uwTickFreq
 *fill*         0x000000002000013d        0x3 
 .data._impure_ptr
                0x0000000020000140        0x4 e:/installers/stm32/ide/stm32cubeide_1.11.2/stm32cubeide/plugins/com.st.stm32cube.ide.mcu.externaltools.gnu-tools-for-stm32.10.3-2021.10.win32_1.0.100.202210260954/tools/bin/../lib/gcc/arm-none-eabi/10.3.1/../../../../arm-none-eabi/lib/thumb/v7e-m+fp/hard\libc_nano.a(lib_a-impure.o)
                0x0000000020000140                _impure_ptr
 .data.impure_data
                0x0000000020000144       0x60 e:/installers/stm32/ide/stm32cubeide_1.11.2/stm32cubeide/plugins/com.st.stm32cube.ide.mcu.externaltools.gnu-tools-for-stm32.10.3-2021.10.win32_1.0.100.202210260954/tools/bin/../lib/gcc/arm-none-eabi/10.3.1/../../../../arm-none-eabi/lib/thumb/v7e-m+fp/hard\libc_nano.a(lib_a-impure.o)
 *(.RamFunc)
 *(.RamFunc*)
                0x00000000200001a4                . = ALIGN (0x4)
                0x00000000200001a4                _edata = .
                0x000000000800df2c                _siccmram = LOADADDR (.ccmram)

.igot.plt       0x00000000200001a4        0x0 load address 0x000000000800df2c
 .igot.plt      0x00000000200001a4        0x0 e:/installers/stm32/ide/stm32cubeide_1.11.2/stm32cubeide/plugins/com.st.stm32cube.ide.mcu.externaltools.gnu-tools-for-stm32.10.3-2021.10.win32_1.0.100.202210260954/tools/bin/../lib/gcc/arm-none-eabi/10.3.1/thumb/v7e-m+fp/hard/crtbegin.o

.ccmram         0x0000000010000000        0x0 load address 0x000000000800df2c
                0x0000000010000000                . = ALIGN (0x4)
                0x0000000010000000                _sccmram = .
 *(.ccmram)
 *(.ccmram*)
                0x0000000010000000                . = ALIGN (0x4)
                0x0000000010000000                _eccmram = .
                0x0000000010000000                . = ALIGN (0x4)

.bss            0x00000000200001a8      0x768
                0x00000000200001a8                _sbss = .
                0x00000000200001a8                __bss_start__ = _sbss
 *(.bss)
 .bss           0x00000000200001a8       0x1c e:/installers/stm32/ide/stm32cubeide_1.11.2/stm32cubeide/plugins/com.st.stm32cube.ide.mcu.externaltools.gnu-tools-for-stm32.10.3-2021.10.win32_1.0.100.202210260954/tools/bin/../lib/gcc/arm-none-eabi/10.3.1/thumb/v7e-m+fp/hard/crtbegin.o
 *(.bss*)
 .bss.dotsize   0x00000000200001c4        0x1 ./Core/Src/LiquidCrystal.o
                0x00000000200001c4                dotsize
 *fill*         0x00000000200001c5        0x1 
 .bss._rs_pin   0x00000000200001c6        0x2 ./Core/Src/LiquidCrystal.o
                0x00000000200001c6                _rs_pin
 .bss._rw_pin   0x00000000200001c8        0x2 ./Core/Src/LiquidCrystal.o
                0x00000000200001c8                _rw_pin
 .bss._enable_pin
                0x00000000200001ca        0x2 ./Core/Src/LiquidCrystal.o
                0x00000000200001ca                _enable_pin
 .bss._data_pins
                0x00000000200001cc       0x10 ./Core/Src/LiquidCrystal.o
                0x00000000200001cc                _data_pins
 .bss._port     0x00000000200001dc        0x4 ./Core/Src/LiquidCrystal.o
                0x00000000200001dc                _port
 .bss._displayfunction
                0x00000000200001e0        0x1 ./Core/Src/LiquidCrystal.o
                0x00000000200001e0                _displayfunction
 .bss._displaycontrol
                0x00000000200001e1        0x1 ./Core/Src/LiquidCrystal.o
                0x00000000200001e1                _displaycontrol
 .bss._displaymode
                0x00000000200001e2        0x1 ./Core/Src/LiquidCrystal.o
                0x00000000200001e2                _displaymode
 .bss._numlines
                0x00000000200001e3        0x1 ./Core/Src/LiquidCrystal.o
                0x00000000200001e3                _numlines
 .bss._row_offsets
                0x00000000200001e4        0x4 ./Core/Src/LiquidCrystal.o
                0x00000000200001e4                _row_offsets
 .bss.hadc1     0x00000000200001e8       0x50 ./Core/Src/main.o
                0x00000000200001e8                hadc1
 .bss.hadc2     0x0000000020000238       0x50 ./Core/Src/main.o
                0x0000000020000238                hadc2
 .bss.hi2c1     0x0000000020000288       0x4c ./Core/Src/main.o
                0x0000000020000288                hi2c1
 .bss.hspi1     0x00000000200002d4       0x64 ./Core/Src/main.o
                0x00000000200002d4                hspi1
 .bss.htim2     0x0000000020000338       0x4c ./Core/Src/main.o
                0x0000000020000338                htim2
 .bss.htim3     0x0000000020000384       0x4c ./Core/Src/main.o
                0x0000000020000384                htim3
 .bss.htim6     0x00000000200003d0       0x4c ./Core/Src/main.o
                0x00000000200003d0                htim6
 .bss.huart2    0x000000002000041c       0x84 ./Core/Src/main.o
                0x000000002000041c                huart2
 .bss.hpcd_USB_FS
                0x00000000200004a0      0x2ec ./Core/Src/main.o
                0x00000000200004a0                hpcd_USB_FS
 .bss.buzzerPwmTimer
                0x000000002000078c        0x4 ./Core/Src/main.o
                0x000000002000078c                buzzerPwmTimer
 .bss.buzzerPwmChannel
                0x0000000020000790        0x4 ./Core/Src/main.o
                0x0000000020000790                buzzerPwmChannel
 .bss.HAL_RCC_ADC12_CLK_ENABLED
                0x0000000020000794        0x4 ./Core/Src/stm32f3xx_hal_msp.o
 .bss.someOneClose
                0x0000000020000798        0x4 ./Core/Src/stm32f3xx_it.o
                0x0000000020000798                someOneClose
 .bss.Lights    0x000000002000079c       0x10 ./Core/Src/stm32f3xx_it.o
                0x000000002000079c                Lights
 .bss.addedScenarios
                0x00000000200007ac       0x80 ./Core/Src/stm32f3xx_it.o
                0x00000000200007ac                addedScenarios
 .bss.lastScenarioIndex
                0x000000002000082c        0x4 ./Core/Src/stm32f3xx_it.o
                0x000000002000082c                lastScenarioIndex
 .bss.startMassage
                0x0000000020000830       0x14 ./Core/Src/stm32f3xx_it.o
                0x0000000020000830                startMassage
 .bss.newScenarioLights
                0x0000000020000844       0x10 ./Core/Src/stm32f3xx_it.o
                0x0000000020000844                newScenarioLights
 *fill*         0x0000000020000854        0x4 
 .bss.lastPress
                0x0000000020000858        0x8 ./Core/Src/stm32f3xx_it.o
                0x0000000020000858                lastPress
 .bss.CurrentMenuOption
                0x0000000020000860        0x4 ./Core/Src/stm32f3xx_it.o
                0x0000000020000860                CurrentMenuOption
 .bss.MenuoptionCounts
                0x0000000020000864        0x4 ./Core/Src/stm32f3xx_it.o
                0x0000000020000864                MenuoptionCounts
 .bss.page      0x0000000020000868        0x4 ./Core/Src/stm32f3xx_it.o
                0x0000000020000868                page
 .bss.generateMenu
                0x000000002000086c        0x4 ./Core/Src/stm32f3xx_it.o
                0x000000002000086c                generateMenu
 .bss.lastKeyPressed
                0x0000000020000870        0x4 ./Core/Src/stm32f3xx_it.o
                0x0000000020000870                lastKeyPressed
 .bss.sameKeyPressed
                0x0000000020000874        0x4 ./Core/Src/stm32f3xx_it.o
                0x0000000020000874                sameKeyPressed
 .bss.lastId    0x0000000020000878        0x4 ./Core/Src/stm32f3xx_it.o
                0x0000000020000878                lastId
 .bss.lastPagesId
                0x000000002000087c        0x4 ./Core/Src/stm32f3xx_it.o
                0x000000002000087c                lastPagesId
 .bss.startState
                0x0000000020000880        0x4 ./Core/Src/stm32f3xx_it.o
                0x0000000020000880                startState
 .bss.startStateLastTime
                0x0000000020000884        0x4 ./Core/Src/stm32f3xx_it.o
                0x0000000020000884                startStateLastTime
 .bss.mSecond   0x0000000020000888        0x4 ./Core/Src/stm32f3xx_it.o
                0x0000000020000888                mSecond
 .bss.shown     0x000000002000088c        0x4 ./Core/Src/stm32f3xx_it.o
                0x000000002000088c                shown
 .bss.root      0x0000000020000890        0x4 ./Core/Src/stm32f3xx_it.o
                0x0000000020000890                root
 .bss.node1     0x0000000020000894        0x4 ./Core/Src/stm32f3xx_it.o
                0x0000000020000894                node1
 .bss.node2     0x0000000020000898        0x4 ./Core/Src/stm32f3xx_it.o
                0x0000000020000898                node2
 .bss.node3     0x000000002000089c        0x4 ./Core/Src/stm32f3xx_it.o
                0x000000002000089c                node3
 .bss.node4     0x00000000200008a0        0x4 ./Core/Src/stm32f3xx_it.o
                0x00000000200008a0                node4
 .bss.node5     0x00000000200008a4        0x4 ./Core/Src/stm32f3xx_it.o
                0x00000000200008a4                node5
 .bss.node6     0x00000000200008a8        0x4 ./Core/Src/stm32f3xx_it.o
                0x00000000200008a8                node6
 .bss.node7     0x00000000200008ac        0x4 ./Core/Src/stm32f3xx_it.o
                0x00000000200008ac                node7
 .bss.node8     0x00000000200008b0        0x4 ./Core/Src/stm32f3xx_it.o
                0x00000000200008b0                node8
 .bss.node9     0x00000000200008b4        0x4 ./Core/Src/stm32f3xx_it.o
                0x00000000200008b4                node9
 .bss.node10    0x00000000200008b8        0x4 ./Core/Src/stm32f3xx_it.o
                0x00000000200008b8                node10
 .bss.node11    0x00000000200008bc        0x4 ./Core/Src/stm32f3xx_it.o
                0x00000000200008bc                node11
 .bss.node12    0x00000000200008c0        0x4 ./Core/Src/stm32f3xx_it.o
                0x00000000200008c0                node12
 .bss.node13    0x00000000200008c4        0x4 ./Core/Src/stm32f3xx_it.o
                0x00000000200008c4                node13
 .bss.node14    0x00000000200008c8        0x4 ./Core/Src/stm32f3xx_it.o
                0x00000000200008c8                node14
 .bss.node15    0x00000000200008cc        0x4 ./Core/Src/stm32f3xx_it.o
                0x00000000200008cc                node15
 .bss.node16    0x00000000200008d0        0x4 ./Core/Src/stm32f3xx_it.o
                0x00000000200008d0                node16
 .bss.node17    0x00000000200008d4        0x4 ./Core/Src/stm32f3xx_it.o
                0x00000000200008d4                node17
 .bss.node18    0x00000000200008d8        0x4 ./Core/Src/stm32f3xx_it.o
                0x00000000200008d8                node18
 .bss.node19    0x00000000200008dc        0x4 ./Core/Src/stm32f3xx_it.o
                0x00000000200008dc                node19
 .bss.node_1    0x00000000200008e0        0x4 ./Core/Src/stm32f3xx_it.o
                0x00000000200008e0                node_1
 .bss.currentNode
                0x00000000200008e4        0x4 ./Core/Src/stm32f3xx_it.o
                0x00000000200008e4                currentNode
 .bss.time.3    0x00000000200008e8        0x4 ./Core/Src/stm32f3xx_it.o
 .bss.counter.2
                0x00000000200008ec        0x4 ./Core/Src/stm32f3xx_it.o
 .bss.temSum.1  0x00000000200008f0        0x4 ./Core/Src/stm32f3xx_it.o
 .bss.alarmPosition.0
                0x00000000200008f4        0x4 ./Core/Src/stm32f3xx_it.o
 .bss.__sbrk_heap_end
                0x00000000200008f8        0x4 ./Core/Src/sysmem.o
 .bss.uwTick    0x00000000200008fc        0x4 ./Drivers/STM32F3xx_HAL_Driver/Src/stm32f3xx_hal.o
                0x00000000200008fc                uwTick
 .bss.__malloc_free_list
                0x0000000020000900        0x4 e:/installers/stm32/ide/stm32cubeide_1.11.2/stm32cubeide/plugins/com.st.stm32cube.ide.mcu.externaltools.gnu-tools-for-stm32.10.3-2021.10.win32_1.0.100.202210260954/tools/bin/../lib/gcc/arm-none-eabi/10.3.1/../../../../arm-none-eabi/lib/thumb/v7e-m+fp/hard\libc_nano.a(lib_a-nano-mallocr.o)
                0x0000000020000900                __malloc_free_list
 .bss.__malloc_sbrk_start
                0x0000000020000904        0x4 e:/installers/stm32/ide/stm32cubeide_1.11.2/stm32cubeide/plugins/com.st.stm32cube.ide.mcu.externaltools.gnu-tools-for-stm32.10.3-2021.10.win32_1.0.100.202210260954/tools/bin/../lib/gcc/arm-none-eabi/10.3.1/../../../../arm-none-eabi/lib/thumb/v7e-m+fp/hard\libc_nano.a(lib_a-nano-mallocr.o)
                0x0000000020000904                __malloc_sbrk_start
 .bss.errno     0x0000000020000908        0x4 e:/installers/stm32/ide/stm32cubeide_1.11.2/stm32cubeide/plugins/com.st.stm32cube.ide.mcu.externaltools.gnu-tools-for-stm32.10.3-2021.10.win32_1.0.100.202210260954/tools/bin/../lib/gcc/arm-none-eabi/10.3.1/../../../../arm-none-eabi/lib/thumb/v7e-m+fp/hard\libc_nano.a(lib_a-reent.o)
                0x0000000020000908                errno
 .bss.__lock___malloc_recursive_mutex
                0x000000002000090c        0x1 e:/installers/stm32/ide/stm32cubeide_1.11.2/stm32cubeide/plugins/com.st.stm32cube.ide.mcu.externaltools.gnu-tools-for-stm32.10.3-2021.10.win32_1.0.100.202210260954/tools/bin/../lib/gcc/arm-none-eabi/10.3.1/../../../../arm-none-eabi/lib/thumb/v7e-m+fp/hard\libc_nano.a(lib_a-lock.o)
                0x000000002000090c                __lock___malloc_recursive_mutex
 *(COMMON)
                0x0000000020000910                . = ALIGN (0x4)
 *fill*         0x000000002000090d        0x3 
                0x0000000020000910                _ebss = .
                0x0000000020000910                __bss_end__ = _ebss

._user_heap_stack
                0x0000000020000910      0x600
                0x0000000020000910                . = ALIGN (0x8)
                [!provide]                        PROVIDE (end = .)
                0x0000000020000910                PROVIDE (_end = .)
                0x0000000020000b10                . = (. + _Min_Heap_Size)
 *fill*         0x0000000020000910      0x200 
                0x0000000020000f10                . = (. + _Min_Stack_Size)
 *fill*         0x0000000020000b10      0x400 
                0x0000000020000f10                . = ALIGN (0x8)

/DISCARD/
 libc.a(*)
 libm.a(*)
 libgcc.a(*)

.ARM.attributes
                0x0000000000000000       0x30
 *(.ARM.attributes)
 .ARM.attributes
                0x0000000000000000       0x1e e:/installers/stm32/ide/stm32cubeide_1.11.2/stm32cubeide/plugins/com.st.stm32cube.ide.mcu.externaltools.gnu-tools-for-stm32.10.3-2021.10.win32_1.0.100.202210260954/tools/bin/../lib/gcc/arm-none-eabi/10.3.1/thumb/v7e-m+fp/hard/crti.o
 .ARM.attributes
                0x000000000000001e       0x34 e:/installers/stm32/ide/stm32cubeide_1.11.2/stm32cubeide/plugins/com.st.stm32cube.ide.mcu.externaltools.gnu-tools-for-stm32.10.3-2021.10.win32_1.0.100.202210260954/tools/bin/../lib/gcc/arm-none-eabi/10.3.1/thumb/v7e-m+fp/hard/crtbegin.o
 .ARM.attributes
                0x0000000000000052       0x34 ./Core/Src/LiquidCrystal.o
 .ARM.attributes
                0x0000000000000086       0x34 ./Core/Src/main.o
 .ARM.attributes
                0x00000000000000ba       0x34 ./Core/Src/stm32f3xx_hal_msp.o
 .ARM.attributes
                0x00000000000000ee       0x34 ./Core/Src/stm32f3xx_it.o
 .ARM.attributes
                0x0000000000000122       0x34 ./Core/Src/sysmem.o
 .ARM.attributes
                0x0000000000000156       0x34 ./Core/Src/system_stm32f3xx.o
 .ARM.attributes
                0x000000000000018a       0x21 ./Core/Startup/startup_stm32f303vctx.o
 .ARM.attributes
                0x00000000000001ab       0x34 ./Drivers/STM32F3xx_HAL_Driver/Src/stm32f3xx_hal.o
 .ARM.attributes
                0x00000000000001df       0x34 ./Drivers/STM32F3xx_HAL_Driver/Src/stm32f3xx_hal_adc.o
 .ARM.attributes
                0x0000000000000213       0x34 ./Drivers/STM32F3xx_HAL_Driver/Src/stm32f3xx_hal_adc_ex.o
 .ARM.attributes
                0x0000000000000247       0x34 ./Drivers/STM32F3xx_HAL_Driver/Src/stm32f3xx_hal_cortex.o
 .ARM.attributes
                0x000000000000027b       0x34 ./Drivers/STM32F3xx_HAL_Driver/Src/stm32f3xx_hal_dma.o
 .ARM.attributes
                0x00000000000002af       0x34 ./Drivers/STM32F3xx_HAL_Driver/Src/stm32f3xx_hal_gpio.o
 .ARM.attributes
                0x00000000000002e3       0x34 ./Drivers/STM32F3xx_HAL_Driver/Src/stm32f3xx_hal_i2c.o
 .ARM.attributes
                0x0000000000000317       0x34 ./Drivers/STM32F3xx_HAL_Driver/Src/stm32f3xx_hal_i2c_ex.o
 .ARM.attributes
                0x000000000000034b       0x34 ./Drivers/STM32F3xx_HAL_Driver/Src/stm32f3xx_hal_pcd.o
 .ARM.attributes
                0x000000000000037f       0x34 ./Drivers/STM32F3xx_HAL_Driver/Src/stm32f3xx_hal_rcc.o
 .ARM.attributes
                0x00000000000003b3       0x34 ./Drivers/STM32F3xx_HAL_Driver/Src/stm32f3xx_hal_rcc_ex.o
 .ARM.attributes
                0x00000000000003e7       0x34 ./Drivers/STM32F3xx_HAL_Driver/Src/stm32f3xx_hal_spi.o
 .ARM.attributes
                0x000000000000041b       0x34 ./Drivers/STM32F3xx_HAL_Driver/Src/stm32f3xx_hal_tim.o
 .ARM.attributes
                0x000000000000044f       0x34 ./Drivers/STM32F3xx_HAL_Driver/Src/stm32f3xx_hal_tim_ex.o
 .ARM.attributes
                0x0000000000000483       0x34 ./Drivers/STM32F3xx_HAL_Driver/Src/stm32f3xx_hal_uart.o
 .ARM.attributes
                0x00000000000004b7       0x34 ./Drivers/STM32F3xx_HAL_Driver/Src/stm32f3xx_hal_uart_ex.o
 .ARM.attributes
                0x00000000000004eb       0x34 ./Drivers/STM32F3xx_HAL_Driver/Src/stm32f3xx_ll_usb.o
 .ARM.attributes
                0x000000000000051f       0x34 e:/installers/stm32/ide/stm32cubeide_1.11.2/stm32cubeide/plugins/com.st.stm32cube.ide.mcu.externaltools.gnu-tools-for-stm32.10.3-2021.10.win32_1.0.100.202210260954/tools/bin/../lib/gcc/arm-none-eabi/10.3.1/../../../../arm-none-eabi/lib/thumb/v7e-m+fp/hard\libc_nano.a(lib_a-errno.o)
 .ARM.attributes
                0x0000000000000553       0x34 e:/installers/stm32/ide/stm32cubeide_1.11.2/stm32cubeide/plugins/com.st.stm32cube.ide.mcu.externaltools.gnu-tools-for-stm32.10.3-2021.10.win32_1.0.100.202210260954/tools/bin/../lib/gcc/arm-none-eabi/10.3.1/../../../../arm-none-eabi/lib/thumb/v7e-m+fp/hard\libc_nano.a(lib_a-impure.o)
 .ARM.attributes
                0x0000000000000587       0x34 e:/installers/stm32/ide/stm32cubeide_1.11.2/stm32cubeide/plugins/com.st.stm32cube.ide.mcu.externaltools.gnu-tools-for-stm32.10.3-2021.10.win32_1.0.100.202210260954/tools/bin/../lib/gcc/arm-none-eabi/10.3.1/../../../../arm-none-eabi/lib/thumb/v7e-m+fp/hard\libc_nano.a(lib_a-init.o)
 .ARM.attributes
                0x00000000000005bb       0x34 e:/installers/stm32/ide/stm32cubeide_1.11.2/stm32cubeide/plugins/com.st.stm32cube.ide.mcu.externaltools.gnu-tools-for-stm32.10.3-2021.10.win32_1.0.100.202210260954/tools/bin/../lib/gcc/arm-none-eabi/10.3.1/../../../../arm-none-eabi/lib/thumb/v7e-m+fp/hard\libc_nano.a(lib_a-malloc.o)
 .ARM.attributes
                0x00000000000005ef       0x34 e:/installers/stm32/ide/stm32cubeide_1.11.2/stm32cubeide/plugins/com.st.stm32cube.ide.mcu.externaltools.gnu-tools-for-stm32.10.3-2021.10.win32_1.0.100.202210260954/tools/bin/../lib/gcc/arm-none-eabi/10.3.1/../../../../arm-none-eabi/lib/thumb/v7e-m+fp/hard\libc_nano.a(lib_a-memcpy-stub.o)
 .ARM.attributes
                0x0000000000000623       0x34 e:/installers/stm32/ide/stm32cubeide_1.11.2/stm32cubeide/plugins/com.st.stm32cube.ide.mcu.externaltools.gnu-tools-for-stm32.10.3-2021.10.win32_1.0.100.202210260954/tools/bin/../lib/gcc/arm-none-eabi/10.3.1/../../../../arm-none-eabi/lib/thumb/v7e-m+fp/hard\libc_nano.a(lib_a-memset.o)
 .ARM.attributes
                0x0000000000000657       0x34 e:/installers/stm32/ide/stm32cubeide_1.11.2/stm32cubeide/plugins/com.st.stm32cube.ide.mcu.externaltools.gnu-tools-for-stm32.10.3-2021.10.win32_1.0.100.202210260954/tools/bin/../lib/gcc/arm-none-eabi/10.3.1/../../../../arm-none-eabi/lib/thumb/v7e-m+fp/hard\libc_nano.a(lib_a-nano-freer.o)
 .ARM.attributes
                0x000000000000068b       0x34 e:/installers/stm32/ide/stm32cubeide_1.11.2/stm32cubeide/plugins/com.st.stm32cube.ide.mcu.externaltools.gnu-tools-for-stm32.10.3-2021.10.win32_1.0.100.202210260954/tools/bin/../lib/gcc/arm-none-eabi/10.3.1/../../../../arm-none-eabi/lib/thumb/v7e-m+fp/hard\libc_nano.a(lib_a-nano-mallocr.o)
 .ARM.attributes
                0x00000000000006bf       0x34 e:/installers/stm32/ide/stm32cubeide_1.11.2/stm32cubeide/plugins/com.st.stm32cube.ide.mcu.externaltools.gnu-tools-for-stm32.10.3-2021.10.win32_1.0.100.202210260954/tools/bin/../lib/gcc/arm-none-eabi/10.3.1/../../../../arm-none-eabi/lib/thumb/v7e-m+fp/hard\libc_nano.a(lib_a-sbrkr.o)
 .ARM.attributes
                0x00000000000006f3       0x34 e:/installers/stm32/ide/stm32cubeide_1.11.2/stm32cubeide/plugins/com.st.stm32cube.ide.mcu.externaltools.gnu-tools-for-stm32.10.3-2021.10.win32_1.0.100.202210260954/tools/bin/../lib/gcc/arm-none-eabi/10.3.1/../../../../arm-none-eabi/lib/thumb/v7e-m+fp/hard\libc_nano.a(lib_a-sprintf.o)
 .ARM.attributes
                0x0000000000000727       0x34 e:/installers/stm32/ide/stm32cubeide_1.11.2/stm32cubeide/plugins/com.st.stm32cube.ide.mcu.externaltools.gnu-tools-for-stm32.10.3-2021.10.win32_1.0.100.202210260954/tools/bin/../lib/gcc/arm-none-eabi/10.3.1/../../../../arm-none-eabi/lib/thumb/v7e-m+fp/hard\libc_nano.a(lib_a-strcat.o)
 .ARM.attributes
                0x000000000000075b       0x1c e:/installers/stm32/ide/stm32cubeide_1.11.2/stm32cubeide/plugins/com.st.stm32cube.ide.mcu.externaltools.gnu-tools-for-stm32.10.3-2021.10.win32_1.0.100.202210260954/tools/bin/../lib/gcc/arm-none-eabi/10.3.1/../../../../arm-none-eabi/lib/thumb/v7e-m+fp/hard\libc_nano.a(lib_a-strcmp.o)
 .ARM.attributes
                0x0000000000000777       0x34 e:/installers/stm32/ide/stm32cubeide_1.11.2/stm32cubeide/plugins/com.st.stm32cube.ide.mcu.externaltools.gnu-tools-for-stm32.10.3-2021.10.win32_1.0.100.202210260954/tools/bin/../lib/gcc/arm-none-eabi/10.3.1/../../../../arm-none-eabi/lib/thumb/v7e-m+fp/hard\libc_nano.a(lib_a-strcpy.o)
 .ARM.attributes
                0x00000000000007ab       0x17 e:/installers/stm32/ide/stm32cubeide_1.11.2/stm32cubeide/plugins/com.st.stm32cube.ide.mcu.externaltools.gnu-tools-for-stm32.10.3-2021.10.win32_1.0.100.202210260954/tools/bin/../lib/gcc/arm-none-eabi/10.3.1/../../../../arm-none-eabi/lib/thumb/v7e-m+fp/hard\libc_nano.a(lib_a-strlen.o)
 .ARM.attributes
                0x00000000000007c2       0x34 e:/installers/stm32/ide/stm32cubeide_1.11.2/stm32cubeide/plugins/com.st.stm32cube.ide.mcu.externaltools.gnu-tools-for-stm32.10.3-2021.10.win32_1.0.100.202210260954/tools/bin/../lib/gcc/arm-none-eabi/10.3.1/../../../../arm-none-eabi/lib/thumb/v7e-m+fp/hard\libc_nano.a(lib_a-mlock.o)
 .ARM.attributes
                0x00000000000007f6       0x34 e:/installers/stm32/ide/stm32cubeide_1.11.2/stm32cubeide/plugins/com.st.stm32cube.ide.mcu.externaltools.gnu-tools-for-stm32.10.3-2021.10.win32_1.0.100.202210260954/tools/bin/../lib/gcc/arm-none-eabi/10.3.1/../../../../arm-none-eabi/lib/thumb/v7e-m+fp/hard\libc_nano.a(lib_a-nano-svfprintf.o)
 .ARM.attributes
                0x000000000000082a       0x34 e:/installers/stm32/ide/stm32cubeide_1.11.2/stm32cubeide/plugins/com.st.stm32cube.ide.mcu.externaltools.gnu-tools-for-stm32.10.3-2021.10.win32_1.0.100.202210260954/tools/bin/../lib/gcc/arm-none-eabi/10.3.1/../../../../arm-none-eabi/lib/thumb/v7e-m+fp/hard\libc_nano.a(lib_a-nano-vfprintf_i.o)
 .ARM.attributes
                0x000000000000085e       0x34 e:/installers/stm32/ide/stm32cubeide_1.11.2/stm32cubeide/plugins/com.st.stm32cube.ide.mcu.externaltools.gnu-tools-for-stm32.10.3-2021.10.win32_1.0.100.202210260954/tools/bin/../lib/gcc/arm-none-eabi/10.3.1/../../../../arm-none-eabi/lib/thumb/v7e-m+fp/hard\libc_nano.a(lib_a-reent.o)
 .ARM.attributes
                0x0000000000000892       0x34 e:/installers/stm32/ide/stm32cubeide_1.11.2/stm32cubeide/plugins/com.st.stm32cube.ide.mcu.externaltools.gnu-tools-for-stm32.10.3-2021.10.win32_1.0.100.202210260954/tools/bin/../lib/gcc/arm-none-eabi/10.3.1/../../../../arm-none-eabi/lib/thumb/v7e-m+fp/hard\libc_nano.a(lib_a-lock.o)
 .ARM.attributes