../Core/Src/main.c:83:6:buzzerInit	8	static
../Core/Src/main.c:94:5:main	24	static
../Core/Src/main.c:161:6:SystemClock_Config	128	static
../Core/Src/main.c:213:13:MX_ADC1_Init	48	static
../Core/Src/main.c:279:13:MX_ADC2_Init	32	static
../Core/Src/main.c:336:13:MX_I2C1_Init	8	static
../Core/Src/main.c:384:13:MX_SPI1_Init	8	static
../Core/Src/main.c:424:13:MX_TIM2_Init	64	static
../Core/Src/main.c:483:13:MX_TIM3_Init	40	static
../Core/Src/main.c:528:13:MX_TIM6_Init	24	static
../Core/Src/main.c:566:13:MX_USART2_UART_Init	8	static
../Core/Src/main.c:601:13:MX_USB_PCD_Init	8	static
../Core/Src/main.c:632:13:MX_GPIO_Init	56	static
../Core/Src/main.c:735:6:Error_Handler	4	static,ignoring_inline_asm
