../Core/Src/main.c:85:5:main	24	static
../Core/Src/main.c:144:6:SystemClock_Config	128	static
../Core/Src/main.c:196:13:MX_ADC1_Init	48	static
../Core/Src/main.c:262:13:MX_ADC2_Init	32	static
../Core/Src/main.c:319:13:MX_I2C1_Init	8	static
../Core/Src/main.c:367:13:MX_SPI1_Init	8	static
../Core/Src/main.c:407:13:MX_TIM2_Init	64	static
../Core/Src/main.c:466:13:MX_TIM3_Init	40	static
../Core/Src/main.c:511:13:MX_USART2_UART_Init	8	static
../Core/Src/main.c:546:13:MX_USB_PCD_Init	8	static
../Core/Src/main.c:577:13:MX_GPIO_Init	56	static
../Core/Src/main.c:670:6:Error_Handler	4	static,ignoring_inline_asm
