../Core/Src/stm32f3xx_it.c:125:18:createNode	16	static
../Core/Src/stm32f3xx_it.c:163:6:GenerateMenu	6000	static
../Core/Src/stm32f3xx_it.c:246:6:createScenario	904	static
../Core/Src/stm32f3xx_it.c:331:6:ShowMenu	40	static
../Core/Src/stm32f3xx_it.c:354:6:ShowInfo	40	static
../Core/Src/stm32f3xx_it.c:374:6:changeOption	64	static
../Core/Src/stm32f3xx_it.c:400:6:SetMenu	24	static
../Core/Src/stm32f3xx_it.c:408:6:messageSetter	40	static
../Core/Src/stm32f3xx_it.c:427:6:setOn	64	static
../Core/Src/stm32f3xx_it.c:490:6:setExactOn	16	static
../Core/Src/stm32f3xx_it.c:538:6:setThreshold	24	static
../Core/Src/stm32f3xx_it.c:558:6:setExcactThreshold	16	static
../Core/Src/stm32f3xx_it.c:562:6:setLigthToggle	24	static
../Core/Src/stm32f3xx_it.c:570:6:setExactLight	24	static
../Core/Src/stm32f3xx_it.c:577:6:setScenario	24	static
../Core/Src/stm32f3xx_it.c:588:7:charSelector	16	static
../Core/Src/stm32f3xx_it.c:706:5:stateCountsForEachKey	16	static
../Core/Src/stm32f3xx_it.c:730:6:nextCurrentNode	4	static
../Core/Src/stm32f3xx_it.c:758:6:CuationMessage	16	static
../Core/Src/stm32f3xx_it.c:771:6:keyHandler	288	static
../Core/Src/stm32f3xx_it.c:958:6:buzzerChangeTone	40	static
../Core/Src/stm32f3xx_it.c:975:6:alarm	40	static
../Core/Src/stm32f3xx_it.c:1022:6:NMI_Handler	4	static
../Core/Src/stm32f3xx_it.c:1037:6:HardFault_Handler	4	static
../Core/Src/stm32f3xx_it.c:1052:6:MemManage_Handler	4	static
../Core/Src/stm32f3xx_it.c:1067:6:BusFault_Handler	4	static
../Core/Src/stm32f3xx_it.c:1082:6:UsageFault_Handler	4	static
../Core/Src/stm32f3xx_it.c:1097:6:SVC_Handler	4	static
../Core/Src/stm32f3xx_it.c:1110:6:DebugMon_Handler	4	static
../Core/Src/stm32f3xx_it.c:1123:6:PendSV_Handler	4	static
../Core/Src/stm32f3xx_it.c:1136:6:SysTick_Handler	8	static
../Core/Src/stm32f3xx_it.c:1157:6:EXTI0_IRQHandler	40	static
../Core/Src/stm32f3xx_it.c:1202:6:EXTI1_IRQHandler	40	static
../Core/Src/stm32f3xx_it.c:1247:6:EXTI2_TSC_IRQHandler	40	static
../Core/Src/stm32f3xx_it.c:1294:6:EXTI3_IRQHandler	40	static
../Core/Src/stm32f3xx_it.c:1341:6:EXTI4_IRQHandler	8	static
../Core/Src/stm32f3xx_it.c:1357:6:ADC1_2_IRQHandler	16	static
../Core/Src/stm32f3xx_it.c:1402:6:EXTI9_5_IRQHandler	8	static
../Core/Src/stm32f3xx_it.c:1416:6:TIM2_IRQHandler	8	static
../Core/Src/stm32f3xx_it.c:1431:6:TIM3_IRQHandler	8	static
../Core/Src/stm32f3xx_it.c:1452:6:USART2_IRQHandler	8	static
../Core/Src/stm32f3xx_it.c:1466:6:TIM6_DAC_IRQHandler	280	static
