../Core/Src/stm32f3xx_it.c:125:18:createNode	16	static
../Core/Src/stm32f3xx_it.c:163:6:GenerateMenu	6000	static
../Core/Src/stm32f3xx_it.c:246:6:createScenario	904	static
../Core/Src/stm32f3xx_it.c:331:6:ShowMenu	40	static
../Core/Src/stm32f3xx_it.c:354:6:ShowInfo	40	static
../Core/Src/stm32f3xx_it.c:374:6:changeOption	64	static
../Core/Src/stm32f3xx_it.c:400:6:SetMenu	24	static
../Core/Src/stm32f3xx_it.c:408:6:messageSetter	40	static
../Core/Src/stm32f3xx_it.c:427:6:setOn	64	static
../Core/Src/stm32f3xx_it.c:490:6:setExactOn	16	static
../Core/Src/stm32f3xx_it.c:538:6:setThreshold	24	static
../Core/Src/stm32f3xx_it.c:558:6:setExcactThreshold	16	static
../Core/Src/stm32f3xx_it.c:562:6:setLigthToggle	24	static
../Core/Src/stm32f3xx_it.c:582:6:setExactLight	24	static
../Core/Src/stm32f3xx_it.c:600:6:setScenario	24	static
../Core/Src/stm32f3xx_it.c:611:7:charSelector	16	static
../Core/Src/stm32f3xx_it.c:729:5:stateCountsForEachKey	16	static
../Core/Src/stm32f3xx_it.c:753:6:nextCurrentNode	4	static
../Core/Src/stm32f3xx_it.c:781:6:CuationMessage	16	static
../Core/Src/stm32f3xx_it.c:794:6:keyHandler	288	static
../Core/Src/stm32f3xx_it.c:981:6:buzzerChangeTone	40	static
../Core/Src/stm32f3xx_it.c:998:6:alarm	40	static
../Core/Src/stm32f3xx_it.c:1045:6:NMI_Handler	4	static
../Core/Src/stm32f3xx_it.c:1060:6:HardFault_Handler	4	static
../Core/Src/stm32f3xx_it.c:1075:6:MemManage_Handler	4	static
../Core/Src/stm32f3xx_it.c:1090:6:BusFault_Handler	4	static
../Core/Src/stm32f3xx_it.c:1105:6:UsageFault_Handler	4	static
../Core/Src/stm32f3xx_it.c:1120:6:SVC_Handler	4	static
../Core/Src/stm32f3xx_it.c:1133:6:DebugMon_Handler	4	static
../Core/Src/stm32f3xx_it.c:1146:6:PendSV_Handler	4	static
../Core/Src/stm32f3xx_it.c:1159:6:SysTick_Handler	8	static
../Core/Src/stm32f3xx_it.c:1180:6:EXTI0_IRQHandler	40	static
../Core/Src/stm32f3xx_it.c:1225:6:EXTI1_IRQHandler	40	static
../Core/Src/stm32f3xx_it.c:1270:6:EXTI2_TSC_IRQHandler	40	static
../Core/Src/stm32f3xx_it.c:1317:6:EXTI3_IRQHandler	40	static
../Core/Src/stm32f3xx_it.c:1364:6:EXTI4_IRQHandler	8	static
../Core/Src/stm32f3xx_it.c:1380:6:ADC1_2_IRQHandler	16	static
../Core/Src/stm32f3xx_it.c:1425:6:EXTI9_5_IRQHandler	8	static
../Core/Src/stm32f3xx_it.c:1439:6:TIM2_IRQHandler	8	static
../Core/Src/stm32f3xx_it.c:1454:6:TIM3_IRQHandler	8	static
../Core/Src/stm32f3xx_it.c:1475:6:USART2_IRQHandler	8	static
../Core/Src/stm32f3xx_it.c:1489:6:TIM6_DAC_IRQHandler	280	static
