Archive member included to satisfy reference by file (symbol)

/Applications/ArmGNUToolchain/12.2.rel1/arm-none-eabi/bin/../lib/gcc/arm-none-eabi/12.2.1/../../../../arm-none-eabi/lib/thumb/v7e-m/nofp/libc.a(libc_a-exit.o)
                              /Applications/ArmGNUToolchain/12.2.rel1/arm-none-eabi/bin/../lib/gcc/arm-none-eabi/12.2.1/../../../../arm-none-eabi/lib/thumb/v7e-m/nofp/crt0.o (exit)
/Applications/ArmGNUToolchain/12.2.rel1/arm-none-eabi/bin/../lib/gcc/arm-none-eabi/12.2.1/../../../../arm-none-eabi/lib/thumb/v7e-m/nofp/libc.a(libc_a-findfp.o)
                              /Applications/ArmGNUToolchain/12.2.rel1/arm-none-eabi/bin/../lib/gcc/arm-none-eabi/12.2.1/../../../../arm-none-eabi/lib/thumb/v7e-m/nofp/libc.a(libc_a-exit.o) (__stdio_exit_handler)
/Applications/ArmGNUToolchain/12.2.rel1/arm-none-eabi/bin/../lib/gcc/arm-none-eabi/12.2.1/../../../../arm-none-eabi/lib/thumb/v7e-m/nofp/libc.a(libc_a-fwalk.o)
                              /Applications/ArmGNUToolchain/12.2.rel1/arm-none-eabi/bin/../lib/gcc/arm-none-eabi/12.2.1/../../../../arm-none-eabi/lib/thumb/v7e-m/nofp/libc.a(libc_a-findfp.o) (_fwalk_sglue)
/Applications/ArmGNUToolchain/12.2.rel1/arm-none-eabi/bin/../lib/gcc/arm-none-eabi/12.2.1/../../../../arm-none-eabi/lib/thumb/v7e-m/nofp/libc.a(libc_a-memset.o)
                              /Applications/ArmGNUToolchain/12.2.rel1/arm-none-eabi/bin/../lib/gcc/arm-none-eabi/12.2.1/../../../../arm-none-eabi/lib/thumb/v7e-m/nofp/crt0.o (memset)
/Applications/ArmGNUToolchain/12.2.rel1/arm-none-eabi/bin/../lib/gcc/arm-none-eabi/12.2.1/../../../../arm-none-eabi/lib/thumb/v7e-m/nofp/libc.a(libc_a-impure.o)
                              /Applications/ArmGNUToolchain/12.2.rel1/arm-none-eabi/bin/../lib/gcc/arm-none-eabi/12.2.1/../../../../arm-none-eabi/lib/thumb/v7e-m/nofp/libc.a(libc_a-findfp.o) (_impure_data)
/Applications/ArmGNUToolchain/12.2.rel1/arm-none-eabi/bin/../lib/gcc/arm-none-eabi/12.2.1/../../../../arm-none-eabi/lib/thumb/v7e-m/nofp/libc.a(libc_a-errno.o)
                              CMakeFiles/finalProject.elf.dir/Core/Src/syscalls.c.obj (__errno)
/Applications/ArmGNUToolchain/12.2.rel1/arm-none-eabi/bin/../lib/gcc/arm-none-eabi/12.2.1/../../../../arm-none-eabi/lib/thumb/v7e-m/nofp/libc.a(libc_a-init.o)
                              /Applications/ArmGNUToolchain/12.2.rel1/arm-none-eabi/bin/../lib/gcc/arm-none-eabi/12.2.1/../../../../arm-none-eabi/lib/thumb/v7e-m/nofp/crt0.o (__libc_init_array)
/Applications/ArmGNUToolchain/12.2.rel1/arm-none-eabi/bin/../lib/gcc/arm-none-eabi/12.2.1/../../../../arm-none-eabi/lib/thumb/v7e-m/nofp/libc.a(libc_a-lock.o)
                              /Applications/ArmGNUToolchain/12.2.rel1/arm-none-eabi/bin/../lib/gcc/arm-none-eabi/12.2.1/../../../../arm-none-eabi/lib/thumb/v7e-m/nofp/libc.a(libc_a-findfp.o) (__retarget_lock_init_recursive)
/Applications/ArmGNUToolchain/12.2.rel1/arm-none-eabi/bin/../lib/gcc/arm-none-eabi/12.2.1/../../../../arm-none-eabi/lib/thumb/v7e-m/nofp/libc.a(libc_a-strlen.o)
                              CMakeFiles/finalProject.elf.dir/Core/Src/LiquidCrystal.c.obj (strlen)
/Applications/ArmGNUToolchain/12.2.rel1/arm-none-eabi/bin/../lib/gcc/arm-none-eabi/12.2.1/../../../../arm-none-eabi/lib/thumb/v7e-m/nofp/libc.a(libc_a-__call_atexit.o)
                              /Applications/ArmGNUToolchain/12.2.rel1/arm-none-eabi/bin/../lib/gcc/arm-none-eabi/12.2.1/../../../../arm-none-eabi/lib/thumb/v7e-m/nofp/libc.a(libc_a-exit.o) (__call_exitprocs)
/Applications/ArmGNUToolchain/12.2.rel1/arm-none-eabi/bin/../lib/gcc/arm-none-eabi/12.2.1/../../../../arm-none-eabi/lib/thumb/v7e-m/nofp/libc.a(libc_a-atexit.o)
                              /Applications/ArmGNUToolchain/12.2.rel1/arm-none-eabi/bin/../lib/gcc/arm-none-eabi/12.2.1/../../../../arm-none-eabi/lib/thumb/v7e-m/nofp/libc.a(libc_a-__call_atexit.o) (atexit)
/Applications/ArmGNUToolchain/12.2.rel1/arm-none-eabi/bin/../lib/gcc/arm-none-eabi/12.2.1/../../../../arm-none-eabi/lib/thumb/v7e-m/nofp/libc.a(libc_a-mallocr.o)
                              /Applications/ArmGNUToolchain/12.2.rel1/arm-none-eabi/bin/../lib/gcc/arm-none-eabi/12.2.1/../../../../arm-none-eabi/lib/thumb/v7e-m/nofp/libc.a(libc_a-findfp.o) (_malloc_r)
/Applications/ArmGNUToolchain/12.2.rel1/arm-none-eabi/bin/../lib/gcc/arm-none-eabi/12.2.1/../../../../arm-none-eabi/lib/thumb/v7e-m/nofp/libc.a(libc_a-mlock.o)
                              /Applications/ArmGNUToolchain/12.2.rel1/arm-none-eabi/bin/../lib/gcc/arm-none-eabi/12.2.1/../../../../arm-none-eabi/lib/thumb/v7e-m/nofp/libc.a(libc_a-mallocr.o) (__malloc_lock)
/Applications/ArmGNUToolchain/12.2.rel1/arm-none-eabi/bin/../lib/gcc/arm-none-eabi/12.2.1/../../../../arm-none-eabi/lib/thumb/v7e-m/nofp/libc.a(libc_a-fclose.o)
                              /Applications/ArmGNUToolchain/12.2.rel1/arm-none-eabi/bin/../lib/gcc/arm-none-eabi/12.2.1/../../../../arm-none-eabi/lib/thumb/v7e-m/nofp/libc.a(libc_a-findfp.o) (_fclose_r)
[...]
Memory Configuration

Name             Origin             Length             Attributes
CCMRAM           0x0000000010000000 0x0000000000002000 xrw
RAM              0x0000000020000000 0x000000000000a000 xrw
FLASH            0x0000000008000000 0x0000000000040000 xr
*default*        0x0000000000000000 0xffffffffffffffff

Linker script and memory map

LOAD /Applications/ArmGNUToolchain/12.2.rel1/arm-none-eabi/bin/../lib/gcc/arm-none-eabi/12.2.1/thumb/v7e-m/nofp/crti.o
LOAD /Applications/ArmGNUToolchain/12.2.rel1/arm-none-eabi/bin/../lib/gcc/arm-none-eabi/12.2.1/thumb/v7e-m/nofp/crtbegin.o
LOAD /Applications/ArmGNUToolchain/12.2.rel1/arm-none-eabi/bin/../lib/gcc/arm-none-eabi/12.2.1/../../../../arm-none-eabi/lib/thumb/v7e-m/nofp/crt0.o
LOAD CMakeFiles/finalProject.elf.dir/Core/Src/LiquidCrystal.c.obj
LOAD CMakeFiles/finalProject.elf.dir/Core/Src/main.c.obj
LOAD CMakeFiles/finalProject.elf.dir/Core/Src/stm32f3xx_hal_msp.c.obj
LOAD CMakeFiles/finalProject.elf.dir/Core/Src/stm32f3xx_it.c.obj
LOAD CMakeFiles/finalProject.elf.dir/Core/Src/syscalls.c.obj
LOAD CMakeFiles/finalProject.elf.dir/Core/Src/sysmem.c.obj
LOAD CMakeFiles/finalProject.elf.dir/Core/Src/system_stm32f3xx.c.obj
LOAD CMakeFiles/finalProject.elf.dir/Core/Startup/startup_stm32f303vctx.s.obj
LOAD CMakeFiles/finalProject.elf.dir/Drivers/STM32F3xx_HAL_Driver/Src/stm32f3xx_hal.c.obj
LOAD CMakeFiles/finalProject.elf.dir/Drivers/STM32F3xx_HAL_Driver/Src/stm32f3xx_hal_adc.c.obj
LOAD CMakeFiles/finalProject.elf.dir/Drivers/STM32F3xx_HAL_Driver/Src/stm32f3xx_hal_adc_ex.c.obj
LOAD CMakeFiles/finalProject.elf.dir/Drivers/STM32F3xx_HAL_Driver/Src/stm32f3xx_hal_cortex.c.obj
LOAD CMakeFiles/finalProject.elf.dir/Drivers/STM32F3xx_HAL_Driver/Src/stm32f3xx_hal_dma.c.obj
LOAD CMakeFiles/finalProject.elf.dir/Drivers/STM32F3xx_HAL_Driver/Src/stm32f3xx_hal_exti.c.obj
LOAD CMakeFiles/finalProject.elf.dir/Drivers/STM32F3xx_HAL_Driver/Src/stm32f3xx_hal_flash.c.obj
LOAD CMakeFiles/finalProject.elf.dir/Drivers/STM32F3xx_HAL_Driver/Src/stm32f3xx_hal_flash_ex.c.obj
LOAD CMakeFiles/finalProject.elf.dir/Drivers/STM32F3xx_HAL_Driver/Src/stm32f3xx_hal_gpio.c.obj
LOAD CMakeFiles/finalProject.elf.dir/Drivers/STM32F3xx_HAL_Driver/Src/stm32f3xx_hal_i2c.c.obj
LOAD CMakeFiles/finalProject.elf.dir/Drivers/STM32F3xx_HAL_Driver/Src/stm32f3xx_hal_i2c_ex.c.obj
LOAD CMakeFiles/finalProject.elf.dir/Drivers/STM32F3xx_HAL_Driver/Src/stm32f3xx_hal_pcd.c.obj
LOAD CMakeFiles/finalProject.elf.dir/Drivers/STM32F3xx_HAL_Driver/Src/stm32f3xx_hal_pcd_ex.c.obj
LOAD CMakeFiles/finalProject.elf.dir/Drivers/STM32F3xx_HAL_Driver/Src/stm32f3xx_hal_pwr.c.obj
LOAD CMakeFiles/finalProject.elf.dir/Drivers/STM32F3xx_HAL_Driver/Src/stm32f3xx_hal_pwr_ex.c.obj
LOAD CMakeFiles/finalProject.elf.dir/Drivers/STM32F3xx_HAL_Driver/Src/stm32f3xx_hal_rcc.c.obj
LOAD CMakeFiles/finalProject.elf.dir/Drivers/STM32F3xx_HAL_Driver/Src/stm32f3xx_hal_rcc_ex.c.obj
LOAD CMakeFiles/finalProject.elf.dir/Drivers/STM32F3xx_HAL_Driver/Src/stm32f3xx_hal_spi.c.obj
LOAD CMakeFiles/finalProject.elf.dir/Drivers/STM32F3xx_HAL_Driver/Src/stm32f3xx_hal_spi_ex.c.obj
LOAD CMakeFiles/finalProject.elf.dir/Drivers/STM32F3xx_HAL_Driver/Src/stm32f3xx_hal_tim.c.obj
LOAD CMakeFiles/finalProject.elf.dir/Drivers/STM32F3xx_HAL_Driver/Src/stm32f3xx_hal_tim_ex.c.obj
LOAD CMakeFiles/finalProject.elf.dir/Drivers/STM32F3xx_HAL_Driver/Src/stm32f3xx_hal_uart.c.obj
LOAD CMakeFiles/finalProject.elf.dir/Drivers/STM32F3xx_HAL_Driver/Src/stm32f3xx_hal_uart_ex.c.obj
LOAD CMakeFiles/finalProject.elf.dir/Drivers/STM32F3xx_HAL_Driver/Src/stm32f3xx_ll_usb.c.obj
START GROUP
LOAD /Applications/ArmGNUToolchain/12.2.rel1/arm-none-eabi/bin/../lib/gcc/arm-none-eabi/12.2.1/thumb/v7e-m/nofp/libgcc.a
LOAD /Applications/ArmGNUToolchain/12.2.rel1/arm-none-eabi/bin/../lib/gcc/arm-none-eabi/12.2.1/../../../../arm-none-eabi/lib/thumb/v7e-m/nofp/libc.a
END GROUP
LOAD /Applications/ArmGNUToolchain/12.2.rel1/arm-none-eabi/bin/../lib/gcc/arm-none-eabi/12.2.1/thumb/v7e-m/nofp/crtend.o
LOAD /Applications/ArmGNUToolchain/12.2.rel1/arm-none-eabi/bin/../lib/gcc/arm-none-eabi/12.2.1/thumb/v7e-m/nofp/crtn.o
                0x000000002000a000                _estack = (ORIGIN (RAM) + LENGTH (RAM))
                0x0000000000000200                _Min_Heap_Size = 0x200
                0x0000000000000400                _Min_Stack_Size = 0x400

.isr_vector     0x0000000008000000      0x188
                0x0000000008000000                . = ALIGN (0x4)
 *(.isr_vector)
 .isr_vector    0x0000000008000000      0x188 CMakeFiles/finalProject.elf.dir/Core/Startup/startup_stm32f303vctx.s.obj
                0x0000000008000000                g_pfnVectors
                0x0000000008000188                . = ALIGN (0x4)

.text           0x00000000080001c0     0x4ad0
                0x00000000080001c0                . = ALIGN (0x4)
 *(.text)
 .text          0x00000000080001c0       0xdc /Applications/ArmGNUToolchain/12.2.rel1/arm-none-eabi/bin/../lib/gcc/arm-none-eabi/12.2.1/../../../../arm-none-eabi/lib/thumb/v7e-m/nofp/libc.a(libc_a-strlen.o)
                0x00000000080001c0                strlen
 *(.text*)
 .text.deregister_tm_clones
                0x000000000800029c       0x1c /Applications/ArmGNUToolchain/12.2.rel1/arm-none-eabi/bin/../lib/gcc/arm-none-eabi/12.2.1/thumb/v7e-m/nofp/crtbegin.o
 .text.register_tm_clones
                0x00000000080002b8       0x24 /Applications/ArmGNUToolchain/12.2.rel1/arm-none-eabi/bin/../lib/gcc/arm-none-eabi/12.2.1/thumb/v7e-m/nofp/crtbegin.o
 .text.__do_global_dtors_aux
                0x00000000080002dc       0x28 /Applications/ArmGNUToolchain/12.2.rel1/arm-none-eabi/bin/../lib/gcc/arm-none-eabi/12.2.1/thumb/v7e-m/nofp/crtbegin.o
 .text.frame_dummy
                0x0000000008000304       0x24 /Applications/ArmGNUToolchain/12.2.rel1/arm-none-eabi/bin/../lib/gcc/arm-none-eabi/12.2.1/thumb/v7e-m/nofp/crtbegin.o
 .text.enableClock
                0x0000000008000328       0xd4 CMakeFiles/finalProject.elf.dir/Core/Src/LiquidCrystal.c.obj
                0x0000000008000328                enableClock
 .text.setRowOffsets
                0x00000000080003fc       0x14 CMakeFiles/finalProject.elf.dir/Core/Src/LiquidCrystal.c.obj
                0x00000000080003fc                setRowOffsets
 .text.pulseEnable
                0x0000000008000410       0x40 CMakeFiles/finalProject.elf.dir/Core/Src/LiquidCrystal.c.obj
                0x0000000008000410                pulseEnable
 .text.write4bits
                0x0000000008000450       0x34 CMakeFiles/finalProject.elf.dir/Core/Src/LiquidCrystal.c.obj
                0x0000000008000450                write4bits
 .text.write8bits
                0x0000000008000484       0x34 CMakeFiles/finalProject.elf.dir/Core/Src/LiquidCrystal.c.obj
                0x0000000008000484                write8bits
 .text.send     0x00000000080004b8       0x58 CMakeFiles/finalProject.elf.dir/Core/Src/LiquidCrystal.c.obj
                0x00000000080004b8                send
 .text.clear    0x0000000008000510       0x12 CMakeFiles/finalProject.elf.dir/Core/Src/LiquidCrystal.c.obj
                0x0000000008000510                clear
 *fill*         0x0000000008000522        0x2 
 .text.setCursor
                0x0000000008000524       0x30 CMakeFiles/finalProject.elf.dir/Core/Src/LiquidCrystal.c.obj
                0x0000000008000524                setCursor
 .text.display  0x0000000008000554       0x1c CMakeFiles/finalProject.elf.dir/Core/Src/LiquidCrystal.c.obj
                0x0000000008000554                display
 .text.begin    0x0000000008000570      0x1b0 CMakeFiles/finalProject.elf.dir/Core/Src/LiquidCrystal.c.obj
                0x0000000008000570                begin
 .text.init     0x0000000008000720       0x7c CMakeFiles/finalProject.elf.dir/Core/Src/LiquidCrystal.c.obj
                0x0000000008000720                init
 .text.LiquidCrystal
                0x000000000800079c       0x64 CMakeFiles/finalProject.elf.dir/Core/Src/LiquidCrystal.c.obj
                0x000000000800079c                LiquidCrystal
 .text.print    0x0000000008000800       0x2a CMakeFiles/finalProject.elf.dir/Core/Src/LiquidCrystal.c.obj
                0x0000000008000800                print
 *fill*         0x000000000800082a        0x2 
 .text.MX_GPIO_Init
                0x000000000800082c      0x17c CMakeFiles/finalProject.elf.dir/Core/Src/main.c.obj
 .text.Error_Handler
                0x00000000080009a8        0x4 CMakeFiles/finalProject.elf.dir/Core/Src/main.c.obj
                0x00000000080009a8                Error_Handler
 .text.MX_I2C1_Init
                0x00000000080009ac       0x54 CMakeFiles/finalProject.elf.dir/Core/Src/main.c.obj
 .text.MX_SPI1_Init
                0x0000000008000a00       0x48 CMakeFiles/finalProject.elf.dir/Core/Src/main.c.obj
 .text.MX_TIM2_Init
                0x0000000008000a48       0xa0 CMakeFiles/finalProject.elf.dir/Core/Src/main.c.obj
 .text.MX_TIM3_Init
                0x0000000008000ae8       0x6c CMakeFiles/finalProject.elf.dir/Core/Src/main.c.obj
 .text.MX_USART2_UART_Init
                0x0000000008000b54       0x38 CMakeFiles/finalProject.elf.dir/Core/Src/main.c.obj
 .text.MX_USB_PCD_Init
                0x0000000008000b8c       0x2c CMakeFiles/finalProject.elf.dir/Core/Src/main.c.obj
 .text.MX_ADC1_Init
                0x0000000008000bb8       0x8c CMakeFiles/finalProject.elf.dir/Core/Src/main.c.obj
 .text.MX_ADC2_Init
                0x0000000008000c44       0x74 CMakeFiles/finalProject.elf.dir/Core/Src/main.c.obj
 .text.SystemClock_Config
                0x0000000008000cb8       0xa0 CMakeFiles/finalProject.elf.dir/Core/Src/main.c.obj
                0x0000000008000cb8                SystemClock_Config
 .text.main     0x0000000008000d58       0x7c CMakeFiles/finalProject.elf.dir/Core/Src/main.c.obj
                0x0000000008000d58                main
 .text.HAL_MspInit
                0x0000000008000dd4       0x3c CMakeFiles/finalProject.elf.dir/Core/Src/stm32f3xx_hal_msp.c.obj
                0x0000000008000dd4                HAL_MspInit
 .text.HAL_ADC_MspInit
                0x0000000008000e10       0xe4 CMakeFiles/finalProject.elf.dir/Core/Src/stm32f3xx_hal_msp.c.obj
                0x0000000008000e10                HAL_ADC_MspInit
 .text.HAL_I2C_MspInit
                0x0000000008000ef4       0x6c CMakeFiles/finalProject.elf.dir/Core/Src/stm32f3xx_hal_msp.c.obj
                0x0000000008000ef4                HAL_I2C_MspInit
 .text.HAL_SPI_MspInit
                0x0000000008000f60       0x68 CMakeFiles/finalProject.elf.dir/Core/Src/stm32f3xx_hal_msp.c.obj
                0x0000000008000f60                HAL_SPI_MspInit
 .text.HAL_TIM_Base_MspInit
                0x0000000008000fc8       0x60 CMakeFiles/finalProject.elf.dir/Core/Src/stm32f3xx_hal_msp.c.obj
                0x0000000008000fc8                HAL_TIM_Base_MspInit
 .text.HAL_TIM_MspPostInit
                0x0000000008001028       0x4e CMakeFiles/finalProject.elf.dir/Core/Src/stm32f3xx_hal_msp.c.obj
                0x0000000008001028                HAL_TIM_MspPostInit
 *fill*         0x0000000008001076        0x2 
 .text.HAL_UART_MspInit
                0x0000000008001078       0x78 CMakeFiles/finalProject.elf.dir/Core/Src/stm32f3xx_hal_msp.c.obj
                0x0000000008001078                HAL_UART_MspInit
 .text.HAL_PCD_MspInit
                0x00000000080010f0       0x68 CMakeFiles/finalProject.elf.dir/Core/Src/stm32f3xx_hal_msp.c.obj
                0x00000000080010f0                HAL_PCD_MspInit
 .text.keyHandler
                0x0000000008001158       0xc4 CMakeFiles/finalProject.elf.dir/Core/Src/stm32f3xx_it.c.obj
                0x0000000008001158                keyHandler
 .text.NMI_Handler
                0x000000000800121c        0x2 CMakeFiles/finalProject.elf.dir/Core/Src/stm32f3xx_it.c.obj
                0x000000000800121c                NMI_Handler
 .text.HardFault_Handler
                0x000000000800121e        0x2 CMakeFiles/finalProject.elf.dir/Core/Src/stm32f3xx_it.c.obj
                0x000000000800121e                HardFault_Handler
 .text.MemManage_Handler
                0x0000000008001220        0x2 CMakeFiles/finalProject.elf.dir/Core/Src/stm32f3xx_it.c.obj
                0x0000000008001220                MemManage_Handler
 .text.BusFault_Handler
                0x0000000008001222        0x2 CMakeFiles/finalProject.elf.dir/Core/Src/stm32f3xx_it.c.obj
                0x0000000008001222                BusFault_Handler
 .text.UsageFault_Handler
                0x0000000008001224        0x2 CMakeFiles/finalProject.elf.dir/Core/Src/stm32f3xx_it.c.obj
                0x0000000008001224                UsageFault_Handler
 .text.SVC_Handler
                0x0000000008001226        0x2 CMakeFiles/finalProject.elf.dir/Core/Src/stm32f3xx_it.c.obj
                0x0000000008001226                SVC_Handler
 .text.DebugMon_Handler
                0x0000000008001228        0x2 CMakeFiles/finalProject.elf.dir/Core/Src/stm32f3xx_it.c.obj
                0x0000000008001228                DebugMon_Handler
 .text.PendSV_Handler
                0x000000000800122a        0x2 CMakeFiles/finalProject.elf.dir/Core/Src/stm32f3xx_it.c.obj
                0x000000000800122a                PendSV_Handler
 .text.SysTick_Handler
                0x000000000800122c        0x8 CMakeFiles/finalProject.elf.dir/Core/Src/stm32f3xx_it.c.obj
                0x000000000800122c                SysTick_Handler
 .text.EXTI0_IRQHandler
                0x0000000008001234      0x104 CMakeFiles/finalProject.elf.dir/Core/Src/stm32f3xx_it.c.obj
                0x0000000008001234                EXTI0_IRQHandler
 .text.EXTI1_IRQHandler
                0x0000000008001338       0xf8 CMakeFiles/finalProject.elf.dir/Core/Src/stm32f3xx_it.c.obj
                0x0000000008001338                EXTI1_IRQHandler
 .text.EXTI2_TSC_IRQHandler
                0x0000000008001430      0x104 CMakeFiles/finalProject.elf.dir/Core/Src/stm32f3xx_it.c.obj
                0x0000000008001430                EXTI2_TSC_IRQHandler
 .text.EXTI3_IRQHandler
                0x0000000008001534      0x104 CMakeFiles/finalProject.elf.dir/Core/Src/stm32f3xx_it.c.obj
                0x0000000008001534                EXTI3_IRQHandler
 .text.EXTI4_IRQHandler
                0x0000000008001638        0xa CMakeFiles/finalProject.elf.dir/Core/Src/stm32f3xx_it.c.obj
                0x0000000008001638                EXTI4_IRQHandler
 *fill*         0x0000000008001642        0x2 
 .text.ADC1_2_IRQHandler
                0x0000000008001644      0x118 CMakeFiles/finalProject.elf.dir/Core/Src/stm32f3xx_it.c.obj
                0x0000000008001644                ADC1_2_IRQHandler
 .text.TIM3_IRQHandler
                0x000000000800175c       0x10 CMakeFiles/finalProject.elf.dir/Core/Src/stm32f3xx_it.c.obj
                0x000000000800175c                TIM3_IRQHandler
 .text.USART2_IRQHandler
                0x000000000800176c       0x10 CMakeFiles/finalProject.elf.dir/Core/Src/stm32f3xx_it.c.obj
                0x000000000800176c                USART2_IRQHandler
 .text.SystemInit
                0x000000000800177c        0x2 CMakeFiles/finalProject.elf.dir/Core/Src/system_stm32f3xx.c.obj
                0x000000000800177c                SystemInit
 *fill*         0x000000000800177e        0x2 
 .text.Reset_Handler
                0x0000000008001780       0x50 CMakeFiles/finalProject.elf.dir/Core/Startup/startup_stm32f303vctx.s.obj
                0x0000000008001780                Reset_Handler
 .text.Default_Handler
                0x00000000080017d0        0x2 CMakeFiles/finalProject.elf.dir/Core/Startup/startup_stm32f303vctx.s.obj
                0x00000000080017d0                TIM1_BRK_TIM15_IRQHandler
                0x00000000080017d0                TIM8_TRG_COM_IRQHandler
                0x00000000080017d0                TIM8_CC_IRQHandler
                0x00000000080017d0                TIM1_CC_IRQHandler
                0x00000000080017d0                USB_HP_IRQHandler
                0x00000000080017d0                PVD_IRQHandler
                0x00000000080017d0                TAMP_STAMP_IRQHandler
                0x00000000080017d0                USB_HP_CAN_TX_IRQHandler
                0x00000000080017d0                I2C2_EV_IRQHandler
                0x00000000080017d0                FPU_IRQHandler
                0x00000000080017d0                TIM1_UP_TIM16_IRQHandler
                0x00000000080017d0                SPI1_IRQHandler
                0x00000000080017d0                CAN_SCE_IRQHandler
                0x00000000080017d0                TIM6_DAC_IRQHandler
                0x00000000080017d0                TIM8_UP_IRQHandler
                0x00000000080017d0                DMA2_Channel2_IRQHandler
                0x00000000080017d0                DMA1_Channel4_IRQHandler
                0x00000000080017d0                USART3_IRQHandler
                0x00000000080017d0                DMA1_Channel7_IRQHandler
                0x00000000080017d0                UART5_IRQHandler
                0x00000000080017d0                ADC3_IRQHandler
                0x00000000080017d0                TIM4_IRQHandler
                0x00000000080017d0                CAN_RX1_IRQHandler
                0x00000000080017d0                DMA2_Channel1_IRQHandler
                0x00000000080017d0                I2C1_EV_IRQHandler
                0x00000000080017d0                DMA1_Channel6_IRQHandler
                0x00000000080017d0                UART4_IRQHandler
                0x00000000080017d0                DMA2_Channel4_IRQHandler
                0x00000000080017d0                RCC_IRQHandler
                0x00000000080017d0                DMA1_Channel1_IRQHandler
                0x00000000080017d0                Default_Handler
                0x00000000080017d0                USBWakeUp_RMP_IRQHandler
                0x00000000080017d0                EXTI15_10_IRQHandler
                0x00000000080017d0                TIM7_IRQHandler
                0x00000000080017d0                EXTI9_5_IRQHandler
                0x00000000080017d0                RTC_WKUP_IRQHandler
                0x00000000080017d0                SPI2_IRQHandler
                0x00000000080017d0                USB_LP_CAN_RX0_IRQHandler
                0x00000000080017d0                DMA2_Channel5_IRQHandler
                0x00000000080017d0                DMA1_Channel5_IRQHandler
                0x00000000080017d0                USB_LP_IRQHandler
                0x00000000080017d0                TIM1_TRG_COM_TIM17_IRQHandler
                0x00000000080017d0                DMA1_Channel3_IRQHandler
                0x00000000080017d0                ADC4_IRQHandler
                0x00000000080017d0                WWDG_IRQHandler
                0x00000000080017d0                TIM2_IRQHandler
                0x00000000080017d0                COMP7_IRQHandler
                0x00000000080017d0                COMP1_2_3_IRQHandler
                0x00000000080017d0                COMP4_5_6_IRQHandler
                0x00000000080017d0                I2C2_ER_IRQHandler
                0x00000000080017d0                DMA1_Channel2_IRQHandler
                0x00000000080017d0                TIM8_BRK_IRQHandler
                0x00000000080017d0                FLASH_IRQHandler
                0x00000000080017d0                USART1_IRQHandler
                0x00000000080017d0                SPI3_IRQHandler
                0x00000000080017d0                I2C1_ER_IRQHandler
                0x00000000080017d0                USBWakeUp_IRQHandler
                0x00000000080017d0                DMA2_Channel3_IRQHandler
                0x00000000080017d0                RTC_Alarm_IRQHandler
 *fill*         0x00000000080017d2        0x2 
 .text.HAL_InitTick
                0x00000000080017d4       0x4c CMakeFiles/finalProject.elf.dir/Drivers/STM32F3xx_HAL_Driver/Src/stm32f3xx_hal.c.obj
                0x00000000080017d4                HAL_InitTick
 .text.HAL_Init
                0x0000000008001820       0x24 CMakeFiles/finalProject.elf.dir/Drivers/STM32F3xx_HAL_Driver/Src/stm32f3xx_hal.c.obj
                0x0000000008001820                HAL_Init
 .text.HAL_IncTick
                0x0000000008001844       0x18 CMakeFiles/finalProject.elf.dir/Drivers/STM32F3xx_HAL_Driver/Src/stm32f3xx_hal.c.obj
                0x0000000008001844                HAL_IncTick
 .text.HAL_GetTick
                0x000000000800185c        0xc CMakeFiles/finalProject.elf.dir/Drivers/STM32F3xx_HAL_Driver/Src/stm32f3xx_hal.c.obj
                0x000000000800185c                HAL_GetTick
 .text.HAL_Delay
                0x0000000008001868       0x28 CMakeFiles/finalProject.elf.dir/Drivers/STM32F3xx_HAL_Driver/Src/stm32f3xx_hal.c.obj
                0x0000000008001868                HAL_Delay
 .text.HAL_ADC_ConvCpltCallback
                0x0000000008001890        0x2 CMakeFiles/finalProject.elf.dir/Drivers/STM32F3xx_HAL_Driver/Src/stm32f3xx_hal_adc.c.obj
                0x0000000008001890                HAL_ADC_ConvCpltCallback
 .text.HAL_ADC_LevelOutOfWindowCallback
                0x0000000008001892        0x2 CMakeFiles/finalProject.elf.dir/Drivers/STM32F3xx_HAL_Driver/Src/stm32f3xx_hal_adc.c.obj
                0x0000000008001892                HAL_ADC_LevelOutOfWindowCallback
 .text.HAL_ADC_ErrorCallback
                0x0000000008001894        0x2 CMakeFiles/finalProject.elf.dir/Drivers/STM32F3xx_HAL_Driver/Src/stm32f3xx_hal_adc.c.obj
                0x0000000008001894                HAL_ADC_ErrorCallback
 .text.ADC_Disable
                0x0000000008001896       0x88 CMakeFiles/finalProject.elf.dir/Drivers/STM32F3xx_HAL_Driver/Src/stm32f3xx_hal_adc_ex.c.obj
 *fill*         0x000000000800191e        0x2 
 .text.ADC_Enable
                0x0000000008001920       0x80 CMakeFiles/finalProject.elf.dir/Drivers/STM32F3xx_HAL_Driver/Src/stm32f3xx_hal_adc_ex.c.obj
 .text.HAL_ADC_Init
                0x00000000080019a0      0x290 CMakeFiles/finalProject.elf.dir/Drivers/STM32F3xx_HAL_Driver/Src/stm32f3xx_hal_adc_ex.c.obj
                0x00000000080019a0                HAL_ADC_Init
 .text.HAL_ADC_Start_IT
                0x0000000008001c30      0x1b8 CMakeFiles/finalProject.elf.dir/Drivers/STM32F3xx_HAL_Driver/Src/stm32f3xx_hal_adc_ex.c.obj
                0x0000000008001c30                HAL_ADC_Start_IT
 .text.HAL_ADC_GetValue
                0x0000000008001de8        0x6 CMakeFiles/finalProject.elf.dir/Drivers/STM32F3xx_HAL_Driver/Src/stm32f3xx_hal_adc_ex.c.obj
                0x0000000008001de8                HAL_ADC_GetValue
 .text.HAL_ADCEx_InjectedConvCpltCallback
                0x0000000008001dee        0x2 CMakeFiles/finalProject.elf.dir/Drivers/STM32F3xx_HAL_Driver/Src/stm32f3xx_hal_adc_ex.c.obj
                0x0000000008001dee                HAL_ADCEx_InjectedConvCpltCallback
 .text.HAL_ADCEx_InjectedQueueOverflowCallback
                0x0000000008001df0        0x2 CMakeFiles/finalProject.elf.dir/Drivers/STM32F3xx_HAL_Driver/Src/stm32f3xx_hal_adc_ex.c.obj
                0x0000000008001df0                HAL_ADCEx_InjectedQueueOverflowCallback
 .text.HAL_ADCEx_LevelOutOfWindow2Callback
                0x0000000008001df2        0x2 CMakeFiles/finalProject.elf.dir/Drivers/STM32F3xx_HAL_Driver/Src/stm32f3xx_hal_adc_ex.c.obj
                0x0000000008001df2                HAL_ADCEx_LevelOutOfWindow2Callback
 .text.HAL_ADCEx_LevelOutOfWindow3Callback
                0x0000000008001df4        0x2 CMakeFiles/finalProject.elf.dir/Drivers/STM32F3xx_HAL_Driver/Src/stm32f3xx_hal_adc_ex.c.obj
                0x0000000008001df4                HAL_ADCEx_LevelOutOfWindow3Callback
 *fill*         0x0000000008001df6        0x2 
 .text.HAL_ADC_IRQHandler
                0x0000000008001df8      0x420 CMakeFiles/finalProject.elf.dir/Drivers/STM32F3xx_HAL_Driver/Src/stm32f3xx_hal_adc_ex.c.obj
                0x0000000008001df8                HAL_ADC_IRQHandler
 .text.HAL_ADC_ConfigChannel
                0x0000000008002218      0x3b0 CMakeFiles/finalProject.elf.dir/Drivers/STM32F3xx_HAL_Driver/Src/stm32f3xx_hal_adc_ex.c.obj
                0x0000000008002218                HAL_ADC_ConfigChannel
 .text.HAL_ADCEx_MultiModeConfigChannel
                0x00000000080025c8      0x160 CMakeFiles/finalProject.elf.dir/Drivers/STM32F3xx_HAL_Driver/Src/stm32f3xx_hal_adc_ex.c.obj
                0x00000000080025c8                HAL_ADCEx_MultiModeConfigChannel
 .text.__NVIC_SetPriority
                0x0000000008002728       0x28 CMakeFiles/finalProject.elf.dir/Drivers/STM32F3xx_HAL_Driver/Src/stm32f3xx_hal_cortex.c.obj
 .text.NVIC_EncodePriority
                0x0000000008002750       0x3e CMakeFiles/finalProject.elf.dir/Drivers/STM32F3xx_HAL_Driver/Src/stm32f3xx_hal_cortex.c.obj
 *fill*         0x000000000800278e        0x2 
 .text.HAL_NVIC_SetPriorityGrouping
                0x0000000008002790       0x24 CMakeFiles/finalProject.elf.dir/Drivers/STM32F3xx_HAL_Driver/Src/stm32f3xx_hal_cortex.c.obj
                0x0000000008002790                HAL_NVIC_SetPriorityGrouping
 .text.HAL_NVIC_SetPriority
                0x00000000080027b4       0x20 CMakeFiles/finalProject.elf.dir/Drivers/STM32F3xx_HAL_Driver/Src/stm32f3xx_hal_cortex.c.obj
                0x00000000080027b4                HAL_NVIC_SetPriority
 .text.HAL_NVIC_EnableIRQ
                0x00000000080027d4       0x1c CMakeFiles/finalProject.elf.dir/Drivers/STM32F3xx_HAL_Driver/Src/stm32f3xx_hal_cortex.c.obj
                0x00000000080027d4                HAL_NVIC_EnableIRQ
 .text.HAL_SYSTICK_Config
                0x00000000080027f0       0x28 CMakeFiles/finalProject.elf.dir/Drivers/STM32F3xx_HAL_Driver/Src/stm32f3xx_hal_cortex.c.obj
                0x00000000080027f0                HAL_SYSTICK_Config
 .text.HAL_DMA_Abort
                0x0000000008002818       0x44 CMakeFiles/finalProject.elf.dir/Drivers/STM32F3xx_HAL_Driver/Src/stm32f3xx_hal_dma.c.obj
                0x0000000008002818                HAL_DMA_Abort
 .text.HAL_DMA_Abort_IT
                0x000000000800285c       0x4a CMakeFiles/finalProject.elf.dir/Drivers/STM32F3xx_HAL_Driver/Src/stm32f3xx_hal_dma.c.obj
                0x000000000800285c                HAL_DMA_Abort_IT
 *fill*         0x00000000080028a6        0x2 
 .text.HAL_GPIO_Init
                0x00000000080028a8      0x1d0 CMakeFiles/finalProject.elf.dir/Drivers/STM32F3xx_HAL_Driver/Src/stm32f3xx_hal_gpio.c.obj
                0x00000000080028a8                HAL_GPIO_Init
 .text.HAL_GPIO_ReadPin
                0x0000000008002a78        0xe CMakeFiles/finalProject.elf.dir/Drivers/STM32F3xx_HAL_Driver/Src/stm32f3xx_hal_gpio.c.obj
                0x0000000008002a78                HAL_GPIO_ReadPin
 .text.HAL_GPIO_WritePin
                0x0000000008002a86        0xa CMakeFiles/finalProject.elf.dir/Drivers/STM32F3xx_HAL_Driver/Src/stm32f3xx_hal_gpio.c.obj
                0x0000000008002a86                HAL_GPIO_WritePin
 .text.HAL_GPIO_TogglePin
                0x0000000008002a90       0x12 CMakeFiles/finalProject.elf.dir/Drivers/STM32F3xx_HAL_Driver/Src/stm32f3xx_hal_gpio.c.obj
                0x0000000008002a90                HAL_GPIO_TogglePin
 .text.HAL_GPIO_EXTI_Callback
                0x0000000008002aa2        0x2 CMakeFiles/finalProject.elf.dir/Drivers/STM32F3xx_HAL_Driver/Src/stm32f3xx_hal_gpio.c.obj
                0x0000000008002aa2                HAL_GPIO_EXTI_Callback
 .text.HAL_GPIO_EXTI_IRQHandler
                0x0000000008002aa4       0x1c CMakeFiles/finalProject.elf.dir/Drivers/STM32F3xx_HAL_Driver/Src/stm32f3xx_hal_gpio.c.obj
                0x0000000008002aa4                HAL_GPIO_EXTI_IRQHandler
 .text.HAL_I2C_Init
                0x0000000008002ac0       0xbc CMakeFiles/finalProject.elf.dir/Drivers/STM32F3xx_HAL_Driver/Src/stm32f3xx_hal_i2c.c.obj
                0x0000000008002ac0                HAL_I2C_Init
 .text.HAL_I2CEx_ConfigAnalogFilter
                0x0000000008002b7c       0x5c CMakeFiles/finalProject.elf.dir/Drivers/STM32F3xx_HAL_Driver/Src/stm32f3xx_hal_i2c_ex.c.obj
                0x0000000008002b7c                HAL_I2CEx_ConfigAnalogFilter
 .text.HAL_I2CEx_ConfigDigitalFilter
                0x0000000008002bd8       0x58 CMakeFiles/finalProject.elf.dir/Drivers/STM32F3xx_HAL_Driver/Src/stm32f3xx_hal_i2c_ex.c.obj
                0x0000000008002bd8                HAL_I2CEx_ConfigDigitalFilter
 .text.HAL_PCD_Init
                0x0000000008002c30       0xd2 CMakeFiles/finalProject.elf.dir/Drivers/STM32F3xx_HAL_Driver/Src/stm32f3xx_hal_pcd.c.obj
                0x0000000008002c30                HAL_PCD_Init
 *fill*         0x0000000008002d02        0x2 
 .text.HAL_RCC_OscConfig
                0x0000000008002d04      0x630 CMakeFiles/finalProject.elf.dir/Drivers/STM32F3xx_HAL_Driver/Src/stm32f3xx_hal_rcc.c.obj
                0x0000000008002d04                HAL_RCC_OscConfig
 .text.HAL_RCC_GetSysClockFreq
                0x0000000008003334       0x70 CMakeFiles/finalProject.elf.dir/Drivers/STM32F3xx_HAL_Driver/Src/stm32f3xx_hal_rcc.c.obj
                0x0000000008003334                HAL_RCC_GetSysClockFreq
 .text.HAL_RCC_ClockConfig
                0x00000000080033a4      0x1a8 CMakeFiles/finalProject.elf.dir/Drivers/STM32F3xx_HAL_Driver/Src/stm32f3xx_hal_rcc.c.obj
                0x00000000080033a4                HAL_RCC_ClockConfig
 .text.HAL_RCC_GetHCLKFreq
                0x000000000800354c        0xc CMakeFiles/finalProject.elf.dir/Drivers/STM32F3xx_HAL_Driver/Src/stm32f3xx_hal_rcc.c.obj
                0x000000000800354c                HAL_RCC_GetHCLKFreq
 .text.HAL_RCC_GetPCLK1Freq
                0x0000000008003558       0x2c CMakeFiles/finalProject.elf.dir/Drivers/STM32F3xx_HAL_Driver/Src/stm32f3xx_hal_rcc.c.obj
                0x0000000008003558                HAL_RCC_GetPCLK1Freq
 .text.HAL_RCC_GetPCLK2Freq
                0x0000000008003584       0x2c CMakeFiles/finalProject.elf.dir/Drivers/STM32F3xx_HAL_Driver/Src/stm32f3xx_hal_rcc.c.obj
                0x0000000008003584                HAL_RCC_GetPCLK2Freq
 .text.HAL_RCCEx_PeriphCLKConfig
                0x00000000080035b0      0x260 CMakeFiles/finalProject.elf.dir/Drivers/STM32F3xx_HAL_Driver/Src/stm32f3xx_hal_rcc_ex.c.obj
                0x00000000080035b0                HAL_RCCEx_PeriphCLKConfig
 .text.HAL_SPI_Init
                0x0000000008003810       0xe8 CMakeFiles/finalProject.elf.dir/Drivers/STM32F3xx_HAL_Driver/Src/stm32f3xx_hal_spi.c.obj
                0x0000000008003810                HAL_SPI_Init
 .text.TIM_OC1_SetConfig
                0x00000000080038f8       0x9c CMakeFiles/finalProject.elf.dir/Drivers/STM32F3xx_HAL_Driver/Src/stm32f3xx_hal_tim.c.obj
 .text.TIM_OC3_SetConfig
                0x0000000008003994       0x8c CMakeFiles/finalProject.elf.dir/Drivers/STM32F3xx_HAL_Driver/Src/stm32f3xx_hal_tim.c.obj
 .text.TIM_OC4_SetConfig
                0x0000000008003a20       0x6c CMakeFiles/finalProject.elf.dir/Drivers/STM32F3xx_HAL_Driver/Src/stm32f3xx_hal_tim.c.obj
 .text.TIM_OC5_SetConfig
                0x0000000008003a8c       0x68 CMakeFiles/finalProject.elf.dir/Drivers/STM32F3xx_HAL_Driver/Src/stm32f3xx_hal_tim.c.obj
 .text.TIM_OC6_SetConfig
                0x0000000008003af4       0x6c CMakeFiles/finalProject.elf.dir/Drivers/STM32F3xx_HAL_Driver/Src/stm32f3xx_hal_tim.c.obj
 .text.TIM_TI1_ConfigInputStage
                0x0000000008003b60       0x24 CMakeFiles/finalProject.elf.dir/Drivers/STM32F3xx_HAL_Driver/Src/stm32f3xx_hal_tim.c.obj
 .text.TIM_TI2_ConfigInputStage
                0x0000000008003b84       0x26 CMakeFiles/finalProject.elf.dir/Drivers/STM32F3xx_HAL_Driver/Src/stm32f3xx_hal_tim.c.obj
 .text.TIM_ITRx_SetConfig
                0x0000000008003baa       0x10 CMakeFiles/finalProject.elf.dir/Drivers/STM32F3xx_HAL_Driver/Src/stm32f3xx_hal_tim.c.obj
 .text.HAL_TIM_PWM_MspInit
                0x0000000008003bba        0x2 CMakeFiles/finalProject.elf.dir/Drivers/STM32F3xx_HAL_Driver/Src/stm32f3xx_hal_tim.c.obj
                0x0000000008003bba                HAL_TIM_PWM_MspInit
 .text.HAL_TIM_PeriodElapsedCallback
                0x0000000008003bbc        0x2 CMakeFiles/finalProject.elf.dir/Drivers/STM32F3xx_HAL_Driver/Src/stm32f3xx_hal_tim.c.obj
                0x0000000008003bbc                HAL_TIM_PeriodElapsedCallback
 .text.HAL_TIM_OC_DelayElapsedCallback
                0x0000000008003bbe        0x2 CMakeFiles/finalProject.elf.dir/Drivers/STM32F3xx_HAL_Driver/Src/stm32f3xx_hal_tim.c.obj
                0x0000000008003bbe                HAL_TIM_OC_DelayElapsedCallback
 .text.HAL_TIM_IC_CaptureCallback
                0x0000000008003bc0        0x2 CMakeFiles/finalProject.elf.dir/Drivers/STM32F3xx_HAL_Driver/Src/stm32f3xx_hal_tim.c.obj
                0x0000000008003bc0                HAL_TIM_IC_CaptureCallback
 .text.HAL_TIM_PWM_PulseFinishedCallback
                0x0000000008003bc2        0x2 CMakeFiles/finalProject.elf.dir/Drivers/STM32F3xx_HAL_Driver/Src/stm32f3xx_hal_tim.c.obj
                0x0000000008003bc2                HAL_TIM_PWM_PulseFinishedCallback
 .text.HAL_TIM_TriggerCallback
                0x0000000008003bc4        0x2 CMakeFiles/finalProject.elf.dir/Drivers/STM32F3xx_HAL_Driver/Src/stm32f3xx_hal_tim.c.obj
                0x0000000008003bc4                HAL_TIM_TriggerCallback
 .text.HAL_TIM_IRQHandler
                0x0000000008003bc6      0x19a CMakeFiles/finalProject.elf.dir/Drivers/STM32F3xx_HAL_Driver/Src/stm32f3xx_hal_tim.c.obj
                0x0000000008003bc6                HAL_TIM_IRQHandler
 .text.TIM_Base_SetConfig
                0x0000000008003d60       0xb8 CMakeFiles/finalProject.elf.dir/Drivers/STM32F3xx_HAL_Driver/Src/stm32f3xx_hal_tim.c.obj
                0x0000000008003d60                TIM_Base_SetConfig
 .text.HAL_TIM_Base_Init
                0x0000000008003e18       0x60 CMakeFiles/finalProject.elf.dir/Drivers/STM32F3xx_HAL_Driver/Src/stm32f3xx_hal_tim.c.obj
                0x0000000008003e18                HAL_TIM_Base_Init
 .text.HAL_TIM_PWM_Init
                0x0000000008003e78       0x60 CMakeFiles/finalProject.elf.dir/Drivers/STM32F3xx_HAL_Driver/Src/stm32f3xx_hal_tim.c.obj
                0x0000000008003e78                HAL_TIM_PWM_Init
 .text.TIM_OC2_SetConfig
                0x0000000008003ed8       0x8c CMakeFiles/finalProject.elf.dir/Drivers/STM32F3xx_HAL_Driver/Src/stm32f3xx_hal_tim.c.obj
                0x0000000008003ed8                TIM_OC2_SetConfig
 .text.HAL_TIM_PWM_ConfigChannel
                0x0000000008003f64      0x13a CMakeFiles/finalProject.elf.dir/Drivers/STM32F3xx_HAL_Driver/Src/stm32f3xx_hal_tim.c.obj
                0x0000000008003f64                HAL_TIM_PWM_ConfigChannel
 .text.TIM_ETR_SetConfig
                0x000000000800409e       0x18 CMakeFiles/finalProject.elf.dir/Drivers/STM32F3xx_HAL_Driver/Src/stm32f3xx_hal_tim.c.obj
                0x000000000800409e                TIM_ETR_SetConfig
 *fill*         0x00000000080040b6        0x2 
 .text.HAL_TIM_ConfigClockSource
                0x00000000080040b8      0x100 CMakeFiles/finalProject.elf.dir/Drivers/STM32F3xx_HAL_Driver/Src/stm32f3xx_hal_tim.c.obj
                0x00000000080040b8                HAL_TIM_ConfigClockSource
 .text.HAL_TIMEx_MasterConfigSynchronization
                0x00000000080041b8       0x90 CMakeFiles/finalProject.elf.dir/Drivers/STM32F3xx_HAL_Driver/Src/stm32f3xx_hal_tim_ex.c.obj
                0x00000000080041b8                HAL_TIMEx_MasterConfigSynchronization
 .text.HAL_TIMEx_CommutCallback
                0x0000000008004248        0x2 CMakeFiles/finalProject.elf.dir/Drivers/STM32F3xx_HAL_Driver/Src/stm32f3xx_hal_tim_ex.c.obj
                0x0000000008004248                HAL_TIMEx_CommutCallback
 .text.HAL_TIMEx_BreakCallback
                0x000000000800424a        0x2 CMakeFiles/finalProject.elf.dir/Drivers/STM32F3xx_HAL_Driver/Src/stm32f3xx_hal_tim_ex.c.obj
                0x000000000800424a                HAL_TIMEx_BreakCallback
 .text.HAL_TIMEx_Break2Callback
                0x000000000800424c        0x2 CMakeFiles/finalProject.elf.dir/Drivers/STM32F3xx_HAL_Driver/Src/stm32f3xx_hal_tim_ex.c.obj
                0x000000000800424c                HAL_TIMEx_Break2Callback
 .text.UART_EndRxTransfer
                0x000000000800424e       0x50 CMakeFiles/finalProject.elf.dir/Drivers/STM32F3xx_HAL_Driver/Src/stm32f3xx_hal_uart.c.obj
 .text.HAL_UART_TxCpltCallback
                0x000000000800429e        0x2 CMakeFiles/finalProject.elf.dir/Drivers/STM32F3xx_HAL_Driver/Src/stm32f3xx_hal_uart.c.obj
                0x000000000800429e                HAL_UART_TxCpltCallback
 .text.UART_EndTransmit_IT
                0x00000000080042a0       0x22 CMakeFiles/finalProject.elf.dir/Drivers/STM32F3xx_HAL_Driver/Src/stm32f3xx_hal_uart.c.obj
 .text.HAL_UART_ErrorCallback
                0x00000000080042c2        0x2 CMakeFiles/finalProject.elf.dir/Drivers/STM32F3xx_HAL_Driver/Src/stm32f3xx_hal_uart.c.obj
                0x00000000080042c2                HAL_UART_ErrorCallback
 .text.UART_DMAAbortOnError
                0x00000000080042c4       0x14 CMakeFiles/finalProject.elf.dir/Drivers/STM32F3xx_HAL_Driver/Src/stm32f3xx_hal_uart.c.obj
 .text.HAL_UARTEx_RxEventCallback
                0x00000000080042d8        0x2 CMakeFiles/finalProject.elf.dir/Drivers/STM32F3xx_HAL_Driver/Src/stm32f3xx_hal_uart.c.obj
                0x00000000080042d8                HAL_UARTEx_RxEventCallback
 *fill*         0x00000000080042da        0x2 
 .text.HAL_UART_IRQHandler
                0x00000000080042dc      0x2dc CMakeFiles/finalProject.elf.dir/Drivers/STM32F3xx_HAL_Driver/Src/stm32f3xx_hal_uart.c.obj
                0x00000000080042dc                HAL_UART_IRQHandler
 .text.UART_SetConfig
                0x00000000080045b8      0x250 CMakeFiles/finalProject.elf.dir/Drivers/STM32F3xx_HAL_Driver/Src/stm32f3xx_hal_uart.c.obj
                0x00000000080045b8                UART_SetConfig
 .text.UART_AdvFeatureConfig
                0x0000000008004808       0xca CMakeFiles/finalProject.elf.dir/Drivers/STM32F3xx_HAL_Driver/Src/stm32f3xx_hal_uart.c.obj
                0x0000000008004808                UART_AdvFeatureConfig
 .text.UART_WaitOnFlagUntilTimeout
                0x00000000080048d2       0xd0 CMakeFiles/finalProject.elf.dir/Drivers/STM32F3xx_HAL_Driver/Src/stm32f3xx_hal_uart.c.obj
                0x00000000080048d2                UART_WaitOnFlagUntilTimeout
 .text.UART_CheckIdleState
                0x00000000080049a2       0x70 CMakeFiles/finalProject.elf.dir/Drivers/STM32F3xx_HAL_Driver/Src/stm32f3xx_hal_uart.c.obj
                0x00000000080049a2                UART_CheckIdleState
 .text.HAL_UART_Init
                0x0000000008004a12       0x62 CMakeFiles/finalProject.elf.dir/Drivers/STM32F3xx_HAL_Driver/Src/stm32f3xx_hal_uart.c.obj
                0x0000000008004a12                HAL_UART_Init
 .text.HAL_UARTEx_WakeupCallback
                0x0000000008004a74        0x2 CMakeFiles/finalProject.elf.dir/Drivers/STM32F3xx_HAL_Driver/Src/stm32f3xx_hal_uart_ex.c.obj
                0x0000000008004a74                HAL_UARTEx_WakeupCallback
 .text.USB_DisableGlobalInt
                0x0000000008004a76       0x14 CMakeFiles/finalProject.elf.dir/Drivers/STM32F3xx_HAL_Driver/Src/stm32f3xx_ll_usb.c.obj
                0x0000000008004a76                USB_DisableGlobalInt
 .text.USB_DevInit
                0x0000000008004a8a       0x22 CMakeFiles/finalProject.elf.dir/Drivers/STM32F3xx_HAL_Driver/Src/stm32f3xx_ll_usb.c.obj
                0x0000000008004a8a                USB_DevInit
 .text.memset   0x0000000008004aac       0xa4 /Applications/ArmGNUToolchain/12.2.rel1/arm-none-eabi/bin/../lib/gcc/arm-none-eabi/12.2.1/../../../../arm-none-eabi/lib/thumb/v7e-m/nofp/libc.a(libc_a-memset.o)
                0x0000000008004aac                memset
 .text.__libc_init_array
                0x0000000008004b50       0x50 /Applications/ArmGNUToolchain/12.2.rel1/arm-none-eabi/bin/../lib/gcc/arm-none-eabi/12.2.1/../../../../arm-none-eabi/lib/thumb/v7e-m/nofp/libc.a(libc_a-init.o)
                0x0000000008004b50                __libc_init_array
 .text.__retarget_lock_acquire_recursive
                0x0000000008004ba0        0x4 /Applications/ArmGNUToolchain/12.2.rel1/arm-none-eabi/bin/../lib/gcc/arm-none-eabi/12.2.1/../../../../arm-none-eabi/lib/thumb/v7e-m/nofp/libc.a(libc_a-lock.o)
                0x0000000008004ba0                __retarget_lock_acquire_recursive
 .text.__retarget_lock_release_recursive
                0x0000000008004ba4        0x4 /Applications/ArmGNUToolchain/12.2.rel1/arm-none-eabi/bin/../lib/gcc/arm-none-eabi/12.2.1/../../../../arm-none-eabi/lib/thumb/v7e-m/nofp/libc.a(libc_a-lock.o)
                0x0000000008004ba4                __retarget_lock_release_recursive
 .text.startup.register_fini
                0x0000000008004ba8       0x14 /Applications/ArmGNUToolchain/12.2.rel1/arm-none-eabi/bin/../lib/gcc/arm-none-eabi/12.2.1/../../../../arm-none-eabi/lib/thumb/v7e-m/nofp/libc.a(libc_a-__call_atexit.o)
 .text.atexit   0x0000000008004bbc        0xc /Applications/ArmGNUToolchain/12.2.rel1/arm-none-eabi/bin/../lib/gcc/arm-none-eabi/12.2.1/../../../../arm-none-eabi/lib/thumb/v7e-m/nofp/libc.a(libc_a-atexit.o)
                0x0000000008004bbc                atexit
 .text.__libc_fini_array
                0x0000000008004bc8       0x28 /Applications/ArmGNUToolchain/12.2.rel1/arm-none-eabi/bin/../lib/gcc/arm-none-eabi/12.2.1/../../../../arm-none-eabi/lib/thumb/v7e-m/nofp/libc.a(libc_a-fini.o)
                0x0000000008004bc8                __libc_fini_array
 .text.__register_exitproc
                0x0000000008004bf0       0x88 /Applications/ArmGNUToolchain/12.2.rel1/arm-none-eabi/bin/../lib/gcc/arm-none-eabi/12.2.1/../../../../arm-none-eabi/lib/thumb/v7e-m/nofp/libc.a(libc_a-__atexit.o)
                0x0000000008004bf0                __register_exitproc
 *(.glue_7)
 .glue_7        0x0000000008004c78        0x0 linker stubs
 *(.glue_7t)
 .glue_7t       0x0000000008004c78        0x0 linker stubs
 *(.eh_frame)
 .eh_frame      0x0000000008004c78        0x0 /Applications/ArmGNUToolchain/12.2.rel1/arm-none-eabi/bin/../lib/gcc/arm-none-eabi/12.2.1/thumb/v7e-m/nofp/crtbegin.o
 *(.init)
 .init          0x0000000008004c78        0x4 /Applications/ArmGNUToolchain/12.2.rel1/arm-none-eabi/bin/../lib/gcc/arm-none-eabi/12.2.1/thumb/v7e-m/nofp/crti.o
                0x0000000008004c78                _init
 .init          0x0000000008004c7c        0x8 /Applications/ArmGNUToolchain/12.2.rel1/arm-none-eabi/bin/../lib/gcc/arm-none-eabi/12.2.1/thumb/v7e-m/nofp/crtn.o
 *(.fini)
 .fini          0x0000000008004c84        0x4 /Applications/ArmGNUToolchain/12.2.rel1/arm-none-eabi/bin/../lib/gcc/arm-none-eabi/12.2.1/thumb/v7e-m/nofp/crti.o
                0x0000000008004c84                _fini
 .fini          0x0000000008004c88        0x8 /Applications/ArmGNUToolchain/12.2.rel1/arm-none-eabi/bin/../lib/gcc/arm-none-eabi/12.2.1/thumb/v7e-m/nofp/crtn.o
                0x0000000008004c90                . = ALIGN (0x4)
                0x0000000008004c90                _etext = .

.vfp11_veneer   0x0000000008004c90        0x0
 .vfp11_veneer  0x0000000008004c90        0x0 linker stubs

.v4_bx          0x0000000008004c90        0x0
 .v4_bx         0x0000000008004c90        0x0 linker stubs

.iplt           0x0000000008004c90        0x0
 .iplt          0x0000000008004c90        0x0 /Applications/ArmGNUToolchain/12.2.rel1/arm-none-eabi/bin/../lib/gcc/arm-none-eabi/12.2.1/thumb/v7e-m/nofp/crtbegin.o

.rodata         0x0000000008004c90       0x40
                0x0000000008004c90                . = ALIGN (0x4)
 *(.rodata)
 *(.rodata*)
 .rodata.main.str1.4
                0x0000000008004c90        0x6 CMakeFiles/finalProject.elf.dir/Core/Src/main.c.obj
 *fill*         0x0000000008004c96        0x2 
 .rodata.APBPrescTable
                0x0000000008004c98        0x8 CMakeFiles/finalProject.elf.dir/Core/Src/system_stm32f3xx.c.obj
                0x0000000008004c98                APBPrescTable
 .rodata.AHBPrescTable
                0x0000000008004ca0       0x10 CMakeFiles/finalProject.elf.dir/Core/Src/system_stm32f3xx.c.obj
                0x0000000008004ca0                AHBPrescTable
 .rodata.aPredivFactorTable
                0x0000000008004cb0       0x10 CMakeFiles/finalProject.elf.dir/Drivers/STM32F3xx_HAL_Driver/Src/stm32f3xx_hal_rcc.c.obj
                0x0000000008004cb0                aPredivFactorTable
 .rodata.aPLLMULFactorTable
                0x0000000008004cc0       0x10 CMakeFiles/finalProject.elf.dir/Drivers/STM32F3xx_HAL_Driver/Src/stm32f3xx_hal_rcc.c.obj
                0x0000000008004cc0                aPLLMULFactorTable
                0x0000000008004cd0                . = ALIGN (0x4)

.rel.dyn        0x0000000008004cd0        0x0
 .rel.iplt      0x0000000008004cd0        0x0 /Applications/ArmGNUToolchain/12.2.rel1/arm-none-eabi/bin/../lib/gcc/arm-none-eabi/12.2.1/thumb/v7e-m/nofp/crtbegin.o

.ARM.extab      0x0000000008004cd0        0x0
                0x0000000008004cd0                . = ALIGN (0x4)
 *(.ARM.extab* .gnu.linkonce.armextab.*)
                0x0000000008004cd0                . = ALIGN (0x4)

.ARM            0x0000000008004cd0        0x0
                0x0000000008004cd0                . = ALIGN (0x4)
                0x0000000008004cd0                __exidx_start = .
 *(.ARM.exidx*)
                0x0000000008004cd0                __exidx_end = .
                0x0000000008004cd0                . = ALIGN (0x4)

.preinit_array  0x0000000008004cd0        0x0
                0x0000000008004cd0                . = ALIGN (0x4)
                0x0000000008004cd0                PROVIDE (__preinit_array_start = .)
 *(.preinit_array*)
                0x0000000008004cd0                PROVIDE (__preinit_array_end = .)
                0x0000000008004cd0                . = ALIGN (0x4)

.init_array     0x0000000008004cd0        0x8
                0x0000000008004cd0                . = ALIGN (0x4)
                0x0000000008004cd0                PROVIDE (__init_array_start = .)
 *(SORT_BY_NAME(.init_array.*))
 .init_array.00000
                0x0000000008004cd0        0x4 /Applications/ArmGNUToolchain/12.2.rel1/arm-none-eabi/bin/../lib/gcc/arm-none-eabi/12.2.1/../../../../arm-none-eabi/lib/thumb/v7e-m/nofp/libc.a(libc_a-__call_atexit.o)
 *(.init_array*)
 .init_array    0x0000000008004cd4        0x4 /Applications/ArmGNUToolchain/12.2.rel1/arm-none-eabi/bin/../lib/gcc/arm-none-eabi/12.2.1/thumb/v7e-m/nofp/crtbegin.o
                0x0000000008004cd8                PROVIDE (__init_array_end = .)
                0x0000000008004cd8                . = ALIGN (0x4)

.fini_array     0x0000000008004cd8        0x4
                0x0000000008004cd8                . = ALIGN (0x4)
                0x0000000008004cd8                PROVIDE (__fini_array_start = .)
 *(SORT_BY_NAME(.fini_array.*))
 *(.fini_array*)
 .fini_array    0x0000000008004cd8        0x4 /Applications/ArmGNUToolchain/12.2.rel1/arm-none-eabi/bin/../lib/gcc/arm-none-eabi/12.2.1/thumb/v7e-m/nofp/crtbegin.o
                0x0000000008004cdc                PROVIDE (__fini_array_end = .)
                0x0000000008004cdc                . = ALIGN (0x4)
                0x0000000008004cdc                _sidata = LOADADDR (.data)

.data           0x0000000020000000       0x1c load address 0x0000000008004cdc
                0x0000000020000000                . = ALIGN (0x4)
                0x0000000020000000                _sdata = .
 *(.data)
 *(.data*)
 .data._fourbit_mode
                0x0000000020000000        0x1 CMakeFiles/finalProject.elf.dir/Core/Src/LiquidCrystal.c.obj
                0x0000000020000000                _fourbit_mode
 *fill*         0x0000000020000001        0x3 
 .data.row      0x0000000020000004        0x4 CMakeFiles/finalProject.elf.dir/Core/Src/stm32f3xx_it.c.obj
                0x0000000020000004                row
 .data.col      0x0000000020000008        0x4 CMakeFiles/finalProject.elf.dir/Core/Src/stm32f3xx_it.c.obj
                0x0000000020000008                col
 .data.SystemCoreClock
                0x000000002000000c        0x4 CMakeFiles/finalProject.elf.dir/Core/Src/system_stm32f3xx.c.obj
                0x000000002000000c                SystemCoreClock
 .data.uwTickFreq
                0x0000000020000010        0x1 CMakeFiles/finalProject.elf.dir/Drivers/STM32F3xx_HAL_Driver/Src/stm32f3xx_hal.c.obj
                0x0000000020000010                uwTickFreq
 *fill*         0x0000000020000011        0x3 
 .data.uwTickPrio
                0x0000000020000014        0x4 CMakeFiles/finalProject.elf.dir/Drivers/STM32F3xx_HAL_Driver/Src/stm32f3xx_hal.c.obj
                0x0000000020000014                uwTickPrio
 .data.__atexit_recursive_mutex
                0x0000000020000018        0x4 /Applications/ArmGNUToolchain/12.2.rel1/arm-none-eabi/bin/../lib/gcc/arm-none-eabi/12.2.1/../../../../arm-none-eabi/lib/thumb/v7e-m/nofp/libc.a(libc_a-__call_atexit.o)
                0x0000000020000018                __atexit_recursive_mutex
 *(.RamFunc)
 *(.RamFunc*)
                0x000000002000001c                . = ALIGN (0x4)
                0x000000002000001c                _edata = .
                0x0000000008004cf8                _siccmram = LOADADDR (.ccmram)

.tm_clone_table
                0x000000002000001c        0x0 load address 0x0000000008004cf8
 .tm_clone_table
                0x000000002000001c        0x0 /Applications/ArmGNUToolchain/12.2.rel1/arm-none-eabi/bin/../lib/gcc/arm-none-eabi/12.2.1/thumb/v7e-m/nofp/crtbegin.o
 .tm_clone_table
                0x000000002000001c        0x0 /Applications/ArmGNUToolchain/12.2.rel1/arm-none-eabi/bin/../lib/gcc/arm-none-eabi/12.2.1/thumb/v7e-m/nofp/crtend.o

.igot.plt       0x000000002000001c        0x0 load address 0x0000000008004cf8
 .igot.plt      0x000000002000001c        0x0 /Applications/ArmGNUToolchain/12.2.rel1/arm-none-eabi/bin/../lib/gcc/arm-none-eabi/12.2.1/thumb/v7e-m/nofp/crtbegin.o

.ccmram         0x0000000010000000        0x0 load address 0x0000000008004cf8
                0x0000000010000000                . = ALIGN (0x4)
                0x0000000010000000                _sccmram = .
 *(.ccmram)
 *(.ccmram*)
                0x0000000010000000                . = ALIGN (0x4)
                0x0000000010000000                _eccmram = .
                0x0000000010000000                . = ALIGN (0x4)

.bss            0x0000000020000020      0x754
                0x0000000020000020                _sbss = .
                0x0000000020000020                __bss_start__ = _sbss
 *(.bss)
 *(.bss*)
 .bss.completed.1
                0x0000000020000020        0x1 /Applications/ArmGNUToolchain/12.2.rel1/arm-none-eabi/bin/../lib/gcc/arm-none-eabi/12.2.1/thumb/v7e-m/nofp/crtbegin.o
 *fill*         0x0000000020000021        0x3 
 .bss.object.0  0x0000000020000024       0x18 /Applications/ArmGNUToolchain/12.2.rel1/arm-none-eabi/bin/../lib/gcc/arm-none-eabi/12.2.1/thumb/v7e-m/nofp/crtbegin.o
 .bss._row_offsets
                0x000000002000003c        0x4 CMakeFiles/finalProject.elf.dir/Core/Src/LiquidCrystal.c.obj
                0x000000002000003c                _row_offsets
 .bss._numlines
                0x0000000020000040        0x1 CMakeFiles/finalProject.elf.dir/Core/Src/LiquidCrystal.c.obj
                0x0000000020000040                _numlines
 .bss._displaymode
                0x0000000020000041        0x1 CMakeFiles/finalProject.elf.dir/Core/Src/LiquidCrystal.c.obj
                0x0000000020000041                _displaymode
 .bss._displaycontrol
                0x0000000020000042        0x1 CMakeFiles/finalProject.elf.dir/Core/Src/LiquidCrystal.c.obj
                0x0000000020000042                _displaycontrol
 .bss._displayfunction
                0x0000000020000043        0x1 CMakeFiles/finalProject.elf.dir/Core/Src/LiquidCrystal.c.obj
                0x0000000020000043                _displayfunction
 .bss._port     0x0000000020000044        0x4 CMakeFiles/finalProject.elf.dir/Core/Src/LiquidCrystal.c.obj
                0x0000000020000044                _port
 .bss._data_pins
                0x0000000020000048       0x10 CMakeFiles/finalProject.elf.dir/Core/Src/LiquidCrystal.c.obj
                0x0000000020000048                _data_pins
 .bss._enable_pin
                0x0000000020000058        0x2 CMakeFiles/finalProject.elf.dir/Core/Src/LiquidCrystal.c.obj
                0x0000000020000058                _enable_pin
 .bss._rw_pin   0x000000002000005a        0x2 CMakeFiles/finalProject.elf.dir/Core/Src/LiquidCrystal.c.obj
                0x000000002000005a                _rw_pin
 .bss._rs_pin   0x000000002000005c        0x2 CMakeFiles/finalProject.elf.dir/Core/Src/LiquidCrystal.c.obj
                0x000000002000005c                _rs_pin
 .bss.dotsize   0x000000002000005e        0x1 CMakeFiles/finalProject.elf.dir/Core/Src/LiquidCrystal.c.obj
                0x000000002000005e                dotsize
 *fill*         0x000000002000005f        0x1 
 .bss.hpcd_USB_FS
                0x0000000020000060      0x2ec CMakeFiles/finalProject.elf.dir/Core/Src/main.c.obj
                0x0000000020000060                hpcd_USB_FS
 .bss.huart2    0x000000002000034c       0x84 CMakeFiles/finalProject.elf.dir/Core/Src/main.c.obj
                0x000000002000034c                huart2
 .bss.htim3     0x00000000200003d0       0x4c CMakeFiles/finalProject.elf.dir/Core/Src/main.c.obj
                0x00000000200003d0                htim3
 .bss.htim2     0x000000002000041c       0x4c CMakeFiles/finalProject.elf.dir/Core/Src/main.c.obj
                0x000000002000041c                htim2
 .bss.hspi1     0x0000000020000468       0x64 CMakeFiles/finalProject.elf.dir/Core/Src/main.c.obj
                0x0000000020000468                hspi1
 .bss.hi2c1     0x00000000200004cc       0x4c CMakeFiles/finalProject.elf.dir/Core/Src/main.c.obj
                0x00000000200004cc                hi2c1
 .bss.hadc2     0x0000000020000518       0x50 CMakeFiles/finalProject.elf.dir/Core/Src/main.c.obj
                0x0000000020000518                hadc2
 .bss.hadc1     0x0000000020000568       0x50 CMakeFiles/finalProject.elf.dir/Core/Src/main.c.obj
                0x0000000020000568                hadc1
 .bss.HAL_RCC_ADC12_CLK_ENABLED
                0x00000000200005b8        0x4 CMakeFiles/finalProject.elf.dir/Core/Src/stm32f3xx_hal_msp.c.obj
 .bss.temSum.0  0x00000000200005bc        0x4 CMakeFiles/finalProject.elf.dir/Core/Src/stm32f3xx_it.c.obj
 .bss.lumSum.1  0x00000000200005c0        0x4 CMakeFiles/finalProject.elf.dir/Core/Src/stm32f3xx_it.c.obj
 .bss.counter.2
                0x00000000200005c4        0x4 CMakeFiles/finalProject.elf.dir/Core/Src/stm32f3xx_it.c.obj
 .bss.lastPress
                0x00000000200005c8        0x8 CMakeFiles/finalProject.elf.dir/Core/Src/stm32f3xx_it.c.obj
                0x00000000200005c8                lastPress
 .bss.temperature
                0x00000000200005d0        0x4 CMakeFiles/finalProject.elf.dir/Core/Src/stm32f3xx_it.c.obj
                0x00000000200005d0                temperature
 .bss.lum       0x00000000200005d4        0x4 CMakeFiles/finalProject.elf.dir/Core/Src/stm32f3xx_it.c.obj
                0x00000000200005d4                lum
 .bss.uwTick    0x00000000200005d8        0x4 CMakeFiles/finalProject.elf.dir/Drivers/STM32F3xx_HAL_Driver/Src/stm32f3xx_hal.c.obj
                0x00000000200005d8                uwTick
 .bss.__lock___atexit_recursive_mutex
                0x00000000200005dc        0x1 /Applications/ArmGNUToolchain/12.2.rel1/arm-none-eabi/bin/../lib/gcc/arm-none-eabi/12.2.1/../../../../arm-none-eabi/lib/thumb/v7e-m/nofp/libc.a(libc_a-lock.o)
                0x00000000200005dc                __lock___atexit_recursive_mutex
 *fill*         0x00000000200005dd        0x3 
 .bss.__atexit  0x00000000200005e0        0x4 /Applications/ArmGNUToolchain/12.2.rel1/arm-none-eabi/bin/../lib/gcc/arm-none-eabi/12.2.1/../../../../arm-none-eabi/lib/thumb/v7e-m/nofp/libc.a(libc_a-__call_atexit.o)
                0x00000000200005e0                __atexit
 .bss.__atexit0
                0x00000000200005e4      0x190 /Applications/ArmGNUToolchain/12.2.rel1/arm-none-eabi/bin/../lib/gcc/arm-none-eabi/12.2.1/../../../../arm-none-eabi/lib/thumb/v7e-m/nofp/libc.a(libc_a-__atexit.o)
                0x00000000200005e4                __atexit0
 *(COMMON)
                0x0000000020000774                . = ALIGN (0x4)
                0x0000000020000774                _ebss = .
                0x0000000020000774                __bss_end__ = _ebss

._user_heap_stack
                0x0000000020000774      0x604
                0x0000000020000778                . = ALIGN (0x8)
 *fill*         0x0000000020000774        0x4 
                [!provide]                        PROVIDE (end = .)
                0x0000000020000778                PROVIDE (_end = .)
                0x0000000020000978                . = (. + _Min_Heap_Size)
 *fill*         0x0000000020000778      0x200 
                0x0000000020000d78                . = (. + _Min_Stack_Size)
 *fill*         0x0000000020000978      0x400 
                0x0000000020000d78                . = ALIGN (0x8)

/DISCARD/
 libc.a(*)
 libm.a(*)
 libgcc.a(*)

.ARM.attributes
                0x0000000000000000       0x2a
 *(.ARM.attributes)
 .ARM.attributes
                0x0000000000000000       0x1e /Applications/ArmGNUToolchain/12.2.rel1/arm-none-eabi/bin/../lib/gcc/arm-none-eabi/12.2.1/thumb/v7e-m/nofp/crti.o
 .ARM.attributes
                0x000000000000001e       0x2e /Applications/ArmGNUToolchain/12.2.rel1/arm-none-eabi/bin/../lib/gcc/arm-none-eabi/12.2.1/thumb/v7e-m/nofp/crtbegin.o
 .ARM.attributes
                0x000000000000004c       0x2e CMakeFiles/finalProject.elf.dir/Core/Src/LiquidCrystal.c.obj
 .ARM.attributes
                0x000000000000007a       0x2e CMakeFiles/finalProject.elf.dir/Core/Src/main.c.obj
 .ARM.attributes
                0x00000000000000a8       0x2e CMakeFiles/finalProject.elf.dir/Core/Src/stm32f3xx_hal_msp.c.obj
 .ARM.attributes
                0x00000000000000d6       0x2e CMakeFiles/finalProject.elf.dir/Core/Src/stm32f3xx_it.c.obj
 .ARM.attributes
                0x0000000000000104       0x2e CMakeFiles/finalProject.elf.dir/Core/Src/system_stm32f3xx.c.obj
 .ARM.attributes
                0x0000000000000132       0x21 CMakeFiles/finalProject.elf.dir/Core/Startup/startup_stm32f303vctx.s.obj
 .ARM.attributes
                0x0000000000000153       0x2e CMakeFiles/finalProject.elf.dir/Drivers/STM32F3xx_HAL_Driver/Src/stm32f3xx_hal.c.obj
 .ARM.attributes
                0x0000000000000181       0x2e CMakeFiles/finalProject.elf.dir/Drivers/STM32F3xx_HAL_Driver/Src/stm32f3xx_hal_adc.c.obj
 .ARM.attributes
                0x00000000000001af       0x2e CMakeFiles/finalProject.elf.dir/Drivers/STM32F3xx_HAL_Driver/Src/stm32f3xx_hal_adc_ex.c.obj
 .ARM.attributes
                0x00000000000001dd       0x2e CMakeFiles/finalProject.elf.dir/Drivers/STM32F3xx_HAL_Driver/Src/stm32f3xx_hal_cortex.c.obj
 .ARM.attributes
                0x000000000000020b       0x2e CMakeFiles/finalProject.elf.dir/Drivers/STM32F3xx_HAL_Driver/Src/stm32f3xx_hal_dma.c.obj
 .ARM.attributes
                0x0000000000000239       0x2e CMakeFiles/finalProject.elf.dir/Drivers/STM32F3xx_HAL_Driver/Src/stm32f3xx_hal_gpio.c.obj
 .ARM.attributes
                0x0000000000000267       0x2e CMakeFiles/finalProject.elf.dir/Drivers/STM32F3xx_HAL_Driver/Src/stm32f3xx_hal_i2c.c.obj
 .ARM.attributes
                0x0000000000000295       0x2e CMakeFiles/finalProject.elf.dir/Drivers/STM32F3xx_HAL_Driver/Src/stm32f3xx_hal_i2c_ex.c.obj
 .ARM.attributes
                0x00000000000002c3       0x2e CMakeFiles/finalProject.elf.dir/Drivers/STM32F3xx_HAL_Driver/Src/stm32f3xx_hal_pcd.c.obj
 .ARM.attributes
                0x00000000000002f1       0x2e CMakeFiles/finalProject.elf.dir/Drivers/STM32F3xx_HAL_Driver/Src/stm32f3xx_hal_rcc.c.obj
 .ARM.attributes
                0x000000000000031f       0x2e CMakeFiles/finalProject.elf.dir/Drivers/STM32F3xx_HAL_Driver/Src/stm32f3xx_hal_rcc_ex.c.obj
 .ARM.attributes
                0x000000000000034d       0x2e CMakeFiles/finalProject.elf.dir/Drivers/STM32F3xx_HAL_Driver/Src/stm32f3xx_hal_spi.c.obj
 .ARM.attributes
                0x000000000000037b       0x2e CMakeFiles/finalProject.elf.dir/Drivers/STM32F3xx_HAL_Driver/Src/stm32f3xx_hal_tim.c.obj
 .ARM.attributes
                0x00000000000003a9       0x2e CMakeFiles/finalProject.elf.dir/Drivers/STM32F3xx_HAL_Driver/Src/stm32f3xx_hal_tim_ex.c.obj
 .ARM.attributes
                0x00000000000003d7       0x2e CMakeFiles/finalProject.elf.dir/Drivers/STM32F3xx_HAL_Driver/Src/stm32f3xx_hal_uart.c.obj
 .ARM.attributes
                0x0000000000000405       0x2e CMakeFiles/finalProject.elf.dir/Drivers/STM32F3xx_HAL_Driver/Src/stm32f3xx_hal_uart_ex.c.obj
 .ARM.attributes
                0x0000000000000433       0x2e CMakeFiles/finalProject.elf.dir/Drivers/STM32F3xx_HAL_Driver/Src/stm32f3xx_ll_usb.c.obj
 .ARM.attributes
                0x0000000000000461       0x2e /Applications/ArmGNUToolchain/12.2.rel1/arm-none-eabi/bin/../lib/gcc/arm-none-eabi/12.2.1/../../../../arm-none-eabi/lib/thumb/v7e-m/nofp/libc.a(libc_a-memset.o)
 .ARM.attributes
                0x000000000000048f       0x2e /Applications/ArmGNUToolchain/12.2.rel1/arm-none-eabi/bin/../lib/gcc/arm-none-eabi/12.2.1/../../../../arm-none-eabi/lib/thumb/v7e-m/nofp/libc.a(libc_a-init.o)
 .ARM.attributes
                0x00000000000004bd       0x2e /Applications/ArmGNUToolchain/12.2.rel1/arm-none-eabi/bin/../lib/gcc/arm-none-eabi/12.2.1/../../../../arm-none-eabi/lib/thumb/v7e-m/nofp/libc.a(libc_a-lock.o)
 .ARM.attributes
                0x00000000000004eb       0x1c /Applications/ArmGNUToolchain/12.2.rel1/arm-none-eabi/bin/../lib/gcc/arm-none-eabi/12.2.1/../../../../arm-none-eabi/lib/thumb/v7e-m/nofp/libc.a(libc_a-strlen.o)
 .ARM.attributes
                0x0000000000000507       0x2e /Applications/ArmGNUToolchain/12.2.rel1/arm-none-eabi/bin/../lib/gcc/arm-none-eabi/12.2.1/../../../../arm-none-eabi/lib/thumb/v7e-m/nofp/libc.a(libc_a-__call_atexit.o)
 .ARM.attributes
                0x0000000000000535       0x2e /Applications/ArmGNUToolchain/12.2.rel1/arm-none-eabi/bin/../lib/gcc/arm-none-eabi/12.2.1/../../../../arm-none-eabi/lib/thumb/v7e-m/nofp/libc.a(libc_a-atexit.o)
 .ARM.attributes
                0x0000000000000563       0x2e /Applications/ArmGNUToolchain/12.2.rel1/arm-none-eabi/bin/../lib/gcc/arm-none-eabi/12.2.1/../../../../arm-none-eabi/lib/thumb/v7e-m/nofp/libc.a(libc_a-fini.o)
 .ARM.attributes
                0x0000000000000591       0x2e /Applications/ArmGNUToolchain/12.2.rel1/arm-none-eabi/bin/../lib/gcc/arm-none-eabi/12.2.1/../../../../arm-none-eabi/lib/thumb/v7e-m/nofp/libc.a(libc_a-__atexit.o)
 .ARM.attributes
                0x00000000000005bf       0x2e /Applications/ArmGNUToolchain/12.2.rel1/arm-none-eabi/bin/../lib/gcc/arm-none-eabi/12.2.1/thumb/v7e-m/nofp/crtend.o
 .ARM.attributes
                0x00000000000005ed       0x1e /Applications/ArmGNUToolchain/12.2.rel1/arm-none-eabi/bin/../lib/gcc/arm-none-eabi/12.2.1/thumb/v7e-m/nofp/crtn.o
OUTPUT(finalProject.elf elf32-littlearm)
LOAD linker stubs
LOAD /Applications/ArmGNUToolchain/12.2.rel1/arm-none-eabi/bin/../lib/gcc/arm-none-eabi/12.2.1/../../../../arm-none-eabi/lib/thumb/v7e-m/nofp/libc.a
LOAD /Applications/ArmGNUToolchain/12.2.rel1/arm-none-eabi/bin/../lib/gcc/arm-none-eabi/12.2.1/../../../../arm-none-eabi/lib/thumb/v7e-m/nofp/libm.a
LOAD /Applications/ArmGNUToolchain/12.2.rel1/arm-none-eabi/bin/../lib/gcc/arm-none-eabi/12.2.1/thumb/v7e-m/nofp/libgcc.a

.debug_info     0x0000000000000000    0x233e5
 .debug_info    0x0000000000000000     0x128d CMakeFiles/finalProject.elf.dir/Core/Src/LiquidCrystal.c.obj
 .debug_info    0x000000000000128d     0x2b0e CMakeFiles/finalProject.elf.dir/Core/Src/main.c.obj
 .debug_info    0x0000000000003d9b     0x220c CMakeFiles/finalProject.elf.dir/Core/Src/stm32f3xx_hal_msp.c.obj
 .debug_info    0x0000000000005fa7     0x19f7 CMakeFiles/finalProject.elf.dir/Core/Src/stm32f3xx_it.c.obj
 .debug_info    0x000000000000799e      0x246 CMakeFiles/finalProject.elf.dir/Core/Src/system_stm32f3xx.c.obj
 .debug_info    0x0000000000007be4       0x2e CMakeFiles/finalProject.elf.dir/Core/Startup/startup_stm32f303vctx.s.obj
 .debug_info    0x0000000000007c12      0x872 CMakeFiles/finalProject.elf.dir/Drivers/STM32F3xx_HAL_Driver/Src/stm32f3xx_hal.c.obj
 .debug_info    0x0000000000008484      0xb6b CMakeFiles/finalProject.elf.dir/Drivers/STM32F3xx_HAL_Driver/Src/stm32f3xx_hal_adc.c.obj
 .debug_info    0x0000000000008fef     0x1d01 CMakeFiles/finalProject.elf.dir/Drivers/STM32F3xx_HAL_Driver/Src/stm32f3xx_hal_adc_ex.c.obj
 .debug_info    0x000000000000acf0      0xedb CMakeFiles/finalProject.elf.dir/Drivers/STM32F3xx_HAL_Driver/Src/stm32f3xx_hal_cortex.c.obj
 .debug_info    0x000000000000bbcb      0x809 CMakeFiles/finalProject.elf.dir/Drivers/STM32F3xx_HAL_Driver/Src/stm32f3xx_hal_dma.c.obj
 .debug_info    0x000000000000c3d4      0x630 CMakeFiles/finalProject.elf.dir/Drivers/STM32F3xx_HAL_Driver/Src/stm32f3xx_hal_gpio.c.obj
 .debug_info    0x000000000000ca04     0x3d99 CMakeFiles/finalProject.elf.dir/Drivers/STM32F3xx_HAL_Driver/Src/stm32f3xx_hal_i2c.c.obj
 .debug_info    0x000000000001079d      0x827 CMakeFiles/finalProject.elf.dir/Drivers/STM32F3xx_HAL_Driver/Src/stm32f3xx_hal_i2c_ex.c.obj
 .debug_info    0x0000000000010fc4     0x1b65 CMakeFiles/finalProject.elf.dir/Drivers/STM32F3xx_HAL_Driver/Src/stm32f3xx_hal_pcd.c.obj
 .debug_info    0x0000000000012b29     0x15b8 CMakeFiles/finalProject.elf.dir/Drivers/STM32F3xx_HAL_Driver/Src/stm32f3xx_hal_rcc.c.obj
 .debug_info    0x00000000000140e1      0x76b CMakeFiles/finalProject.elf.dir/Drivers/STM32F3xx_HAL_Driver/Src/stm32f3xx_hal_rcc_ex.c.obj
 .debug_info    0x000000000001484c     0x2072 CMakeFiles/finalProject.elf.dir/Drivers/STM32F3xx_HAL_Driver/Src/stm32f3xx_hal_spi.c.obj
 .debug_info    0x00000000000168be     0x3c25 CMakeFiles/finalProject.elf.dir/Drivers/STM32F3xx_HAL_Driver/Src/stm32f3xx_hal_tim.c.obj
 .debug_info    0x000000000001a4e3     0x1b31 CMakeFiles/finalProject.elf.dir/Drivers/STM32F3xx_HAL_Driver/Src/stm32f3xx_hal_tim_ex.c.obj
 .debug_info    0x000000000001c014     0x4d33 CMakeFiles/finalProject.elf.dir/Drivers/STM32F3xx_HAL_Driver/Src/stm32f3xx_hal_uart.c.obj
 .debug_info    0x0000000000020d47      0xe4b CMakeFiles/finalProject.elf.dir/Drivers/STM32F3xx_HAL_Driver/Src/stm32f3xx_hal_uart_ex.c.obj
 .debug_info    0x0000000000021b92     0x1853 CMakeFiles/finalProject.elf.dir/Drivers/STM32F3xx_HAL_Driver/Src/stm32f3xx_ll_usb.c.obj

.debug_abbrev   0x0000000000000000     0x3859
 .debug_abbrev  0x0000000000000000      0x364 CMakeFiles/finalProject.elf.dir/Core/Src/LiquidCrystal.c.obj
 .debug_abbrev  0x0000000000000364      0x2ff CMakeFiles/finalProject.elf.dir/Core/Src/main.c.obj
 .debug_abbrev  0x0000000000000663      0x242 CMakeFiles/finalProject.elf.dir/Core/Src/stm32f3xx_hal_msp.c.obj
 .debug_abbrev  0x00000000000008a5      0x2c2 CMakeFiles/finalProject.elf.dir/Core/Src/stm32f3xx_it.c.obj
 .debug_abbrev  0x0000000000000b67      0x120 CMakeFiles/finalProject.elf.dir/Core/Src/system_stm32f3xx.c.obj
 .debug_abbrev  0x0000000000000c87       0x1d CMakeFiles/finalProject.elf.dir/Core/Startup/startup_stm32f303vctx.s.obj
 .debug_abbrev  0x0000000000000ca4      0x241 CMakeFiles/finalProject.elf.dir/Drivers/STM32F3xx_HAL_Driver/Src/stm32f3xx_hal.c.obj
 .debug_abbrev  0x0000000000000ee5      0x199 CMakeFiles/finalProject.elf.dir/Drivers/STM32F3xx_HAL_Driver/Src/stm32f3xx_hal_adc.c.obj
 .debug_abbrev  0x000000000000107e      0x2f6 CMakeFiles/finalProject.elf.dir/Drivers/STM32F3xx_HAL_Driver/Src/stm32f3xx_hal_adc_ex.c.obj
 .debug_abbrev  0x0000000000001374      0x39d CMakeFiles/finalProject.elf.dir/Drivers/STM32F3xx_HAL_Driver/Src/stm32f3xx_hal_cortex.c.obj
 .debug_abbrev  0x0000000000001711      0x235 CMakeFiles/finalProject.elf.dir/Drivers/STM32F3xx_HAL_Driver/Src/stm32f3xx_hal_dma.c.obj
 .debug_abbrev  0x0000000000001946      0x1f8 CMakeFiles/finalProject.elf.dir/Drivers/STM32F3xx_HAL_Driver/Src/stm32f3xx_hal_gpio.c.obj
 .debug_abbrev  0x0000000000001b3e      0x291 CMakeFiles/finalProject.elf.dir/Drivers/STM32F3xx_HAL_Driver/Src/stm32f3xx_hal_i2c.c.obj
 .debug_abbrev  0x0000000000001dcf      0x1c6 CMakeFiles/finalProject.elf.dir/Drivers/STM32F3xx_HAL_Driver/Src/stm32f3xx_hal_i2c_ex.c.obj
 .debug_abbrev  0x0000000000001f95      0x30d CMakeFiles/finalProject.elf.dir/Drivers/STM32F3xx_HAL_Driver/Src/stm32f3xx_hal_pcd.c.obj
 .debug_abbrev  0x00000000000022a2      0x320 CMakeFiles/finalProject.elf.dir/Drivers/STM32F3xx_HAL_Driver/Src/stm32f3xx_hal_rcc.c.obj
 .debug_abbrev  0x00000000000025c2      0x279 CMakeFiles/finalProject.elf.dir/Drivers/STM32F3xx_HAL_Driver/Src/stm32f3xx_hal_rcc_ex.c.obj
 .debug_abbrev  0x000000000000283b      0x27c CMakeFiles/finalProject.elf.dir/Drivers/STM32F3xx_HAL_Driver/Src/stm32f3xx_hal_spi.c.obj
 .debug_abbrev  0x0000000000002ab7      0x26a CMakeFiles/finalProject.elf.dir/Drivers/STM32F3xx_HAL_Driver/Src/stm32f3xx_hal_tim.c.obj
 .debug_abbrev  0x0000000000002d21      0x268 CMakeFiles/finalProject.elf.dir/Drivers/STM32F3xx_HAL_Driver/Src/stm32f3xx_hal_tim_ex.c.obj
 .debug_abbrev  0x0000000000002f89      0x305 CMakeFiles/finalProject.elf.dir/Drivers/STM32F3xx_HAL_Driver/Src/stm32f3xx_hal_uart.c.obj
 .debug_abbrev  0x000000000000328e      0x30b CMakeFiles/finalProject.elf.dir/Drivers/STM32F3xx_HAL_Driver/Src/stm32f3xx_hal_uart_ex.c.obj
 .debug_abbrev  0x0000000000003599      0x2c0 CMakeFiles/finalProject.elf.dir/Drivers/STM32F3xx_HAL_Driver/Src/stm32f3xx_ll_usb.c.obj

.debug_loclists
                0x0000000000000000    0x116a4
 .debug_loclists
                0x0000000000000000      0x5ed CMakeFiles/finalProject.elf.dir/Core/Src/LiquidCrystal.c.obj
 .debug_loclists
                0x00000000000005ed      0x231 CMakeFiles/finalProject.elf.dir/Core/Src/stm32f3xx_hal_msp.c.obj
 .debug_loclists
                0x000000000000081e       0xeb CMakeFiles/finalProject.elf.dir/Core/Src/stm32f3xx_it.c.obj
 .debug_loclists
                0x0000000000000909       0xbc CMakeFiles/finalProject.elf.dir/Core/Src/system_stm32f3xx.c.obj
 .debug_loclists
                0x00000000000009c5       0xc9 CMakeFiles/finalProject.elf.dir/Drivers/STM32F3xx_HAL_Driver/Src/stm32f3xx_hal.c.obj
 .debug_loclists
                0x0000000000000a8e      0x165 CMakeFiles/finalProject.elf.dir/Drivers/STM32F3xx_HAL_Driver/Src/stm32f3xx_hal_adc.c.obj
 .debug_loclists
                0x0000000000000bf3     0x13cc CMakeFiles/finalProject.elf.dir/Drivers/STM32F3xx_HAL_Driver/Src/stm32f3xx_hal_adc_ex.c.obj
 .debug_loclists
                0x0000000000001fbf      0x439 CMakeFiles/finalProject.elf.dir/Drivers/STM32F3xx_HAL_Driver/Src/stm32f3xx_hal_cortex.c.obj
 .debug_loclists
                0x00000000000023f8      0x4c8 CMakeFiles/finalProject.elf.dir/Drivers/STM32F3xx_HAL_Driver/Src/stm32f3xx_hal_dma.c.obj
 .debug_loclists
                0x00000000000028c0      0x267 CMakeFiles/finalProject.elf.dir/Drivers/STM32F3xx_HAL_Driver/Src/stm32f3xx_hal_gpio.c.obj
 .debug_loclists
                0x0000000000002b27     0x2ce2 CMakeFiles/finalProject.elf.dir/Drivers/STM32F3xx_HAL_Driver/Src/stm32f3xx_hal_i2c.c.obj
 .debug_loclists
                0x0000000000005809      0x11d CMakeFiles/finalProject.elf.dir/Drivers/STM32F3xx_HAL_Driver/Src/stm32f3xx_hal_i2c_ex.c.obj
 .debug_loclists
                0x0000000000005926      0xcc3 CMakeFiles/finalProject.elf.dir/Drivers/STM32F3xx_HAL_Driver/Src/stm32f3xx_hal_pcd.c.obj
 .debug_loclists
                0x00000000000065e9      0x850 CMakeFiles/finalProject.elf.dir/Drivers/STM32F3xx_HAL_Driver/Src/stm32f3xx_hal_rcc.c.obj
 .debug_loclists
                0x0000000000006e39      0x71f CMakeFiles/finalProject.elf.dir/Drivers/STM32F3xx_HAL_Driver/Src/stm32f3xx_hal_rcc_ex.c.obj
 .debug_loclists
                0x0000000000007558     0x1580 CMakeFiles/finalProject.elf.dir/Drivers/STM32F3xx_HAL_Driver/Src/stm32f3xx_hal_spi.c.obj
 .debug_loclists
                0x0000000000008ad8     0x364e CMakeFiles/finalProject.elf.dir/Drivers/STM32F3xx_HAL_Driver/Src/stm32f3xx_hal_tim.c.obj
 .debug_loclists
                0x000000000000c126     0x151e CMakeFiles/finalProject.elf.dir/Drivers/STM32F3xx_HAL_Driver/Src/stm32f3xx_hal_tim_ex.c.obj
 .debug_loclists
                0x000000000000d644     0x2b8f CMakeFiles/finalProject.elf.dir/Drivers/STM32F3xx_HAL_Driver/Src/stm32f3xx_hal_uart.c.obj
 .debug_loclists
                0x00000000000101d3      0x61a CMakeFiles/finalProject.elf.dir/Drivers/STM32F3xx_HAL_Driver/Src/stm32f3xx_hal_uart_ex.c.obj
 .debug_loclists
                0x00000000000107ed      0xeb7 CMakeFiles/finalProject.elf.dir/Drivers/STM32F3xx_HAL_Driver/Src/stm32f3xx_ll_usb.c.obj

.debug_aranges  0x0000000000000000     0x16f8
 .debug_aranges
                0x0000000000000000       0xf8 CMakeFiles/finalProject.elf.dir/Core/Src/LiquidCrystal.c.obj
 .debug_aranges
                0x00000000000000f8       0x78 CMakeFiles/finalProject.elf.dir/Core/Src/main.c.obj
 .debug_aranges
                0x0000000000000170       0x88 CMakeFiles/finalProject.elf.dir/Core/Src/stm32f3xx_hal_msp.c.obj
 .debug_aranges
                0x00000000000001f8       0xa8 CMakeFiles/finalProject.elf.dir/Core/Src/stm32f3xx_it.c.obj
 .debug_aranges
                0x00000000000002a0       0x28 CMakeFiles/finalProject.elf.dir/Core/Src/system_stm32f3xx.c.obj
 .debug_aranges
                0x00000000000002c8       0x28 CMakeFiles/finalProject.elf.dir/Core/Startup/startup_stm32f303vctx.s.obj
 .debug_aranges
                0x00000000000002f0       0xe0 CMakeFiles/finalProject.elf.dir/Drivers/STM32F3xx_HAL_Driver/Src/stm32f3xx_hal.c.obj
 .debug_aranges
                0x00000000000003d0       0xc8 CMakeFiles/finalProject.elf.dir/Drivers/STM32F3xx_HAL_Driver/Src/stm32f3xx_hal_adc.c.obj
 .debug_aranges
                0x0000000000000498      0x168 CMakeFiles/finalProject.elf.dir/Drivers/STM32F3xx_HAL_Driver/Src/stm32f3xx_hal_adc_ex.c.obj
 .debug_aranges
                0x0000000000000600       0xd8 CMakeFiles/finalProject.elf.dir/Drivers/STM32F3xx_HAL_Driver/Src/stm32f3xx_hal_cortex.c.obj
 .debug_aranges
                0x00000000000006d8       0x88 CMakeFiles/finalProject.elf.dir/Drivers/STM32F3xx_HAL_Driver/Src/stm32f3xx_hal_dma.c.obj
 .debug_aranges
                0x0000000000000760       0x58 CMakeFiles/finalProject.elf.dir/Drivers/STM32F3xx_HAL_Driver/Src/stm32f3xx_hal_gpio.c.obj
 .debug_aranges
                0x00000000000007b8      0x290 CMakeFiles/finalProject.elf.dir/Drivers/STM32F3xx_HAL_Driver/Src/stm32f3xx_hal_i2c.c.obj
 .debug_aranges
                0x0000000000000a48       0x48 CMakeFiles/finalProject.elf.dir/Drivers/STM32F3xx_HAL_Driver/Src/stm32f3xx_hal_i2c_ex.c.obj
 .debug_aranges
                0x0000000000000a90      0x138 CMakeFiles/finalProject.elf.dir/Drivers/STM32F3xx_HAL_Driver/Src/stm32f3xx_hal_pcd.c.obj
 .debug_aranges
                0x0000000000000bc8       0x88 CMakeFiles/finalProject.elf.dir/Drivers/STM32F3xx_HAL_Driver/Src/stm32f3xx_hal_rcc.c.obj
 .debug_aranges
                0x0000000000000c50       0x38 CMakeFiles/finalProject.elf.dir/Drivers/STM32F3xx_HAL_Driver/Src/stm32f3xx_hal_rcc_ex.c.obj
 .debug_aranges
                0x0000000000000c88      0x1d8 CMakeFiles/finalProject.elf.dir/Drivers/STM32F3xx_HAL_Driver/Src/stm32f3xx_hal_spi.c.obj
 .debug_aranges
                0x0000000000000e60      0x3e0 CMakeFiles/finalProject.elf.dir/Drivers/STM32F3xx_HAL_Driver/Src/stm32f3xx_hal_tim.c.obj
 .debug_aranges
                0x0000000000001240      0x178 CMakeFiles/finalProject.elf.dir/Drivers/STM32F3xx_HAL_Driver/Src/stm32f3xx_hal_tim_ex.c.obj
 .debug_aranges
                0x00000000000013b8      0x228 CMakeFiles/finalProject.elf.dir/Drivers/STM32F3xx_HAL_Driver/Src/stm32f3xx_hal_uart.c.obj
 .debug_aranges
                0x00000000000015e0       0x68 CMakeFiles/finalProject.elf.dir/Drivers/STM32F3xx_HAL_Driver/Src/stm32f3xx_hal_uart_ex.c.obj
 .debug_aranges
                0x0000000000001648       0xb0 CMakeFiles/finalProject.elf.dir/Drivers/STM32F3xx_HAL_Driver/Src/stm32f3xx_ll_usb.c.obj

.debug_rnglists
                0x0000000000000000     0x1371
 .debug_rnglists
                0x0000000000000000       0xb7 CMakeFiles/finalProject.elf.dir/Core/Src/LiquidCrystal.c.obj
 .debug_rnglists
                0x00000000000000b7       0x59 CMakeFiles/finalProject.elf.dir/Core/Src/main.c.obj
 .debug_rnglists
                0x0000000000000110       0x62 CMakeFiles/finalProject.elf.dir/Core/Src/stm32f3xx_hal_msp.c.obj
 .debug_rnglists
                0x0000000000000172       0x7f CMakeFiles/finalProject.elf.dir/Core/Src/stm32f3xx_it.c.obj
 .debug_rnglists
                0x00000000000001f1       0x1a CMakeFiles/finalProject.elf.dir/Core/Src/system_stm32f3xx.c.obj
 .debug_rnglists
                0x000000000000020b       0x19 CMakeFiles/finalProject.elf.dir/Core/Startup/startup_stm32f303vctx.s.obj
 .debug_rnglists
                0x0000000000000224       0xa3 CMakeFiles/finalProject.elf.dir/Drivers/STM32F3xx_HAL_Driver/Src/stm32f3xx_hal.c.obj
 .debug_rnglists
                0x00000000000002c7       0x91 CMakeFiles/finalProject.elf.dir/Drivers/STM32F3xx_HAL_Driver/Src/stm32f3xx_hal_adc.c.obj
 .debug_rnglists
                0x0000000000000358      0x121 CMakeFiles/finalProject.elf.dir/Drivers/STM32F3xx_HAL_Driver/Src/stm32f3xx_hal_adc_ex.c.obj
 .debug_rnglists
                0x0000000000000479       0x9d CMakeFiles/finalProject.elf.dir/Drivers/STM32F3xx_HAL_Driver/Src/stm32f3xx_hal_cortex.c.obj
 .debug_rnglists
                0x0000000000000516       0x63 CMakeFiles/finalProject.elf.dir/Drivers/STM32F3xx_HAL_Driver/Src/stm32f3xx_hal_dma.c.obj
 .debug_rnglists
                0x0000000000000579       0x3f CMakeFiles/finalProject.elf.dir/Drivers/STM32F3xx_HAL_Driver/Src/stm32f3xx_hal_gpio.c.obj
 .debug_rnglists
                0x00000000000005b8      0x20d CMakeFiles/finalProject.elf.dir/Drivers/STM32F3xx_HAL_Driver/Src/stm32f3xx_hal_i2c.c.obj
 .debug_rnglists
                0x00000000000007c5       0x31 CMakeFiles/finalProject.elf.dir/Drivers/STM32F3xx_HAL_Driver/Src/stm32f3xx_hal_i2c_ex.c.obj
 .debug_rnglists
                0x00000000000007f6      0x166 CMakeFiles/finalProject.elf.dir/Drivers/STM32F3xx_HAL_Driver/Src/stm32f3xx_hal_pcd.c.obj
 .debug_rnglists
                0x000000000000095c       0x79 CMakeFiles/finalProject.elf.dir/Drivers/STM32F3xx_HAL_Driver/Src/stm32f3xx_hal_rcc.c.obj
 .debug_rnglists
                0x00000000000009d5       0x28 CMakeFiles/finalProject.elf.dir/Drivers/STM32F3xx_HAL_Driver/Src/stm32f3xx_hal_rcc_ex.c.obj
 .debug_rnglists
                0x00000000000009fd      0x171 CMakeFiles/finalProject.elf.dir/Drivers/STM32F3xx_HAL_Driver/Src/stm32f3xx_hal_spi.c.obj
 .debug_rnglists
                0x0000000000000b6e      0x312 CMakeFiles/finalProject.elf.dir/Drivers/STM32F3xx_HAL_Driver/Src/stm32f3xx_hal_tim.c.obj
 .debug_rnglists
                0x0000000000000e80      0x128 CMakeFiles/finalProject.elf.dir/Drivers/STM32F3xx_HAL_Driver/Src/stm32f3xx_hal_tim_ex.c.obj
 .debug_rnglists
                0x0000000000000fa8      0x1bc CMakeFiles/finalProject.elf.dir/Drivers/STM32F3xx_HAL_Driver/Src/stm32f3xx_hal_uart.c.obj
 .debug_rnglists
                0x0000000000001164       0x4b CMakeFiles/finalProject.elf.dir/Drivers/STM32F3xx_HAL_Driver/Src/stm32f3xx_hal_uart_ex.c.obj
 .debug_rnglists
                0x00000000000011af      0x1c2 CMakeFiles/finalProject.elf.dir/Drivers/STM32F3xx_HAL_Driver/Src/stm32f3xx_ll_usb.c.obj

.debug_line     0x0000000000000000    0x20bbe
 .debug_line    0x0000000000000000      0xa67 CMakeFiles/finalProject.elf.dir/Core/Src/LiquidCrystal.c.obj
 .debug_line    0x0000000000000a67      0xc21 CMakeFiles/finalProject.elf.dir/Core/Src/main.c.obj
 .debug_line    0x0000000000001688      0x818 CMakeFiles/finalProject.elf.dir/Core/Src/stm32f3xx_hal_msp.c.obj
 .debug_line    0x0000000000001ea0      0x868 CMakeFiles/finalProject.elf.dir/Core/Src/stm32f3xx_it.c.obj
 .debug_line    0x0000000000002708      0x27a CMakeFiles/finalProject.elf.dir/Core/Src/system_stm32f3xx.c.obj
 .debug_line    0x0000000000002982       0x7a CMakeFiles/finalProject.elf.dir/Core/Startup/startup_stm32f303vctx.s.obj
 .debug_line    0x00000000000029fc      0x5ec CMakeFiles/finalProject.elf.dir/Drivers/STM32F3xx_HAL_Driver/Src/stm32f3xx_hal.c.obj
 .debug_line    0x0000000000002fe8      0x4cc CMakeFiles/finalProject.elf.dir/Drivers/STM32F3xx_HAL_Driver/Src/stm32f3xx_hal_adc.c.obj
 .debug_line    0x00000000000034b4     0x2a5c CMakeFiles/finalProject.elf.dir/Drivers/STM32F3xx_HAL_Driver/Src/stm32f3xx_hal_adc_ex.c.obj
 .debug_line    0x0000000000005f10      0x8a9 CMakeFiles/finalProject.elf.dir/Drivers/STM32F3xx_HAL_Driver/Src/stm32f3xx_hal_cortex.c.obj
 .debug_line    0x00000000000067b9      0xab1 CMakeFiles/finalProject.elf.dir/Drivers/STM32F3xx_HAL_Driver/Src/stm32f3xx_hal_dma.c.obj
 .debug_line    0x000000000000726a      0x71a CMakeFiles/finalProject.elf.dir/Drivers/STM32F3xx_HAL_Driver/Src/stm32f3xx_hal_gpio.c.obj
 .debug_line    0x0000000000007984     0x4a27 CMakeFiles/finalProject.elf.dir/Drivers/STM32F3xx_HAL_Driver/Src/stm32f3xx_hal_i2c.c.obj
 .debug_line    0x000000000000c3ab      0x58d CMakeFiles/finalProject.elf.dir/Drivers/STM32F3xx_HAL_Driver/Src/stm32f3xx_hal_i2c_ex.c.obj
 .debug_line    0x000000000000c938     0x189a CMakeFiles/finalProject.elf.dir/Drivers/STM32F3xx_HAL_Driver/Src/stm32f3xx_hal_pcd.c.obj
 .debug_line    0x000000000000e1d2     0x1273 CMakeFiles/finalProject.elf.dir/Drivers/STM32F3xx_HAL_Driver/Src/stm32f3xx_hal_rcc.c.obj
 .debug_line    0x000000000000f445      0xba5 CMakeFiles/finalProject.elf.dir/Drivers/STM32F3xx_HAL_Driver/Src/stm32f3xx_hal_rcc_ex.c.obj
 .debug_line    0x000000000000ffea     0x29f9 CMakeFiles/finalProject.elf.dir/Drivers/STM32F3xx_HAL_Driver/Src/stm32f3xx_hal_spi.c.obj
 .debug_line    0x00000000000129e3     0x4f2a CMakeFiles/finalProject.elf.dir/Drivers/STM32F3xx_HAL_Driver/Src/stm32f3xx_hal_tim.c.obj
 .debug_line    0x000000000001790d     0x1e9a CMakeFiles/finalProject.elf.dir/Drivers/STM32F3xx_HAL_Driver/Src/stm32f3xx_hal_tim_ex.c.obj
 .debug_line    0x00000000000197a7     0x5126 CMakeFiles/finalProject.elf.dir/Drivers/STM32F3xx_HAL_Driver/Src/stm32f3xx_hal_uart.c.obj
 .debug_line    0x000000000001e8cd      0xa7a CMakeFiles/finalProject.elf.dir/Drivers/STM32F3xx_HAL_Driver/Src/stm32f3xx_hal_uart_ex.c.obj
 .debug_line    0x000000000001f347     0x1877 CMakeFiles/finalProject.elf.dir/Drivers/STM32F3xx_HAL_Driver/Src/stm32f3xx_ll_usb.c.obj

.debug_str      0x0000000000000000     0x6c79
 .debug_str     0x0000000000000000      0x4c8 CMakeFiles/finalProject.elf.dir/Core/Src/LiquidCrystal.c.obj
                                        0x54e (size before relaxing)
 .debug_str     0x00000000000004c8     0x1a24 CMakeFiles/finalProject.elf.dir/Core/Src/main.c.obj
                                       0x1e87 (size before relaxing)
 .debug_str     0x0000000000001eec      0x1b7 CMakeFiles/finalProject.elf.dir/Core/Src/stm32f3xx_hal_msp.c.obj
                                       0x1915 (size before relaxing)
 .debug_str     0x00000000000020a3      0x2a0 CMakeFiles/finalProject.elf.dir/Core/Src/stm32f3xx_it.c.obj
                                        0xe89 (size before relaxing)
 .debug_str     0x0000000000002343       0xba CMakeFiles/finalProject.elf.dir/Core/Src/system_stm32f3xx.c.obj
                                        0x2bf (size before relaxing)
 .debug_str     0x00000000000023fd       0x73 CMakeFiles/finalProject.elf.dir/Core/Startup/startup_stm32f303vctx.s.obj
                                         0xb7 (size before relaxing)
 .debug_str     0x0000000000002470      0x2fc CMakeFiles/finalProject.elf.dir/Drivers/STM32F3xx_HAL_Driver/Src/stm32f3xx_hal.c.obj
                                        0x9fd (size before relaxing)
 .debug_str     0x000000000000276c      0x1fb CMakeFiles/finalProject.elf.dir/Drivers/STM32F3xx_HAL_Driver/Src/stm32f3xx_hal_adc.c.obj
                                        0x90a (size before relaxing)
 .debug_str     0x0000000000002967      0x60c CMakeFiles/finalProject.elf.dir/Drivers/STM32F3xx_HAL_Driver/Src/stm32f3xx_hal_adc_ex.c.obj
                                        0xf50 (size before relaxing)
 .debug_str     0x0000000000002f73      0x4a3 CMakeFiles/finalProject.elf.dir/Drivers/STM32F3xx_HAL_Driver/Src/stm32f3xx_hal_cortex.c.obj
                                        0xbad (size before relaxing)
 .debug_str     0x0000000000003416      0x258 CMakeFiles/finalProject.elf.dir/Drivers/STM32F3xx_HAL_Driver/Src/stm32f3xx_hal_dma.c.obj
                                        0x665 (size before relaxing)
 .debug_str     0x000000000000366e      0x112 CMakeFiles/finalProject.elf.dir/Drivers/STM32F3xx_HAL_Driver/Src/stm32f3xx_hal_gpio.c.obj
                                        0x478 (size before relaxing)
 .debug_str     0x0000000000003780      0x890 CMakeFiles/finalProject.elf.dir/Drivers/STM32F3xx_HAL_Driver/Src/stm32f3xx_hal_i2c.c.obj
                                        0xfcb (size before relaxing)
 .debug_str     0x0000000000004010       0xe7 CMakeFiles/finalProject.elf.dir/Drivers/STM32F3xx_HAL_Driver/Src/stm32f3xx_hal_i2c_ex.c.obj
                                        0x828 (size before relaxing)
 .debug_str     0x00000000000040f7      0x505 CMakeFiles/finalProject.elf.dir/Drivers/STM32F3xx_HAL_Driver/Src/stm32f3xx_hal_pcd.c.obj
                                        0xad1 (size before relaxing)
 .debug_str     0x00000000000045fc      0x206 CMakeFiles/finalProject.elf.dir/Drivers/STM32F3xx_HAL_Driver/Src/stm32f3xx_hal_rcc.c.obj
                                        0x6c5 (size before relaxing)
 .debug_str     0x0000000000004802       0xed CMakeFiles/finalProject.elf.dir/Drivers/STM32F3xx_HAL_Driver/Src/stm32f3xx_hal_rcc_ex.c.obj
                                        0x581 (size before relaxing)
 .debug_str     0x00000000000048ef      0x588 CMakeFiles/finalProject.elf.dir/Drivers/STM32F3xx_HAL_Driver/Src/stm32f3xx_hal_spi.c.obj
                                        0xc2a (size before relaxing)
 .debug_str     0x0000000000004e77      0xe50 CMakeFiles/finalProject.elf.dir/Drivers/STM32F3xx_HAL_Driver/Src/stm32f3xx_hal_tim.c.obj
                                       0x1744 (size before relaxing)
 .debug_str     0x0000000000005cc7      0x566 CMakeFiles/finalProject.elf.dir/Drivers/STM32F3xx_HAL_Driver/Src/stm32f3xx_hal_tim_ex.c.obj
                                        0xf9a (size before relaxing)
 .debug_str     0x000000000000622d      0x784 CMakeFiles/finalProject.elf.dir/Drivers/STM32F3xx_HAL_Driver/Src/stm32f3xx_hal_uart.c.obj
                                        0xf20 (size before relaxing)
 .debug_str     0x00000000000069b1      0x1cd CMakeFiles/finalProject.elf.dir/Drivers/STM32F3xx_HAL_Driver/Src/stm32f3xx_hal_uart_ex.c.obj
                                        0x903 (size before relaxing)
 .debug_str     0x0000000000006b7e       0xfb CMakeFiles/finalProject.elf.dir/Drivers/STM32F3xx_HAL_Driver/Src/stm32f3xx_ll_usb.c.obj
                                        0x683 (size before relaxing)

.comment        0x0000000000000000       0x40
 .comment       0x0000000000000000       0x40 CMakeFiles/finalProject.elf.dir/Core/Src/LiquidCrystal.c.obj
                                         0x41 (size before relaxing)
 .comment       0x0000000000000040       0x41 CMakeFiles/finalProject.elf.dir/Core/Src/main.c.obj
 .comment       0x0000000000000040       0x41 CMakeFiles/finalProject.elf.dir/Core/Src/stm32f3xx_hal_msp.c.obj
 .comment       0x0000000000000040       0x41 CMakeFiles/finalProject.elf.dir/Core/Src/stm32f3xx_it.c.obj
 .comment       0x0000000000000040       0x41 CMakeFiles/finalProject.elf.dir/Core/Src/system_stm32f3xx.c.obj
 .comment       0x0000000000000040       0x41 CMakeFiles/finalProject.elf.dir/Drivers/STM32F3xx_HAL_Driver/Src/stm32f3xx_hal.c.obj
 .comment       0x0000000000000040       0x41 CMakeFiles/finalProject.elf.dir/Drivers/STM32F3xx_HAL_Driver/Src/stm32f3xx_hal_adc.c.obj
 .comment       0x0000000000000040       0x41 CMakeFiles/finalProject.elf.dir/Drivers/STM32F3xx_HAL_Driver/Src/stm32f3xx_hal_adc_ex.c.obj
 .comment       0x0000000000000040       0x41 CMakeFiles/finalProject.elf.dir/Drivers/STM32F3xx_HAL_Driver/Src/stm32f3xx_hal_cortex.c.obj
 .comment       0x0000000000000040       0x41 CMakeFiles/finalProject.elf.dir/Drivers/STM32F3xx_HAL_Driver/Src/stm32f3xx_hal_dma.c.obj
 .comment       0x0000000000000040       0x41 CMakeFiles/finalProject.elf.dir/Drivers/STM32F3xx_HAL_Driver/Src/stm32f3xx_hal_gpio.c.obj
 .comment       0x0000000000000040       0x41 CMakeFiles/finalProject.elf.dir/Drivers/STM32F3xx_HAL_Driver/Src/stm32f3xx_hal_i2c.c.obj
 .comment       0x0000000000000040       0x41 CMakeFiles/finalProject.elf.dir/Drivers/STM32F3xx_HAL_Driver/Src/stm32f3xx_hal_i2c_ex.c.obj
 .comment       0x0000000000000040       0x41 CMakeFiles/finalProject.elf.dir/Drivers/STM32F3xx_HAL_Driver/Src/stm32f3xx_hal_pcd.c.obj
 .comment       0x0000000000000040       0x41 CMakeFiles/finalProject.elf.dir/Drivers/STM32F3xx_HAL_Driver/Src/stm32f3xx_hal_rcc.c.obj
 .comment       0x0000000000000040       0x41 CMakeFiles/finalProject.elf.dir/Drivers/STM32F3xx_HAL_Driver/Src/stm32f3xx_hal_rcc_ex.c.obj
 .comment       0x0000000000000040       0x41 CMakeFiles/finalProject.elf.dir/Drivers/STM32F3xx_HAL_Driver/Src/stm32f3xx_hal_spi.c.obj
 .comment       0x0000000000000040       0x41 CMakeFiles/finalProject.elf.dir/Drivers/STM32F3xx_HAL_Driver/Src/stm32f3xx_hal_tim.c.obj
 .comment       0x0000000000000040       0x41 CMakeFiles/finalProject.elf.dir/Drivers/STM32F3xx_HAL_Driver/Src/stm32f3xx_hal_tim_ex.c.obj
 .comment       0x0000000000000040       0x41 CMakeFiles/finalProject.elf.dir/Drivers/STM32F3xx_HAL_Driver/Src/stm32f3xx_hal_uart.c.obj
 .comment       0x0000000000000040       0x41 CMakeFiles/finalProject.elf.dir/Drivers/STM32F3xx_HAL_Driver/Src/stm32f3xx_hal_uart_ex.c.obj
 .comment       0x0000000000000040       0x41 CMakeFiles/finalProject.elf.dir/Drivers/STM32F3xx_HAL_Driver/Src/stm32f3xx_ll_usb.c.obj

.debug_frame    0x0000000000000000     0x4264
 .debug_frame   0x0000000000000000      0x2ec CMakeFiles/finalProject.elf.dir/Core/Src/LiquidCrystal.c.obj
 .debug_frame   0x00000000000002ec      0x160 CMakeFiles/finalProject.elf.dir/Core/Src/main.c.obj
 .debug_frame   0x000000000000044c      0x19c CMakeFiles/finalProject.elf.dir/Core/Src/stm32f3xx_hal_msp.c.obj
 .debug_frame   0x00000000000005e8      0x184 CMakeFiles/finalProject.elf.dir/Core/Src/stm32f3xx_it.c.obj
 .debug_frame   0x000000000000076c       0x30 CMakeFiles/finalProject.elf.dir/Core/Src/system_stm32f3xx.c.obj
 .debug_frame   0x000000000000079c      0x1cc CMakeFiles/finalProject.elf.dir/Drivers/STM32F3xx_HAL_Driver/Src/stm32f3xx_hal.c.obj
 .debug_frame   0x0000000000000968      0x170 CMakeFiles/finalProject.elf.dir/Drivers/STM32F3xx_HAL_Driver/Src/stm32f3xx_hal_adc.c.obj
 .debug_frame   0x0000000000000ad8      0x4d4 CMakeFiles/finalProject.elf.dir/Drivers/STM32F3xx_HAL_Driver/Src/stm32f3xx_hal_adc_ex.c.obj
 .debug_frame   0x0000000000000fac      0x1cc CMakeFiles/finalProject.elf.dir/Drivers/STM32F3xx_HAL_Driver/Src/stm32f3xx_hal_cortex.c.obj
 .debug_frame   0x0000000000001178      0x160 CMakeFiles/finalProject.elf.dir/Drivers/STM32F3xx_HAL_Driver/Src/stm32f3xx_hal_dma.c.obj
 .debug_frame   0x00000000000012d8       0xd0 CMakeFiles/finalProject.elf.dir/Drivers/STM32F3xx_HAL_Driver/Src/stm32f3xx_hal_gpio.c.obj
 .debug_frame   0x00000000000013a8      0x934 CMakeFiles/finalProject.elf.dir/Drivers/STM32F3xx_HAL_Driver/Src/stm32f3xx_hal_i2c.c.obj
 .debug_frame   0x0000000000001cdc       0x80 CMakeFiles/finalProject.elf.dir/Drivers/STM32F3xx_HAL_Driver/Src/stm32f3xx_hal_i2c_ex.c.obj
 .debug_frame   0x0000000000001d5c      0x338 CMakeFiles/finalProject.elf.dir/Drivers/STM32F3xx_HAL_Driver/Src/stm32f3xx_hal_pcd.c.obj
 .debug_frame   0x0000000000002094      0x16c CMakeFiles/finalProject.elf.dir/Drivers/STM32F3xx_HAL_Driver/Src/stm32f3xx_hal_rcc.c.obj
 .debug_frame   0x0000000000002200       0x7c CMakeFiles/finalProject.elf.dir/Drivers/STM32F3xx_HAL_Driver/Src/stm32f3xx_hal_rcc_ex.c.obj
 .debug_frame   0x000000000000227c      0x5d8 CMakeFiles/finalProject.elf.dir/Drivers/STM32F3xx_HAL_Driver/Src/stm32f3xx_hal_spi.c.obj
 .debug_frame   0x0000000000002854      0xb48 CMakeFiles/finalProject.elf.dir/Drivers/STM32F3xx_HAL_Driver/Src/stm32f3xx_hal_tim.c.obj
 .debug_frame   0x000000000000339c      0x444 CMakeFiles/finalProject.elf.dir/Drivers/STM32F3xx_HAL_Driver/Src/stm32f3xx_hal_tim_ex.c.obj
 .debug_frame   0x00000000000037e0      0x600 CMakeFiles/finalProject.elf.dir/Drivers/STM32F3xx_HAL_Driver/Src/stm32f3xx_hal_uart.c.obj
 .debug_frame   0x0000000000003de0      0x128 CMakeFiles/finalProject.elf.dir/Drivers/STM32F3xx_HAL_Driver/Src/stm32f3xx_hal_uart_ex.c.obj
 .debug_frame   0x0000000000003f08      0x170 CMakeFiles/finalProject.elf.dir/Drivers/STM32F3xx_HAL_Driver/Src/stm32f3xx_ll_usb.c.obj
 .debug_frame   0x0000000000004078       0x2c /Applications/ArmGNUToolchain/12.2.rel1/arm-none-eabi/bin/../lib/gcc/arm-none-eabi/12.2.1/../../../../arm-none-eabi/lib/thumb/v7e-m/nofp/libc.a(libc_a-memset.o)
 .debug_frame   0x00000000000040a4       0x2c /Applications/ArmGNUToolchain/12.2.rel1/arm-none-eabi/bin/../lib/gcc/arm-none-eabi/12.2.1/../../../../arm-none-eabi/lib/thumb/v7e-m/nofp/libc.a(libc_a-init.o)
 .debug_frame   0x00000000000040d0       0xb0 /Applications/ArmGNUToolchain/12.2.rel1/arm-none-eabi/bin/../lib/gcc/arm-none-eabi/12.2.1/../../../../arm-none-eabi/lib/thumb/v7e-m/nofp/libc.a(libc_a-lock.o)
 .debug_frame   0x0000000000004180       0x5c /Applications/ArmGNUToolchain/12.2.rel1/arm-none-eabi/bin/../lib/gcc/arm-none-eabi/12.2.1/../../../../arm-none-eabi/lib/thumb/v7e-m/nofp/libc.a(libc_a-__call_atexit.o)
 .debug_frame   0x00000000000041dc       0x20 /Applications/ArmGNUToolchain/12.2.rel1/arm-none-eabi/bin/../lib/gcc/arm-none-eabi/12.2.1/../../../../arm-none-eabi/lib/thumb/v7e-m/nofp/libc.a(libc_a-atexit.o)
 .debug_frame   0x00000000000041fc       0x34 /Applications/ArmGNUToolchain/12.2.rel1/arm-none-eabi/bin/../lib/gcc/arm-none-eabi/12.2.1/../../../../arm-none-eabi/lib/thumb/v7e-m/nofp/libc.a(libc_a-fini.o)
 .debug_frame   0x0000000000004230       0x34 /Applications/ArmGNUToolchain/12.2.rel1/arm-none-eabi/bin/../lib/gcc/arm-none-eabi/12.2.1/../../../../arm-none-eabi/lib/thumb/v7e-m/nofp/libc.a(libc_a-__atexit.o)

.debug_line_str
                0x0000000000000000      0x183
 .debug_line_str
                0x0000000000000000       0x9b CMakeFiles/finalProject.elf.dir/Core/Startup/startup_stm32f303vctx.s.obj
 .debug_line_str